[sunscar-dunes-r1   3.0s] phase loading
[sunscar-dunes-r1   7.5s] loaded in 4.6 s
[sunscar-dunes-r1   7.6s] verified runtime 744cf67-muzj91re/sunscar-dunes
[sunscar-dunes-r1  10.6s] loading median 0.220 GB; spread 0.219–0.221 GB (0.9%)
[sunscar-dunes-r1  10.6s] phase play
[sunscar-dunes-r1  43.6s] play median 0.211 GB; spread 0.211–0.211 GB (0.0%)
[sunscar-dunes-r1  43.6s] phase menu
[sunscar-dunes-r1  46.7s] phase explorer
[sunscar-dunes-r1  82.8s] explorer median 0.222 GB; spread 0.221–0.222 GB (0.0%)
[sunscar-dunes-r1  82.8s] explorer: ALT 25 m · x 12 z 82 · HDG 249°
30 fps · 42 calls · 0.20 M tris; still held in JS: {"geometryBytes":7586424,"instancedBytes":17088,"textureImageBytes":196636,"skippedAccessors":555,"arrays":852,"textures":22,"gpu":{"geometries":237,"textures":58},"calls":42}
[sunscar-dunes-r1  82.8s] phase done
[sunscar-dunes-r2   3.0s] phase loading
[sunscar-dunes-r2   6.3s] loaded in 3.3 s
[sunscar-dunes-r2   6.3s] verified runtime 744cf67-muzj91re/sunscar-dunes
[sunscar-dunes-r2   9.3s] loading median 0.233 GB; spread 0.226–0.233 GB (3.2%)
[sunscar-dunes-r2   9.3s] phase play
[sunscar-dunes-r2  42.4s] play median 0.222 GB; spread 0.222–0.223 GB (0.1%)
[sunscar-dunes-r2  42.4s] phase menu
[sunscar-dunes-r2  45.4s] phase explorer
[sunscar-dunes-r2  81.6s] explorer median 0.232 GB; spread 0.232–0.232 GB (0.0%)
[sunscar-dunes-r2  81.6s] explorer: ALT 25 m · x 12 z 82 · HDG 249°
30 fps · 42 calls · 0.20 M tris; still held in JS: {"geometryBytes":7586424,"instancedBytes":17088,"textureImageBytes":196636,"skippedAccessors":555,"arrays":852,"textures":22,"gpu":{"geometries":237,"textures":58},"calls":42}
[sunscar-dunes-r2  81.6s] phase done
[sunscar-dunes-r3   3.0s] phase loading
[sunscar-dunes-r3   6.0s] loaded in 3.1 s
[sunscar-dunes-r3   6.0s] verified runtime 744cf67-muzj91re/sunscar-dunes
[sunscar-dunes-r3   9.1s] loading median 0.228 GB; spread 0.223–0.230 GB (3.5%)
[sunscar-dunes-r3   9.1s] phase play
[sunscar-dunes-r3  42.1s] play median 0.220 GB; spread 0.220–0.221 GB (0.1%)
[sunscar-dunes-r3  42.1s] phase menu
[sunscar-dunes-r3  45.1s] phase explorer
[sunscar-dunes-r3  81.3s] explorer median 0.227 GB; spread 0.227–0.227 GB (0.0%)
[sunscar-dunes-r3  81.3s] explorer: ALT 25 m · x 12 z 82 · HDG 249°
30 fps · 42 calls · 0.20 M tris; still held in JS: {"geometryBytes":7586424,"instancedBytes":17088,"textureImageBytes":196636,"skippedAccessors":555,"arrays":852,"textures":22,"gpu":{"geometries":237,"textures":58},"calls":42}
[sunscar-dunes-r3  81.3s] phase done
| Build | Run | Loading, native / Inspector (cap 1.8) | Play, native / Inspector | Explorer, native / Inspector (cap 1.0) | GPU process | JS-held at the end (geometry / textures) |
| --- | --- | --- | --- | --- | --- | --- |
| sunscar-dunes | 1 | 0.220 / 0.296 (spread 0.219–0.221, 0.9%) | 0.211 / 0.302 (spread 0.211–0.211, 0.0%) | 0.222 / 0.318 (spread 0.221–0.222, 0.0%) | 0.123 | 8 MB / 0 MB |
| sunscar-dunes | 2 | 0.233 / 0.300 (spread 0.226–0.233, 3.2%) | 0.222 / 0.306 (spread 0.222–0.223, 0.1%) | 0.232 / 0.312 (spread 0.232–0.232, 0.0%) | 0.124 | 8 MB / 0 MB |
| sunscar-dunes | 3 | 0.228 / 0.292 (spread 0.223–0.230, 3.5%) | 0.220 / 0.310 (spread 0.220–0.221, 0.1%) | 0.227 / 0.296 (spread 0.227–0.227, 0.0%) | 0.127 | 8 MB / 0 MB |

| Build | mean loading | mean play | mean explorer |
| --- | --- | --- | --- |
| sunscar-dunes | 0.227 / 0.296 | 0.218 / 0.306 | 0.227 / 0.309 |

native/Inspector = median of three one-second samples after each phase's work, their spread beside it. Native phase peaks still enforce absolute caps. Decimal GB. Simulator: a regression check, not phone evidence.

