// Vitest Snapshot v1, https://vitest.dev/guide/snapshot.html

exports[`Driftwood actual enemy placement baseline > keeps seeded crab groups, three palm troops, practice crab and wreck sailor positions > seeded enemies 1`] = `
{
  "animals": [
    {
      "herd": 0,
      "hp": 70,
      "kind": "crab",
      "variant": "big",
      "xyz": [
        -40,
        0,
        -100,
      ],
      "yaw": 2.5595,
    },
    {
      "herd": 0,
      "hp": 25,
      "kind": "crab",
      "variant": "small",
      "xyz": [
        -38.0921,
        0,
        -100.1807,
      ],
      "yaw": 2.2015,
    },
    {
      "herd": 0,
      "hp": 25,
      "kind": "crab",
      "variant": "small",
      "xyz": [
        -37.5257,
        0,
        -101.0756,
      ],
      "yaw": 4.6091,
    },
    {
      "herd": 1,
      "hp": 70,
      "kind": "crab",
      "variant": "big",
      "xyz": [
        40,
        0,
        -100,
      ],
      "yaw": 2.1982,
    },
    {
      "herd": 1,
      "hp": 25,
      "kind": "crab",
      "variant": "small",
      "xyz": [
        38.7605,
        0,
        -101.5908,
      ],
      "yaw": 4.8831,
    },
    {
      "herd": 1,
      "hp": 25,
      "kind": "crab",
      "variant": "small",
      "xyz": [
        42.1846,
        0,
        -98.6593,
      ],
      "yaw": 1.0876,
    },
    {
      "herd": 1,
      "hp": 25,
      "kind": "crab",
      "variant": "small",
      "xyz": [
        38.4667,
        0,
        -98.0784,
      ],
      "yaw": 1.8436,
    },
    {
      "herd": 1,
      "hp": 25,
      "kind": "crab",
      "variant": "small",
      "xyz": [
        41.6843,
        0,
        -101.9255,
      ],
      "yaw": 3.5242,
    },
    {
      "herd": 2,
      "hp": 25,
      "kind": "crab",
      "variant": "small",
      "xyz": [
        0,
        0,
        -200,
      ],
      "yaw": 0,
    },
    {
      "herd": 3,
      "hp": 30,
      "kind": "monkey",
      "variant": "monkey",
      "xyz": [
        -150,
        0,
        100,
      ],
      "yaw": 0.7157,
    },
    {
      "herd": 3,
      "hp": 30,
      "kind": "monkey",
      "variant": "monkey",
      "xyz": [
        -148,
        0,
        100,
      ],
      "yaw": 3.0226,
    },
    {
      "herd": 3,
      "hp": 30,
      "kind": "monkey",
      "variant": "monkey",
      "xyz": [
        -146,
        0,
        100,
      ],
      "yaw": 0.5652,
    },
    {
      "herd": 3,
      "hp": 30,
      "kind": "monkey",
      "variant": "monkey",
      "xyz": [
        -144,
        0,
        100,
      ],
      "yaw": 6.2236,
    },
    {
      "herd": 4,
      "hp": 30,
      "kind": "monkey",
      "variant": "monkey",
      "xyz": [
        0,
        0,
        100,
      ],
      "yaw": 5.9995,
    },
    {
      "herd": 4,
      "hp": 30,
      "kind": "monkey",
      "variant": "monkey",
      "xyz": [
        2,
        0,
        100,
      ],
      "yaw": 1.487,
    },
    {
      "herd": 4,
      "hp": 30,
      "kind": "monkey",
      "variant": "monkey",
      "xyz": [
        4,
        0,
        100,
      ],
      "yaw": 0.0781,
    },
    {
      "herd": 4,
      "hp": 30,
      "kind": "monkey",
      "variant": "monkey",
      "xyz": [
        6,
        0,
        100,
      ],
      "yaw": 1.1263,
    },
    {
      "herd": 5,
      "hp": 30,
      "kind": "monkey",
      "variant": "monkey",
      "xyz": [
        150,
        0,
        100,
      ],
      "yaw": 5.4561,
    },
    {
      "herd": 5,
      "hp": 30,
      "kind": "monkey",
      "variant": "monkey",
      "xyz": [
        152,
        0,
        100,
      ],
      "yaw": 0.1755,
    },
    {
      "herd": 5,
      "hp": 45,
      "kind": "monkey",
      "variant": "elder",
      "xyz": [
        154,
        0,
        100,
      ],
      "yaw": 3.8572,
    },
    {
      "herd": -1,
      "hp": 60,
      "kind": "sailor",
      "variant": "sailor",
      "xyz": [
        153.4882,
        0,
        -0.2026,
      ],
      "yaw": 5.8416,
    },
  ],
  "hold": {
    "floorAt": [Function],
    "guardR": 8,
    "r": 7.5,
    "x": 154.36761561674825,
    "z": -0.893030854454596,
  },
  "placed": {
    "crabGroups": 2,
    "crabs": 9,
    "monkeys": 11,
    "sailors": 1,
    "troops": 3,
  },
}
`;
