// Vitest Snapshot v1, https://vitest.dev/guide/snapshot.html

exports[`variant random-stream parity > retains seeded rolls and the legendary reroll random consumption > seed 1337 before WeightedTable 1`] = `
{
  "bear": [
    {
      "exclude": false,
      "next": 0.5986086630728096,
      "variants": [
        "black",
        "black",
        "brown",
        "brown",
        "black-blaze",
        "black-blaze",
        "black-blaze",
        "black-blaze",
        "black-blaze",
        "black-blaze",
        "brown",
        "black",
        "black-blaze",
        "black-blaze",
        "black",
        "brown",
        "brown",
        "black-old",
        "brown",
        "black",
        "black",
        "black",
        "black-blaze",
        "black",
        "black-blaze",
        "brown",
        "brown",
        "black",
        "black",
        "brown",
        "black",
        "brown",
        "black",
        "brown",
        "black",
        "brown",
        "black-blaze",
        "black-blaze",
        "black",
        "black",
        "black",
        "black",
        "black",
        "brown",
        "black",
        "brown",
        "black-blaze",
        "black-blaze",
        "black-old",
        "brown-old",
        "brown",
        "black",
        "black",
        "black",
        "black",
        "black",
        "black",
        "black",
        "black",
        "black",
        "black",
        "brown",
        "black-blaze",
        "black-blaze",
      ],
    },
    {
      "exclude": true,
      "next": 0.4433610497508198,
      "variants": [
        "brown",
        "black",
        "black",
        "black",
        "brown",
        "black",
        "black",
        "black-blaze",
        "brown",
        "brown",
        "brown",
        "black-old",
        "black",
        "black-old",
        "brown",
        "black",
        "black-blaze",
        "brown",
        "brown",
        "brown-old",
        "brown",
        "brown",
        "black-blaze",
        "black",
        "black",
        "black-blaze",
        "brown",
        "black-old",
        "black",
        "brown",
        "black",
        "black",
        "black-blaze",
        "brown",
        "black-old",
        "black",
        "black",
        "black-blaze",
        "brown",
        "black-blaze",
        "brown",
        "black",
        "brown",
        "black-blaze",
        "black-blaze",
        "brown",
        "black",
        "brown",
        "black",
        "black",
        "black-blaze",
        "brown",
        "brown",
        "brown",
        "black",
        "brown",
        "black-blaze",
        "brown",
        "black",
        "black-blaze",
        "black-blaze",
        "black-old",
        "black",
        "black",
      ],
    },
  ],
  "boar": [
    {
      "exclude": false,
      "next": 0.5986086630728096,
      "variants": [
        "boar",
        "boar",
        "black",
        "sow",
        "boar",
        "boar",
        "sow",
        "sow",
        "sow",
        "sow",
        "sow",
        "boar",
        "boar",
        "boar",
        "boar",
        "black",
        "sow",
        "big",
        "sow",
        "boar",
        "boar",
        "boar",
        "boar",
        "boar",
        "boar",
        "sow",
        "sow",
        "boar",
        "boar",
        "sow",
        "boar",
        "sow",
        "boar",
        "black",
        "boar",
        "sow",
        "boar",
        "boar",
        "boar",
        "boar",
        "boar",
        "boar",
        "boar",
        "sow",
        "boar",
        "sow",
        "boar",
        "boar",
        "black",
        "big",
        "sow",
        "boar",
        "boar",
        "boar",
        "boar",
        "boar",
        "boar",
        "boar",
        "boar",
        "boar",
        "boar",
        "sow",
        "sow",
        "sow",
      ],
    },
    {
      "exclude": true,
      "next": 0.4433610497508198,
      "variants": [
        "sow",
        "boar",
        "boar",
        "boar",
        "black",
        "boar",
        "boar",
        "sow",
        "sow",
        "sow",
        "sow",
        "black",
        "boar",
        "black",
        "sow",
        "boar",
        "boar",
        "black",
        "black",
        "scarback",
        "sow",
        "sow",
        "boar",
        "boar",
        "boar",
        "boar",
        "sow",
        "big",
        "boar",
        "sow",
        "boar",
        "boar",
        "boar",
        "black",
        "big",
        "boar",
        "boar",
        "boar",
        "sow",
        "sow",
        "sow",
        "boar",
        "sow",
        "boar",
        "boar",
        "sow",
        "boar",
        "sow",
        "boar",
        "boar",
        "boar",
        "sow",
        "sow",
        "sow",
        "boar",
        "sow",
        "boar",
        "sow",
        "boar",
        "boar",
        "boar",
        "big",
        "boar",
        "boar",
      ],
    },
  ],
  "deer": [
    {
      "exclude": false,
      "next": 0.5986086630728096,
      "variants": [
        "hind",
        "hind",
        "white-hind",
        "stag",
        "hind",
        "hind",
        "stag",
        "stag",
        "stag",
        "stag",
        "stag",
        "hind",
        "hind",
        "hind",
        "hind",
        "white-hind",
        "stag",
        "big-stag",
        "stag",
        "hind",
        "hind",
        "hind",
        "hind",
        "hind",
        "hind",
        "stag",
        "stag",
        "hind",
        "hind",
        "stag",
        "hind",
        "stag",
        "hind",
        "white-hind",
        "hind",
        "stag",
        "hind",
        "hind",
        "hind",
        "hind",
        "hind",
        "hind",
        "hind",
        "stag",
        "hind",
        "stag",
        "hind",
        "hind",
        "white-stag",
        "big-stag",
        "stag",
        "hind",
        "hind",
        "hind",
        "hind",
        "hind",
        "hind",
        "hind",
        "hind",
        "hind",
        "hind",
        "stag",
        "stag",
        "stag",
      ],
    },
    {
      "exclude": true,
      "next": 0.4433610497508198,
      "variants": [
        "stag",
        "hind",
        "hind",
        "hind",
        "white-stag",
        "hind",
        "hind",
        "stag",
        "stag",
        "stag",
        "stag",
        "white-stag",
        "hind",
        "white-stag",
        "stag",
        "hind",
        "hind",
        "stag",
        "white-stag",
        "piebald",
        "stag",
        "stag",
        "stag",
        "hind",
        "hind",
        "hind",
        "stag",
        "big-stag",
        "hind",
        "stag",
        "hind",
        "hind",
        "stag",
        "white-hind",
        "big-stag",
        "hind",
        "hind",
        "stag",
        "stag",
        "stag",
        "stag",
        "hind",
        "stag",
        "hind",
        "hind",
        "stag",
        "hind",
        "stag",
        "hind",
        "hind",
        "hind",
        "stag",
        "stag",
        "stag",
        "hind",
        "stag",
        "hind",
        "stag",
        "hind",
        "hind",
        "hind",
        "big-stag",
        "hind",
        "hind",
      ],
    },
  ],
  "elk": [
    {
      "exclude": false,
      "next": 0.5986086630728096,
      "variants": [
        "cow",
        "cow",
        "bull",
        "bull",
        "cow",
        "cow",
        "bull",
        "bull",
        "bull",
        "bull",
        "bull",
        "cow",
        "cow",
        "cow",
        "cow",
        "bull",
        "bull",
        "big-bull",
        "bull",
        "cow",
        "cow",
        "cow",
        "cow",
        "cow",
        "cow",
        "bull",
        "bull",
        "cow",
        "cow",
        "bull",
        "cow",
        "bull",
        "cow",
        "bull",
        "cow",
        "bull",
        "cow",
        "cow",
        "cow",
        "cow",
        "cow",
        "cow",
        "cow",
        "bull",
        "cow",
        "bull",
        "cow",
        "cow",
        "bull",
        "big-bull",
        "bull",
        "cow",
        "cow",
        "cow",
        "cow",
        "cow",
        "cow",
        "cow",
        "cow",
        "cow",
        "cow",
        "bull",
        "bull",
        "bull",
      ],
    },
    {
      "exclude": true,
      "next": 0.4433610497508198,
      "variants": [
        "bull",
        "cow",
        "cow",
        "cow",
        "bull",
        "cow",
        "cow",
        "bull",
        "bull",
        "bull",
        "bull",
        "bull",
        "cow",
        "bull",
        "bull",
        "cow",
        "cow",
        "bull",
        "bull",
        "pale",
        "bull",
        "bull",
        "cow",
        "cow",
        "cow",
        "cow",
        "bull",
        "big-bull",
        "cow",
        "bull",
        "cow",
        "cow",
        "cow",
        "bull",
        "big-bull",
        "cow",
        "cow",
        "cow",
        "bull",
        "bull",
        "bull",
        "cow",
        "bull",
        "cow",
        "cow",
        "bull",
        "cow",
        "bull",
        "cow",
        "cow",
        "cow",
        "bull",
        "bull",
        "bull",
        "cow",
        "bull",
        "cow",
        "bull",
        "cow",
        "cow",
        "cow",
        "big-bull",
        "cow",
        "cow",
      ],
    },
  ],
}
`;
