heavy-lane: queued gate ticket 1035
heavy-lane: acquired gate after 81.16s queue
vercel-gate: 5f37ac4d9 — 6813 files as Vercel sees them; check-css · typecheck · oxlint · bake-check · vitest · vite build (parallel)
  ✓ generated (68 s)
  ✓ platform-ratchets (1 s)
  ✓ gen (2 s)
  ✓ check-css (2 s)
  ✓ gen-check (2 s)
  ✓ shard-coupling (8 s)
  ✓ typecheck (5 s)
  ✓ typecheck-layers (5 s)
  ✓ typecheck-api (0 s)
  ✓ typecheck-scripts (2 s)
  ✓ oxlint (57 s)
  ✓ ratchet (56 s)
  ✓ liveness (0 s)
  ✓ audit-assets (7 s)
  ✓ check-model-sources (0 s)
  ✓ webgpu-inventory (0 s)
  ✓ bake-check (111 s)
  ✓ vitest (121 s)
  ✓ script-conformance (4 s)
  ✓ shardfiles (9 s)
  ✓ vite-build (14 s)
  ✓ assert-devserver (0 s)
  ✓ check-chunks (0 s)
  ✓ shard-platform (3 s)
  ✓ webkit-smoke (11 s)
/Users/raynos/projects/games/wildshard-singleplayer/scripts/vercel-tree-gate.sh: line 136: failed[@]: unbound variable
heavy-lane: finished gate in 127.33s
