// Vitest Snapshot v1, https://vitest.dev/guide/snapshot.html

exports[`the crossbow on the bolt crossbow family keeps its pre-SF36 trace > builds the same viewmodel and plays the same scripted twenty seconds of bolts 1`] = `
{
  "adsPose": {
    "eyeAboveRail": 0.056,
    "limbNdcX": 1.397973812,
    "nutDepth": 0.11,
    "nutNdcY": -0.422825569,
    "peepDepth": 0.12983744,
    "peepR": 0.0105,
    "peepY": 0.079042457,
    "peepZ": 0.1,
    "px": 0,
    "py": -0.056,
    "pz": -0.20068544,
    "rx": 0,
    "scale": 0.70848,
    "tipDepth": 0.389849603,
    "tipNdcY": -0.118452843,
  },
  "built": {
    "children": 13,
    "meshes": [
      {
        "geo": 2314.015542184,
        "mat": [
          {
            "blending": 1,
            "color": "ffffff",
            "depthWrite": true,
            "name": "xbow-wood",
            "opacity": 1,
            "transparent": true,
            "type": "MeshPhysicalMaterial",
          },
        ],
        "order": 1000,
        "verts": 2748,
      },
      {
        "geo": -1028.556001433,
        "mat": [
          {
            "blending": 1,
            "color": "f9d495",
            "depthWrite": true,
            "name": "xbow-brass",
            "opacity": 1,
            "transparent": true,
            "type": "MeshPhysicalMaterial",
          },
        ],
        "order": 1000,
        "verts": 852,
      },
      {
        "geo": -2143.002052295,
        "mat": [
          {
            "blending": 1,
            "color": "868484",
            "depthWrite": true,
            "name": "xbow-iron",
            "opacity": 1,
            "transparent": true,
            "type": "MeshPhysicalMaterial",
          },
        ],
        "order": 1000,
        "verts": 4428,
      },
      {
        "geo": -619.352732275,
        "mat": [
          {
            "blending": 1,
            "color": "c4c4c7",
            "depthWrite": true,
            "name": "xbow-prod",
            "opacity": 1,
            "transparent": true,
            "type": "MeshPhysicalMaterial",
          },
        ],
        "order": 1000,
        "verts": 328,
      },
      {
        "geo": 69.095200001,
        "mat": [
          {
            "blending": 1,
            "color": "ffffff",
            "depthWrite": true,
            "name": "xbow-cord",
            "opacity": 1,
            "transparent": true,
            "type": "MeshPhysicalMaterial",
          },
        ],
        "order": 1000,
        "verts": 46,
      },
      {
        "geo": 69.095200001,
        "mat": [
          {
            "blending": 1,
            "color": "ffffff",
            "depthWrite": true,
            "name": "xbow-cord",
            "opacity": 1,
            "transparent": true,
            "type": "MeshPhysicalMaterial",
          },
        ],
        "order": 1000,
        "verts": 46,
      },
      {
        "geo": 0.117599996,
        "mat": [
          {
            "blending": 1,
            "color": "ffffff",
            "depthWrite": true,
            "name": "xbow-cord",
            "opacity": 1,
            "transparent": true,
            "type": "MeshPhysicalMaterial",
          },
        ],
        "order": 1000,
        "verts": 52,
      },
      {
        "geo": -157.492001541,
        "mat": [
          {
            "blending": 1,
            "color": "ffffff",
            "depthWrite": true,
            "name": "xbow-cord",
            "opacity": 1,
            "transparent": true,
            "type": "MeshPhysicalMaterial",
          },
        ],
        "order": 1000,
        "verts": 64,
      },
      {
        "geo": -1171.012999866,
        "mat": [
          {
            "blending": 1,
            "color": "ffffff",
            "depthWrite": true,
            "name": "xbow-leather",
            "opacity": 1,
            "transparent": true,
            "type": "MeshPhysicalMaterial",
          },
        ],
        "order": 1000,
        "verts": 996,
      },
      {
        "geo": 2868.90200381,
        "mat": [
          {
            "blending": 1,
            "color": "ffffff",
            "depthWrite": true,
            "name": "xbow-leather",
            "opacity": 1,
            "transparent": true,
            "type": "MeshPhysicalMaterial",
          },
        ],
        "order": 1000,
        "verts": 1332,
      },
      {
        "geo": 32.648006395,
        "mat": [
          {
            "blending": 1,
            "color": "ffffff",
            "depthWrite": true,
            "name": "xbow-bolt",
            "opacity": 1,
            "transparent": true,
            "type": "MeshStandardMaterial",
          },
        ],
        "order": 1000,
        "verts": 354,
      },
      {
        "geo": 0.111200001,
        "mat": [
          {
            "blending": 1,
            "color": "3f3f42",
            "depthWrite": true,
            "name": "xbow-peep",
            "opacity": 1,
            "transparent": true,
            "type": "MeshPhysicalMaterial",
          },
        ],
        "order": 1000,
        "verts": 451,
      },
      {
        "geo": 0.06311,
        "mat": [
          {
            "blending": 1,
            "color": "8fe3ff",
            "depthWrite": true,
            "name": "",
            "opacity": 0.85,
            "transparent": true,
            "type": "MeshBasicMaterial",
          },
        ],
        "order": 1000,
        "verts": 287,
      },
      {
        "geo": -36,
        "mat": [
          {
            "blending": 1,
            "color": "3f3f42",
            "depthWrite": true,
            "name": "xbow-peep",
            "opacity": 1,
            "transparent": true,
            "type": "MeshPhysicalMaterial",
          },
        ],
        "order": 1000,
        "verts": 24,
      },
      {
        "geo": 2783.720179897,
        "mat": [
          {
            "blending": 1,
            "color": "ffffff",
            "depthWrite": true,
            "name": "hunter-coat",
            "opacity": 1,
            "transparent": true,
            "type": "MeshPhysicalMaterial",
          },
        ],
        "order": 1000,
        "verts": 2993,
      },
      {
        "geo": -269.681015121,
        "mat": [
          {
            "blending": 1,
            "color": "ffffff",
            "depthWrite": true,
            "name": "hunter-hands",
            "opacity": 1,
            "transparent": true,
            "type": "MeshPhysicalMaterial",
          },
        ],
        "order": 1000,
        "verts": 4191,
      },
      {
        "geo": -175.368066117,
        "mat": [
          {
            "blending": 1,
            "color": "ffffff",
            "depthWrite": true,
            "name": "hunter-hands",
            "opacity": 1,
            "transparent": true,
            "type": "MeshPhysicalMaterial",
          },
        ],
        "order": 1000,
        "verts": 4191,
      },
      {
        "geo": 1357.828620771,
        "mat": [
          {
            "blending": 1,
            "color": "ffffff",
            "depthWrite": true,
            "name": "hunter-coat",
            "opacity": 1,
            "transparent": true,
            "type": "MeshPhysicalMaterial",
          },
        ],
        "order": 1000,
        "verts": 2419,
      },
    ],
  },
  "events": [
    [
      "fire",
    ],
    [
      "damage",
      "dummy",
      51.759168179,
      -0.932362052,
      1.693142438,
      -11.599224369,
      -0.080037517,
      -0.013280478,
      -0.996703379,
    ],
    [
      "hit",
      "dummy",
      false,
      false,
    ],
    [
      "impact",
      "flesh",
      -0.932362052,
      1.693142438,
      -11.599224369,
    ],
    [
      "dry",
    ],
    [
      "reloadStart",
    ],
    [
      "reloadEnd",
    ],
    [
      "fire",
    ],
    [
      "dry",
    ],
    [
      "reloadStart",
    ],
    [
      "impact",
      "wood",
      -7.377353873,
      0.877920842,
      -29.799948397,
    ],
    [
      "reloadEnd",
    ],
    [
      "fire",
    ],
    [
      "dry",
    ],
    [
      "reloadStart",
    ],
    [
      "impact",
      "ground",
      5.7782018,
      1.235657692,
      -29.75997473,
    ],
    [
      "reloadEnd",
    ],
    [
      "fire",
    ],
    [
      "impact",
      "wood",
      2.375068819,
      1.903231685,
      -15.600005803,
    ],
    [
      "dry",
    ],
    [
      "reloadStart",
    ],
    [
      "reloadEnd",
    ],
    [
      "fire",
    ],
    [
      "dry",
    ],
    [
      "reloadStart",
    ],
    [
      "impact",
      "wood",
      -8.11078267,
      1.214043155,
      -29.7999222,
    ],
    [
      "reloadEnd",
    ],
    [
      "fire",
    ],
    [
      "dry",
    ],
    [
      "reloadStart",
    ],
    [
      "impact",
      "wood",
      -0.981697619,
      1.633195951,
      -29.800032519,
    ],
    [
      "reloadEnd",
    ],
    [
      "fire",
    ],
    [
      "dry",
    ],
    [
      "reloadStart",
    ],
    [
      "damage",
      "deer",
      150.897399003,
      5.510555457,
      2.21635045,
      -19.723339766,
      0.268962657,
      -0.013353379,
      -0.963058034,
    ],
    [
      "hit",
      "deer",
      true,
      true,
    ],
    [
      "impact",
      "flesh",
      5.510555457,
      2.21635045,
      -19.723339766,
    ],
    [
      "reloadEnd",
    ],
    [
      "fire",
    ],
    [
      "dry",
    ],
    [
      "reloadStart",
    ],
    [
      "impact",
      "wood",
      -2.382500806,
      2.326965977,
      -29.800000122,
    ],
    [
      "reloadEnd",
    ],
    [
      "fire",
    ],
    [
      "dry",
    ],
    [
      "reloadStart",
    ],
    [
      "impact",
      "wood",
      -8.70405357,
      2.777328471,
      -29.799995483,
    ],
    [
      "reloadEnd",
    ],
    [
      "fire",
    ],
    [
      "dry",
    ],
    [
      "reloadStart",
    ],
    [
      "impact",
      "wood",
      -3.258041785,
      3.219906969,
      -29.799997602,
    ],
    [
      "reloadEnd",
    ],
  ],
  "handsCost": {
    "bytes": 742104,
    "draws": 4,
    "tris": 22528,
    "verts": 13794,
  },
  "last": {
    "aim": null,
    "boat": [
      [
        "Mesh",
        1,
        2.298819373,
        1.90411717,
        -15.466545167,
        -0.074813921,
        -0.010209824,
        0.981176907,
        0.177737207,
        1,
        1,
        0,
        [
          {
            "blending": 1,
            "color": "ffffff",
            "depthWrite": true,
            "name": "xbow-bolt",
            "opacity": 1,
            "transparent": true,
            "type": "MeshStandardMaterial",
          },
        ],
        [
          [
            "Mesh",
            1,
            0,
            0,
            0.180000007,
            0,
            0,
            0,
            1,
            1,
            1,
            1201,
            [
              {
                "blending": 1,
                "color": "ff0000",
                "depthWrite": false,
                "name": "",
                "opacity": 1,
                "transparent": true,
                "type": "MeshBasicMaterial",
              },
            ],
          ],
        ],
      ],
    ],
    "bone": [
      [
        "Mesh",
        1,
        0.078443013,
        0.194935303,
        0.535330591,
        0.03943863,
        -0.009638736,
        0.918686901,
        -0.392894473,
        1,
        1,
        0,
        [
          {
            "blending": 1,
            "color": "ffffff",
            "depthWrite": true,
            "name": "xbow-bolt",
            "opacity": 1,
            "transparent": true,
            "type": "MeshStandardMaterial",
          },
        ],
        [
          [
            "Mesh",
            1,
            0,
            0,
            0.180000007,
            0,
            0,
            0,
            1,
            1,
            1,
            1201,
            [
              {
                "blending": 1,
                "color": "ff0000",
                "depthWrite": false,
                "name": "",
                "opacity": 1,
                "transparent": true,
                "type": "MeshBasicMaterial",
              },
            ],
          ],
        ],
      ],
    ],
    "fov": 93.93919417,
    "i": 1199,
    "inFlight": 0,
    "model": [
      0.094876099,
      -0.584560378,
      -0.539922239,
      -0.514984765,
      0.124245724,
      0.286912172,
      0.70848,
    ],
    "parts": [
      [
        "Mesh",
        1,
        0,
        0,
        0,
        0,
        0,
        0,
        1,
        1,
        1,
        1000,
        [
          {
            "blending": 1,
            "color": "ffffff",
            "depthWrite": true,
            "name": "xbow-wood",
            "opacity": 1,
            "transparent": true,
            "type": "MeshPhysicalMaterial",
          },
        ],
      ],
      [
        "Mesh",
        1,
        0,
        0,
        0,
        0,
        0,
        0,
        1,
        1,
        1,
        1000,
        [
          {
            "blending": 1,
            "color": "f9d495",
            "depthWrite": true,
            "name": "xbow-brass",
            "opacity": 1,
            "transparent": true,
            "type": "MeshPhysicalMaterial",
          },
        ],
      ],
      [
        "Mesh",
        1,
        0,
        0,
        0,
        0,
        0,
        0,
        1,
        1,
        1,
        1000,
        [
          {
            "blending": 1,
            "color": "868484",
            "depthWrite": true,
            "name": "xbow-iron",
            "opacity": 1,
            "transparent": true,
            "type": "MeshPhysicalMaterial",
          },
        ],
      ],
      [
        "Mesh",
        1,
        0,
        0,
        0,
        0,
        0,
        0,
        1,
        1,
        1,
        1000,
        [
          {
            "blending": 1,
            "color": "c4c4c7",
            "depthWrite": true,
            "name": "xbow-prod",
            "opacity": 1,
            "transparent": true,
            "type": "MeshPhysicalMaterial",
          },
        ],
      ],
      [
        "Mesh",
        1,
        -0.335,
        0.004,
        -0.205,
        0.495855478,
        0,
        -0.498833589,
        0.710839219,
        1,
        0.47237591,
        1000,
        [
          {
            "blending": 1,
            "color": "ffffff",
            "depthWrite": true,
            "name": "xbow-cord",
            "opacity": 1,
            "transparent": true,
            "type": "MeshPhysicalMaterial",
          },
        ],
      ],
      [
        "Mesh",
        1,
        0.335,
        0.004,
        -0.205,
        0.495855478,
        -0,
        0.498833589,
        0.710839219,
        1,
        0.47237591,
        1000,
        [
          {
            "blending": 1,
            "color": "ffffff",
            "depthWrite": true,
            "name": "xbow-cord",
            "opacity": 1,
            "transparent": true,
            "type": "MeshPhysicalMaterial",
          },
        ],
      ],
      [
        "Mesh",
        1,
        0,
        0.009,
        0.128,
        0,
        0,
        0,
        1,
        1,
        1,
        1000,
        [
          {
            "blending": 1,
            "color": "ffffff",
            "depthWrite": true,
            "name": "xbow-cord",
            "opacity": 1,
            "transparent": true,
            "type": "MeshPhysicalMaterial",
          },
        ],
      ],
      [
        "Mesh",
        1,
        0,
        0,
        0,
        0,
        0,
        0,
        1,
        1,
        1,
        1000,
        [
          {
            "blending": 1,
            "color": "ffffff",
            "depthWrite": true,
            "name": "xbow-cord",
            "opacity": 1,
            "transparent": true,
            "type": "MeshPhysicalMaterial",
          },
        ],
      ],
      [
        "Mesh",
        1,
        0,
        0,
        0,
        0,
        0,
        0,
        1,
        1,
        1,
        1000,
        [
          {
            "blending": 1,
            "color": "ffffff",
            "depthWrite": true,
            "name": "xbow-leather",
            "opacity": 1,
            "transparent": true,
            "type": "MeshPhysicalMaterial",
          },
        ],
      ],
      [
        "Mesh",
        1,
        0,
        0,
        0,
        0,
        0,
        0,
        1,
        1,
        1,
        1000,
        [
          {
            "blending": 1,
            "color": "ffffff",
            "depthWrite": true,
            "name": "xbow-leather",
            "opacity": 1,
            "transparent": true,
            "type": "MeshPhysicalMaterial",
          },
        ],
      ],
      [
        "Mesh",
        1,
        0,
        0.0095,
        -0.052,
        0,
        0,
        0,
        1,
        1,
        1,
        1000,
        [
          {
            "blending": 1,
            "color": "ffffff",
            "depthWrite": true,
            "name": "xbow-bolt",
            "opacity": 1,
            "transparent": true,
            "type": "MeshStandardMaterial",
          },
        ],
      ],
      [
        "Group",
        0,
        0,
        0.079042457,
        0.1,
        0,
        0,
        0,
        1,
        1,
        1,
        0,
        [
          [
            "Group",
            1,
            0,
            0,
            0,
            0,
            0,
            0,
            1,
            1.48204607,
            1.48204607,
            0,
            [
              [
                "Mesh",
                1,
                0,
                0,
                0,
                0,
                0,
                0,
                1,
                1,
                1,
                1000,
                [
                  {
                    "blending": 1,
                    "color": "3f3f42",
                    "depthWrite": true,
                    "name": "xbow-peep",
                    "opacity": 0.015648021,
                    "transparent": true,
                    "type": "MeshPhysicalMaterial",
                  },
                ],
              ],
              [
                "Mesh",
                1,
                0,
                0,
                0,
                0,
                0,
                0,
                1,
                1,
                1,
                1000,
                [
                  {
                    "blending": 1,
                    "color": "8fe3ff",
                    "depthWrite": true,
                    "name": "",
                    "opacity": 0.015648021,
                    "transparent": true,
                    "type": "MeshBasicMaterial",
                  },
                ],
              ],
            ],
          ],
          [
            "Mesh",
            1,
            0,
            0,
            0,
            0,
            0,
            0,
            1,
            1,
            0.079042457,
            1000,
            [
              {
                "blending": 1,
                "color": "3f3f42",
                "depthWrite": true,
                "name": "xbow-peep",
                "opacity": 0.015648021,
                "transparent": true,
                "type": "MeshPhysicalMaterial",
              },
            ],
          ],
        ],
      ],
      [
        "Group",
        1,
        0,
        0,
        0,
        0,
        0,
        0,
        1,
        1,
        1,
        0,
        [
          [
            "Mesh",
            1,
            -0.041699529,
            -0.106949137,
            -0.03776,
            0.132464378,
            -0,
            0.449568279,
            0.883369431,
            1,
            1,
            1000,
            [
              {
                "blending": 1,
                "color": "ffffff",
                "depthWrite": true,
                "name": "hunter-coat",
                "opacity": 1,
                "transparent": true,
                "type": "MeshPhysicalMaterial",
              },
            ],
          ],
          [
            "Mesh",
            1,
            0.004,
            -0.034,
            -0.04,
            -0.354159612,
            -0.612022033,
            0.612022033,
            0.354159612,
            1,
            1,
            1000,
            [
              {
                "blending": 1,
                "color": "ffffff",
                "depthWrite": true,
                "name": "hunter-hands",
                "opacity": 1,
                "transparent": true,
                "type": "MeshPhysicalMaterial",
              },
            ],
          ],
          [
            "Mesh",
            1,
            0,
            -0.09,
            0.33,
            -0.406160042,
            0.578821234,
            -0.406160042,
            0.578821234,
            1,
            1,
            1000,
            [
              {
                "blending": 1,
                "color": "ffffff",
                "depthWrite": true,
                "name": "hunter-hands",
                "opacity": 1,
                "transparent": true,
                "type": "MeshPhysicalMaterial",
              },
            ],
            [
              [
                "Mesh",
                1,
                0.046823369,
                -0.004975054,
                0.074279212,
                0.716479252,
                0,
                -0.573183401,
                0.397640881,
                1,
                1,
                1000,
                [
                  {
                    "blending": 1,
                    "color": "ffffff",
                    "depthWrite": true,
                    "name": "hunter-coat",
                    "opacity": 1,
                    "transparent": true,
                    "type": "MeshPhysicalMaterial",
                  },
                ],
              ],
            ],
          ],
        ],
      ],
    ],
    "pitch": 0.096,
    "scene": [
      [
        "Group",
        1,
        0.181203481,
        0,
        0,
        0,
        0,
        0,
        1,
        1,
        1,
        0,
        [
          [
            "Mesh",
            1,
            2.298819373,
            1.90411717,
            -15.466545167,
            -0.074813921,
            -0.010209824,
            0.981176907,
            0.177737207,
            1,
            1,
            0,
            [
              {
                "blending": 1,
                "color": "ffffff",
                "depthWrite": true,
                "name": "xbow-bolt",
                "opacity": 1,
                "transparent": true,
                "type": "MeshStandardMaterial",
              },
            ],
            [
              [
                "Mesh",
                1,
                0,
                0,
                0.180000007,
                0,
                0,
                0,
                1,
                1,
                1,
                1201,
                [
                  {
                    "blending": 1,
                    "color": "ff0000",
                    "depthWrite": false,
                    "name": "",
                    "opacity": 1,
                    "transparent": true,
                    "type": "MeshBasicMaterial",
                  },
                ],
              ],
            ],
          ],
        ],
      ],
      [
        "Group",
        1,
        -1,
        1.5,
        -12,
        0,
        0,
        0,
        1,
        1,
        1,
        0,
        [
          [
            "Mesh",
            1,
            0.078443013,
            0.194935303,
            0.535330591,
            0.03943863,
            -0.009638736,
            0.918686901,
            -0.392894473,
            1,
            1,
            0,
            [
              {
                "blending": 1,
                "color": "ffffff",
                "depthWrite": true,
                "name": "xbow-bolt",
                "opacity": 1,
                "transparent": true,
                "type": "MeshStandardMaterial",
              },
            ],
            [
              [
                "Mesh",
                1,
                0,
                0,
                0.180000007,
                0,
                0,
                0,
                1,
                1,
                1,
                1201,
                [
                  {
                    "blending": 1,
                    "color": "ff0000",
                    "depthWrite": false,
                    "name": "",
                    "opacity": 1,
                    "transparent": true,
                    "type": "MeshBasicMaterial",
                  },
                ],
              ],
            ],
          ],
        ],
      ],
      [
        "LineSegments2",
        1,
        0,
        0,
        0,
        0,
        0,
        0,
        1,
        1,
        1,
        1200,
        [
          {
            "blending": 1,
            "color": null,
            "depthWrite": false,
            "name": "",
            "opacity": 0.555555556,
            "transparent": true,
            "type": "LineMaterial",
          },
        ],
        119,
      ],
      [
        "Group",
        1,
        -2.382500806,
        2.326965977,
        -29.800000122,
        0,
        0,
        0,
        1,
        9.595364684,
        9.595364684,
        0,
        [
          [
            "Mesh",
            1,
            0,
            0,
            0,
            0,
            0,
            0,
            1,
            1,
            1,
            1201,
            [
              {
                "blending": 1,
                "color": "ff0000",
                "depthWrite": false,
                "name": "",
                "opacity": 0.555555556,
                "transparent": true,
                "type": "MeshBasicMaterial",
              },
            ],
          ],
          [
            "Mesh",
            1,
            0,
            0,
            0,
            0,
            0,
            0,
            1,
            1,
            1,
            1201,
            [
              {
                "blending": 1,
                "color": "ff0000",
                "depthWrite": false,
                "name": "",
                "opacity": 0.555555556,
                "transparent": true,
                "type": "MeshBasicMaterial",
              },
            ],
          ],
        ],
      ],
      [
        "Points",
        1,
        0,
        0,
        0,
        0,
        0,
        0,
        1,
        1,
        1,
        10,
      ],
      [
        "Mesh",
        1,
        -7.344983515,
        0.886955928,
        -29.669198528,
        0.061678517,
        -0.109256585,
        0.237501408,
        -0.963250663,
        1,
        1,
        0,
        [
          {
            "blending": 1,
            "color": "ffffff",
            "depthWrite": true,
            "name": "xbow-bolt",
            "opacity": 1,
            "transparent": true,
            "type": "MeshStandardMaterial",
          },
        ],
        [
          [
            "Mesh",
            1,
            0,
            0,
            0.180000007,
            0,
            0,
            0,
            1,
            1,
            1,
            1201,
            [
              {
                "blending": 1,
                "color": "ff0000",
                "depthWrite": false,
                "name": "",
                "opacity": 1,
                "transparent": true,
                "type": "MeshBasicMaterial",
              },
            ],
          ],
        ],
      ],
      [
        "Mesh",
        1,
        6.401997655,
        0.005999998,
        -25.741039502,
        0.357581379,
        -0.930709073,
        -0.0275857,
        0.07179977,
        1,
        1,
        0,
        [
          {
            "blending": 1,
            "color": "ffffff",
            "depthWrite": true,
            "name": "xbow-bolt",
            "opacity": 1,
            "transparent": true,
            "type": "MeshStandardMaterial",
          },
        ],
        [
          [
            "Mesh",
            1,
            0,
            0,
            0.180000007,
            0,
            0,
            0,
            1,
            1,
            1,
            1201,
            [
              {
                "blending": 1,
                "color": "ff0000",
                "depthWrite": false,
                "name": "",
                "opacity": 1,
                "transparent": true,
                "type": "MeshBasicMaterial",
              },
            ],
          ],
        ],
      ],
      [
        "Mesh",
        1,
        -8.075425453,
        1.22423763,
        -29.670034014,
        0.082074742,
        -0.110437286,
        0.347446731,
        -0.92754952,
        1,
        1,
        0,
        [
          {
            "blending": 1,
            "color": "ffffff",
            "depthWrite": true,
            "name": "pitch-bolt",
            "opacity": 1,
            "transparent": true,
            "type": "MeshStandardMaterial",
          },
        ],
        [
          [
            "Mesh",
            1,
            0,
            0,
            0.180000007,
            0,
            0,
            0,
            1,
            1,
            1,
            1201,
            [
              {
                "blending": 1,
                "color": "ff0000",
                "depthWrite": false,
                "name": "",
                "opacity": 1,
                "transparent": true,
                "type": "MeshBasicMaterial",
              },
            ],
          ],
        ],
      ],
      [
        "Mesh",
        1,
        -0.977263869,
        1.641322627,
        -29.6653503,
        0.033174283,
        -0.008743511,
        0.239252132,
        -0.970351192,
        1,
        1,
        0,
        [
          {
            "blending": 1,
            "color": "ffffff",
            "depthWrite": true,
            "name": "pitch-bolt",
            "opacity": 1,
            "transparent": true,
            "type": "MeshStandardMaterial",
          },
        ],
        [
          [
            "Mesh",
            1,
            0,
            0,
            0.180000007,
            0,
            0,
            0,
            1,
            1,
            1,
            1201,
            [
              {
                "blending": 1,
                "color": "ff0000",
                "depthWrite": false,
                "name": "",
                "opacity": 1,
                "transparent": true,
                "type": "MeshBasicMaterial",
              },
            ],
          ],
        ],
      ],
      [
        "Mesh",
        1,
        -2.371768172,
        2.331943915,
        -29.665519522,
        0.027443116,
        -0.034213939,
        0.239162681,
        -0.969988399,
        1,
        1,
        0,
        [
          {
            "blending": 1,
            "color": "ffffff",
            "depthWrite": true,
            "name": "pitch-bolt",
            "opacity": 1,
            "transparent": true,
            "type": "MeshStandardMaterial",
          },
        ],
        [
          [
            "Mesh",
            1,
            0,
            0,
            0.180000007,
            0,
            0,
            0,
            1,
            1,
            1,
            1201,
            [
              {
                "blending": 1,
                "color": "ff0000",
                "depthWrite": false,
                "name": "",
                "opacity": 1,
                "transparent": true,
                "type": "MeshBasicMaterial",
              },
            ],
          ],
        ],
      ],
      [
        "Mesh",
        1,
        -8.666198293,
        2.778209979,
        -29.670414613,
        0.052771118,
        -0.131476511,
        0.347245123,
        -0.927011305,
        1,
        1,
        0,
        [
          {
            "blending": 1,
            "color": "ffffff",
            "depthWrite": true,
            "name": "xbow-bolt",
            "opacity": 1,
            "transparent": true,
            "type": "MeshStandardMaterial",
          },
        ],
      ],
      [
        "Mesh",
        1,
        -3.243373953,
        3.218439202,
        -29.665804825,
        0.007738572,
        -0.05412803,
        0.239034926,
        -0.969470255,
        1,
        1,
        0,
        [
          {
            "blending": 1,
            "color": "ffffff",
            "depthWrite": true,
            "name": "xbow-bolt",
            "opacity": 1,
            "transparent": true,
            "type": "MeshStandardMaterial",
          },
        ],
      ],
    ],
    "state": {
      "ads": false,
      "ammo": 23,
      "bolts": 23,
      "loaded": true,
      "magazine": 30,
      "reloadProgress": 1,
      "reloading": false,
      "reserve": 0,
    },
    "stuck": 9,
  },
  "windows": [
    "06f46313",
    "617e7c21",
    "07071514",
    "ddfafa0b",
    "fc272baf",
    "bc9d8e43",
    "09f7d983",
    "ee160aa0",
    "b1ad82eb",
    "e00b36eb",
    "26554447",
    "8c86cae8",
    "826eddd9",
    "be597854",
    "19b36621",
    "ed78d46b",
    "8745a383",
    "9761f8b8",
    "7746673a",
    "3232d43a",
    "aa314e3d",
    "6ffa42e3",
    "d8a5f51d",
    "2572f17a",
    "fcb038a3",
    "b7507719",
    "bcf9b9e7",
    "89c0e682",
    "f6cb0dd2",
    "27548856",
    "8dbb2f8c",
    "d7a9df64",
    "f357fe22",
    "d0a3bb6b",
    "80c99663",
    "e509172d",
    "7f5760c0",
    "7c7437d4",
    "6e743ffa",
    "e1f227f8",
  ],
}
`;
