// Vitest Snapshot v1, https://vitest.dev/guide/snapshot.html

exports[`the war fan on the cone fan family keeps its pre-M3 trace > builds the same viewmodel and plays the same scripted twenty seconds 1`] = `
{
  "built": {
    "children": 2,
    "meshes": [
      {
        "geo": 191.74094291,
        "mat": [
          {
            "blending": 1,
            "color": "2f7c7a",
            "depthWrite": true,
            "emissive": [
              "041212",
              1,
            ],
            "name": "",
            "opacity": 1,
            "transparent": false,
            "type": "MeshStandardMaterial",
          },
        ],
        "order": 0,
        "verts": 324,
      },
      {
        "geo": 348.10396082,
        "mat": [
          {
            "blending": 1,
            "color": "ffffff",
            "depthWrite": true,
            "emissive": [
              "000000",
              1,
            ],
            "name": "",
            "opacity": 1,
            "transparent": false,
            "type": "MeshStandardMaterial",
          },
        ],
        "order": 0,
        "verts": 768,
      },
      {
        "geo": 229.315121187,
        "mat": [
          {
            "blending": 1,
            "color": "6a5232",
            "depthWrite": true,
            "emissive": [
              "080503",
              1,
            ],
            "name": "",
            "opacity": 1,
            "transparent": false,
            "type": "MeshStandardMaterial",
          },
        ],
        "order": 0,
        "verts": 600,
      },
      {
        "geo": 241.917408668,
        "mat": [
          {
            "blending": 1,
            "color": "2a2420",
            "depthWrite": true,
            "emissive": [
              "000000",
              1,
            ],
            "name": "",
            "opacity": 1,
            "transparent": false,
            "type": "MeshStandardMaterial",
          },
        ],
        "order": 0,
        "verts": 600,
      },
      {
        "geo": 193.211510865,
        "mat": [
          {
            "blending": 1,
            "color": "c49a52",
            "depthWrite": true,
            "emissive": [
              "1a1006",
              1,
            ],
            "name": "",
            "opacity": 1,
            "transparent": false,
            "type": "MeshStandardMaterial",
          },
        ],
        "order": 0,
        "verts": 245,
      },
      {
        "geo": 1522.715876555,
        "mat": [
          {
            "blending": 1,
            "color": "7a5c32",
            "depthWrite": true,
            "emissive": [
              "0a0602",
              1,
            ],
            "name": "",
            "opacity": 1,
            "transparent": false,
            "type": "MeshStandardMaterial",
          },
        ],
        "order": 0,
        "verts": 4344,
      },
      {
        "geo": 0.476,
        "mat": [
          {
            "blending": 1,
            "color": "2c1c14",
            "depthWrite": true,
            "emissive": [
              "000000",
              1,
            ],
            "name": "",
            "opacity": 1,
            "transparent": false,
            "type": "MeshStandardMaterial",
          },
        ],
        "order": 0,
        "verts": 64,
      },
      {
        "geo": 0.056500001,
        "mat": [
          {
            "blending": 1,
            "color": "7a5c32",
            "depthWrite": true,
            "emissive": [
              "0a0602",
              1,
            ],
            "name": "",
            "opacity": 1,
            "transparent": false,
            "type": "MeshStandardMaterial",
          },
        ],
        "order": 0,
        "verts": 78,
      },
      {
        "geo": 0.0616,
        "mat": [
          {
            "blending": 1,
            "color": "a8201a",
            "depthWrite": true,
            "emissive": [
              "1e0403",
              1,
            ],
            "name": "",
            "opacity": 1,
            "transparent": false,
            "type": "MeshStandardMaterial",
          },
        ],
        "order": 0,
        "verts": 28,
      },
      {
        "geo": -0.033588457,
        "mat": [
          {
            "blending": 1,
            "color": "a8201a",
            "depthWrite": true,
            "emissive": [
              "1e0403",
              1,
            ],
            "name": "",
            "opacity": 1,
            "transparent": false,
            "type": "MeshStandardMaterial",
          },
        ],
        "order": 0,
        "verts": 63,
      },
      {
        "geo": 0.0425,
        "mat": [
          {
            "blending": 1,
            "color": "a8201a",
            "depthWrite": true,
            "emissive": [
              "1e0403",
              1,
            ],
            "name": "",
            "opacity": 1,
            "transparent": false,
            "type": "MeshStandardMaterial",
          },
        ],
        "order": 0,
        "verts": 55,
      },
      {
        "geo": -0.02052628,
        "mat": [
          {
            "blending": 1,
            "color": "7a5c32",
            "depthWrite": true,
            "emissive": [
              "0a0602",
              1,
            ],
            "name": "",
            "opacity": 1,
            "transparent": false,
            "type": "MeshStandardMaterial",
          },
        ],
        "order": 0,
        "verts": 63,
      },
      {
        "geo": 0.161,
        "mat": [
          {
            "blending": 1,
            "color": "7a5c32",
            "depthWrite": true,
            "emissive": [
              "0a0602",
              1,
            ],
            "name": "",
            "opacity": 1,
            "transparent": false,
            "type": "MeshStandardMaterial",
          },
        ],
        "order": 0,
        "verts": 52,
      },
      {
        "geo": -140.274273605,
        "mat": [
          {
            "blending": 1,
            "color": "a8201a",
            "depthWrite": true,
            "emissive": [
              "1e0403",
              1,
            ],
            "name": "",
            "opacity": 1,
            "transparent": false,
            "type": "MeshStandardMaterial",
          },
        ],
        "order": 0,
        "verts": 396,
      },
      {
        "geo": -98.887226917,
        "mat": [
          {
            "blending": 1,
            "color": "3a2a20",
            "depthWrite": true,
            "emissive": [
              "000000",
              1,
            ],
            "name": "",
            "opacity": 1,
            "transparent": false,
            "type": "MeshStandardMaterial",
          },
        ],
        "order": 0,
        "verts": 5688,
      },
      {
        "geo": 0.952,
        "mat": [
          {
            "blending": 1,
            "color": "5e4028",
            "depthWrite": true,
            "emissive": [
              "000000",
              1,
            ],
            "name": "",
            "opacity": 1,
            "transparent": false,
            "type": "MeshStandardMaterial",
          },
        ],
        "order": 0,
        "verts": 88,
      },
      {
        "geo": 0.1943,
        "mat": [
          {
            "blending": 1,
            "color": "3a2a20",
            "depthWrite": true,
            "emissive": [
              "000000",
              1,
            ],
            "name": "",
            "opacity": 1,
            "transparent": false,
            "type": "MeshStandardMaterial",
          },
        ],
        "order": 0,
        "verts": 114,
      },
      {
        "geo": -0.012926271,
        "mat": [
          {
            "blending": 1,
            "color": "c09048",
            "depthWrite": true,
            "emissive": [
              "2a1a08",
              1,
            ],
            "name": "",
            "opacity": 1,
            "transparent": false,
            "type": "MeshStandardMaterial",
          },
        ],
        "order": 0,
        "verts": 42,
      },
      {
        "geo": -0.012926271,
        "mat": [
          {
            "blending": 1,
            "color": "c09048",
            "depthWrite": true,
            "emissive": [
              "2a1a08",
              1,
            ],
            "name": "",
            "opacity": 1,
            "transparent": false,
            "type": "MeshStandardMaterial",
          },
        ],
        "order": 0,
        "verts": 42,
      },
      {
        "geo": -0.012926271,
        "mat": [
          {
            "blending": 1,
            "color": "c09048",
            "depthWrite": true,
            "emissive": [
              "2a1a08",
              1,
            ],
            "name": "",
            "opacity": 1,
            "transparent": false,
            "type": "MeshStandardMaterial",
          },
        ],
        "order": 0,
        "verts": 42,
      },
      {
        "geo": -0.012926271,
        "mat": [
          {
            "blending": 1,
            "color": "c09048",
            "depthWrite": true,
            "emissive": [
              "2a1a08",
              1,
            ],
            "name": "",
            "opacity": 1,
            "transparent": false,
            "type": "MeshStandardMaterial",
          },
        ],
        "order": 0,
        "verts": 42,
      },
      {
        "geo": -0.012926271,
        "mat": [
          {
            "blending": 1,
            "color": "c09048",
            "depthWrite": true,
            "emissive": [
              "2a1a08",
              1,
            ],
            "name": "",
            "opacity": 1,
            "transparent": false,
            "type": "MeshStandardMaterial",
          },
        ],
        "order": 0,
        "verts": 42,
      },
      {
        "geo": -0.012926271,
        "mat": [
          {
            "blending": 1,
            "color": "c09048",
            "depthWrite": true,
            "emissive": [
              "2a1a08",
              1,
            ],
            "name": "",
            "opacity": 1,
            "transparent": false,
            "type": "MeshStandardMaterial",
          },
        ],
        "order": 0,
        "verts": 42,
      },
      {
        "geo": -0.012926271,
        "mat": [
          {
            "blending": 1,
            "color": "c09048",
            "depthWrite": true,
            "emissive": [
              "2a1a08",
              1,
            ],
            "name": "",
            "opacity": 1,
            "transparent": false,
            "type": "MeshStandardMaterial",
          },
        ],
        "order": 0,
        "verts": 42,
      },
      {
        "geo": 0.222499996,
        "mat": [
          {
            "blending": 1,
            "color": "3a2a20",
            "depthWrite": true,
            "emissive": [
              "000000",
              1,
            ],
            "name": "",
            "opacity": 1,
            "transparent": false,
            "type": "MeshStandardMaterial",
          },
        ],
        "order": 0,
        "verts": 114,
      },
      {
        "geo": -0.012926271,
        "mat": [
          {
            "blending": 1,
            "color": "c09048",
            "depthWrite": true,
            "emissive": [
              "2a1a08",
              1,
            ],
            "name": "",
            "opacity": 1,
            "transparent": false,
            "type": "MeshStandardMaterial",
          },
        ],
        "order": 0,
        "verts": 42,
      },
      {
        "geo": -0.012926271,
        "mat": [
          {
            "blending": 1,
            "color": "c09048",
            "depthWrite": true,
            "emissive": [
              "2a1a08",
              1,
            ],
            "name": "",
            "opacity": 1,
            "transparent": false,
            "type": "MeshStandardMaterial",
          },
        ],
        "order": 0,
        "verts": 42,
      },
      {
        "geo": -0.012926271,
        "mat": [
          {
            "blending": 1,
            "color": "c09048",
            "depthWrite": true,
            "emissive": [
              "2a1a08",
              1,
            ],
            "name": "",
            "opacity": 1,
            "transparent": false,
            "type": "MeshStandardMaterial",
          },
        ],
        "order": 0,
        "verts": 42,
      },
      {
        "geo": -0.012926271,
        "mat": [
          {
            "blending": 1,
            "color": "c09048",
            "depthWrite": true,
            "emissive": [
              "2a1a08",
              1,
            ],
            "name": "",
            "opacity": 1,
            "transparent": false,
            "type": "MeshStandardMaterial",
          },
        ],
        "order": 0,
        "verts": 42,
      },
      {
        "geo": -0.012926271,
        "mat": [
          {
            "blending": 1,
            "color": "c09048",
            "depthWrite": true,
            "emissive": [
              "2a1a08",
              1,
            ],
            "name": "",
            "opacity": 1,
            "transparent": false,
            "type": "MeshStandardMaterial",
          },
        ],
        "order": 0,
        "verts": 42,
      },
      {
        "geo": -0.012926271,
        "mat": [
          {
            "blending": 1,
            "color": "c09048",
            "depthWrite": true,
            "emissive": [
              "2a1a08",
              1,
            ],
            "name": "",
            "opacity": 1,
            "transparent": false,
            "type": "MeshStandardMaterial",
          },
        ],
        "order": 0,
        "verts": 42,
      },
      {
        "geo": -0.012926271,
        "mat": [
          {
            "blending": 1,
            "color": "c09048",
            "depthWrite": true,
            "emissive": [
              "2a1a08",
              1,
            ],
            "name": "",
            "opacity": 1,
            "transparent": false,
            "type": "MeshStandardMaterial",
          },
        ],
        "order": 0,
        "verts": 42,
      },
      {
        "geo": 4.717701219,
        "mat": [
          {
            "blending": 1,
            "color": "ffffff",
            "depthWrite": true,
            "emissive": [
              "000000",
              1,
            ],
            "name": "",
            "opacity": 1,
            "transparent": false,
            "type": "MeshStandardMaterial",
          },
        ],
        "order": 0,
        "verts": 313,
      },
      {
        "geo": 0.262560003,
        "mat": [
          {
            "blending": 1,
            "color": "5a4636",
            "depthWrite": true,
            "emissive": [
              "000000",
              1,
            ],
            "name": "",
            "opacity": 1,
            "transparent": false,
            "type": "MeshStandardMaterial",
          },
        ],
        "order": 0,
        "verts": 114,
      },
      {
        "geo": 0.274439998,
        "mat": [
          {
            "blending": 1,
            "color": "5a4636",
            "depthWrite": true,
            "emissive": [
              "000000",
              1,
            ],
            "name": "",
            "opacity": 1,
            "transparent": false,
            "type": "MeshStandardMaterial",
          },
        ],
        "order": 0,
        "verts": 114,
      },
      {
        "geo": 0.286319993,
        "mat": [
          {
            "blending": 1,
            "color": "5a4636",
            "depthWrite": true,
            "emissive": [
              "000000",
              1,
            ],
            "name": "",
            "opacity": 1,
            "transparent": false,
            "type": "MeshStandardMaterial",
          },
        ],
        "order": 0,
        "verts": 114,
      },
      {
        "geo": 0.304799996,
        "mat": [
          {
            "blending": 1,
            "color": "5a4636",
            "depthWrite": true,
            "emissive": [
              "000000",
              1,
            ],
            "name": "",
            "opacity": 1,
            "transparent": false,
            "type": "MeshStandardMaterial",
          },
        ],
        "order": 0,
        "verts": 114,
      },
    ],
    "row": [
      "weapon.far-reach.fan",
      "War fan",
    ],
  },
  "direct": [
    1,
    2,
  ],
  "eventCount": 73,
  "events": "1ed54079",
  "last": {
    "charge": 0,
    "i": 1199,
    "k": 1,
    "model": [
      "Group",
      0,
      0.155,
      -0.190949766,
      -0.6,
      0.101518161,
      -0.281519908,
      0.216023643,
      0.929394636,
      0.46,
      0.46,
      0,
      [
        [
          "Group",
          1,
          0,
          0,
          0,
          0,
          0,
          0,
          1,
          1,
          1,
          0,
          [
            [
              "Mesh",
              1,
              0,
              0,
              0,
              0,
              0,
              0,
              1,
              1,
              1,
              0,
              [
                {
                  "blending": 1,
                  "color": "2f7c7a",
                  "depthWrite": true,
                  "emissive": [
                    "041212",
                    1,
                  ],
                  "name": "",
                  "opacity": 1,
                  "transparent": false,
                  "type": "MeshStandardMaterial",
                },
              ],
            ],
            [
              "Mesh",
              1,
              0,
              0,
              0,
              0,
              0,
              0,
              1,
              1,
              1,
              0,
              [
                {
                  "blending": 1,
                  "color": "ffffff",
                  "depthWrite": true,
                  "emissive": [
                    "000000",
                    1,
                  ],
                  "name": "",
                  "opacity": 1,
                  "transparent": false,
                  "type": "MeshStandardMaterial",
                },
              ],
            ],
            [
              "Mesh",
              1,
              0,
              0,
              0,
              0,
              0,
              0,
              1,
              1,
              1,
              0,
              [
                {
                  "blending": 1,
                  "color": "6a5232",
                  "depthWrite": true,
                  "emissive": [
                    "080503",
                    1,
                  ],
                  "name": "",
                  "opacity": 1,
                  "transparent": false,
                  "type": "MeshStandardMaterial",
                },
              ],
            ],
            [
              "Mesh",
              1,
              0,
              0,
              0,
              0,
              0,
              0,
              1,
              1,
              1,
              0,
              [
                {
                  "blending": 1,
                  "color": "2a2420",
                  "depthWrite": true,
                  "emissive": [
                    "000000",
                    1,
                  ],
                  "name": "",
                  "opacity": 1,
                  "transparent": false,
                  "type": "MeshStandardMaterial",
                },
              ],
            ],
            [
              "Mesh",
              1,
              0,
              0,
              0,
              0,
              0,
              0,
              1,
              1,
              1,
              0,
              [
                {
                  "blending": 1,
                  "color": "c49a52",
                  "depthWrite": true,
                  "emissive": [
                    "1a1006",
                    1,
                  ],
                  "name": "",
                  "opacity": 1,
                  "transparent": false,
                  "type": "MeshStandardMaterial",
                },
              ],
            ],
            [
              "Mesh",
              1,
              0,
              0,
              0,
              0,
              0,
              0,
              1,
              1,
              1,
              0,
              [
                {
                  "blending": 1,
                  "color": "7a5c32",
                  "depthWrite": true,
                  "emissive": [
                    "0a0602",
                    1,
                  ],
                  "name": "",
                  "opacity": 1,
                  "transparent": false,
                  "type": "MeshStandardMaterial",
                },
              ],
            ],
            [
              "Mesh",
              1,
              0,
              -0.035,
              0,
              0,
              0,
              0,
              1,
              1,
              1,
              0,
              [
                {
                  "blending": 1,
                  "color": "2c1c14",
                  "depthWrite": true,
                  "emissive": [
                    "000000",
                    1,
                  ],
                  "name": "",
                  "opacity": 1,
                  "transparent": false,
                  "type": "MeshStandardMaterial",
                },
              ],
            ],
            [
              "Mesh",
              1,
              0,
              -0.076,
              0,
              0,
              0,
              0,
              1,
              1,
              1,
              0,
              [
                {
                  "blending": 1,
                  "color": "7a5c32",
                  "depthWrite": true,
                  "emissive": [
                    "0a0602",
                    1,
                  ],
                  "name": "",
                  "opacity": 1,
                  "transparent": false,
                  "type": "MeshStandardMaterial",
                },
              ],
            ],
            [
              "Group",
              1,
              0,
              -0.082,
              0,
              0,
              0,
              -0.379786223,
              0.925074281,
              1,
              1,
              0,
              [
                [
                  "Mesh",
                  1,
                  0,
                  -0.02,
                  0,
                  0,
                  0,
                  0,
                  1,
                  1,
                  1,
                  0,
                  [
                    {
                      "blending": 1,
                      "color": "a8201a",
                      "depthWrite": true,
                      "emissive": [
                        "1e0403",
                        1,
                      ],
                      "name": "",
                      "opacity": 1,
                      "transparent": false,
                      "type": "MeshStandardMaterial",
                    },
                  ],
                ],
                [
                  "Mesh",
                  1,
                  0,
                  -0.042,
                  0,
                  0,
                  0,
                  0,
                  1,
                  1.2,
                  0.8,
                  0,
                  [
                    {
                      "blending": 1,
                      "color": "a8201a",
                      "depthWrite": true,
                      "emissive": [
                        "1e0403",
                        1,
                      ],
                      "name": "",
                      "opacity": 1,
                      "transparent": false,
                      "type": "MeshStandardMaterial",
                    },
                  ],
                ],
                [
                  "Mesh",
                  1,
                  0,
                  -0.042,
                  0,
                  0,
                  0,
                  0,
                  1,
                  1.6,
                  1,
                  0,
                  [
                    {
                      "blending": 1,
                      "color": "a8201a",
                      "depthWrite": true,
                      "emissive": [
                        "1e0403",
                        1,
                      ],
                      "name": "",
                      "opacity": 1,
                      "transparent": false,
                      "type": "MeshStandardMaterial",
                    },
                  ],
                ],
                [
                  "Mesh",
                  1,
                  0,
                  -0.058,
                  0,
                  0,
                  0,
                  0,
                  1,
                  1,
                  1,
                  0,
                  [
                    {
                      "blending": 1,
                      "color": "7a5c32",
                      "depthWrite": true,
                      "emissive": [
                        "0a0602",
                        1,
                      ],
                      "name": "",
                      "opacity": 1,
                      "transparent": false,
                      "type": "MeshStandardMaterial",
                    },
                  ],
                ],
                [
                  "Mesh",
                  1,
                  0,
                  -0.07,
                  0,
                  0,
                  0,
                  0,
                  1,
                  1,
                  1,
                  0,
                  [
                    {
                      "blending": 1,
                      "color": "7a5c32",
                      "depthWrite": true,
                      "emissive": [
                        "0a0602",
                        1,
                      ],
                      "name": "",
                      "opacity": 1,
                      "transparent": false,
                      "type": "MeshStandardMaterial",
                    },
                  ],
                ],
                [
                  "Mesh",
                  1,
                  0,
                  0,
                  0,
                  0,
                  0,
                  0,
                  1,
                  1,
                  1,
                  0,
                  [
                    {
                      "blending": 1,
                      "color": "a8201a",
                      "depthWrite": true,
                      "emissive": [
                        "1e0403",
                        1,
                      ],
                      "name": "",
                      "opacity": 1,
                      "transparent": false,
                      "type": "MeshStandardMaterial",
                    },
                  ],
                ],
              ],
            ],
          ],
        ],
        [
          "Group",
          1,
          0,
          -0.0245,
          0,
          0,
          0,
          0,
          1,
          1,
          1,
          0,
          [
            [
              "Mesh",
              1,
              0,
              0,
              0,
              0,
              0,
              0,
              1,
              1,
              1,
              0,
              [
                {
                  "blending": 1,
                  "color": "3a2a20",
                  "depthWrite": true,
                  "emissive": [
                    "000000",
                    1,
                  ],
                  "name": "",
                  "opacity": 1,
                  "transparent": false,
                  "type": "MeshStandardMaterial",
                },
              ],
            ],
            [
              "Group",
              1,
              0.070833742,
              -0.085235496,
              0.025019993,
              0.560695051,
              0,
              -0.595738492,
              0.575079741,
              1,
              1,
              0,
              [
                [
                  "Mesh",
                  1,
                  0,
                  0.065,
                  0,
                  0,
                  0,
                  0,
                  1,
                  1,
                  1,
                  0,
                  [
                    {
                      "blending": 1,
                      "color": "5e4028",
                      "depthWrite": true,
                      "emissive": [
                        "000000",
                        1,
                      ],
                      "name": "",
                      "opacity": 1,
                      "transparent": false,
                      "type": "MeshStandardMaterial",
                    },
                  ],
                ],
                [
                  "Mesh",
                  1,
                  0,
                  0.016,
                  0,
                  0.707106781,
                  0,
                  0,
                  0.707106781,
                  1,
                  1,
                  0,
                  [
                    {
                      "blending": 1,
                      "color": "3a2a20",
                      "depthWrite": true,
                      "emissive": [
                        "000000",
                        1,
                      ],
                      "name": "",
                      "opacity": 1,
                      "transparent": false,
                      "type": "MeshStandardMaterial",
                    },
                  ],
                ],
                [
                  "Mesh",
                  1,
                  0.030210801,
                  0.028,
                  0.012772922,
                  0,
                  0,
                  0,
                  1,
                  1,
                  1,
                  0,
                  [
                    {
                      "blending": 1,
                      "color": "c09048",
                      "depthWrite": true,
                      "emissive": [
                        "2a1a08",
                        1,
                      ],
                      "name": "",
                      "opacity": 1,
                      "transparent": false,
                      "type": "MeshStandardMaterial",
                    },
                  ],
                ],
                [
                  "Mesh",
                  1,
                  0.008849854,
                  0.028,
                  0.031583541,
                  0,
                  0,
                  0,
                  1,
                  1,
                  1,
                  0,
                  [
                    {
                      "blending": 1,
                      "color": "c09048",
                      "depthWrite": true,
                      "emissive": [
                        "2a1a08",
                        1,
                      ],
                      "name": "",
                      "opacity": 1,
                      "transparent": false,
                      "type": "MeshStandardMaterial",
                    },
                  ],
                ],
                [
                  "Mesh",
                  1,
                  -0.019175213,
                  0.028,
                  0.02661111,
                  0,
                  0,
                  0,
                  1,
                  1,
                  1,
                  0,
                  [
                    {
                      "blending": 1,
                      "color": "c09048",
                      "depthWrite": true,
                      "emissive": [
                        "2a1a08",
                        1,
                      ],
                      "name": "",
                      "opacity": 1,
                      "transparent": false,
                      "type": "MeshStandardMaterial",
                    },
                  ],
                ],
                [
                  "Mesh",
                  1,
                  -0.032760954,
                  0.028,
                  0.00159997,
                  0,
                  0,
                  0,
                  1,
                  1,
                  1,
                  0,
                  [
                    {
                      "blending": 1,
                      "color": "c09048",
                      "depthWrite": true,
                      "emissive": [
                        "2a1a08",
                        1,
                      ],
                      "name": "",
                      "opacity": 1,
                      "transparent": false,
                      "type": "MeshStandardMaterial",
                    },
                  ],
                ],
                [
                  "Mesh",
                  1,
                  -0.021677028,
                  0.028,
                  -0.02461598,
                  0,
                  0,
                  0,
                  1,
                  1,
                  1,
                  0,
                  [
                    {
                      "blending": 1,
                      "color": "c09048",
                      "depthWrite": true,
                      "emissive": [
                        "2a1a08",
                        1,
                      ],
                      "name": "",
                      "opacity": 1,
                      "transparent": false,
                      "type": "MeshStandardMaterial",
                    },
                  ],
                ],
                [
                  "Mesh",
                  1,
                  0.005730142,
                  0.028,
                  -0.032295595,
                  0,
                  0,
                  0,
                  1,
                  1,
                  1,
                  0,
                  [
                    {
                      "blending": 1,
                      "color": "c09048",
                      "depthWrite": true,
                      "emissive": [
                        "2a1a08",
                        1,
                      ],
                      "name": "",
                      "opacity": 1,
                      "transparent": false,
                      "type": "MeshStandardMaterial",
                    },
                  ],
                ],
                [
                  "Mesh",
                  1,
                  0.028822398,
                  0.028,
                  -0.015655969,
                  0,
                  0,
                  0,
                  1,
                  1,
                  1,
                  0,
                  [
                    {
                      "blending": 1,
                      "color": "c09048",
                      "depthWrite": true,
                      "emissive": [
                        "2a1a08",
                        1,
                      ],
                      "name": "",
                      "opacity": 1,
                      "transparent": false,
                      "type": "MeshStandardMaterial",
                    },
                  ],
                ],
                [
                  "Mesh",
                  1,
                  0,
                  0.114,
                  0,
                  0.707106781,
                  0,
                  0,
                  0.707106781,
                  1,
                  1,
                  0,
                  [
                    {
                      "blending": 1,
                      "color": "3a2a20",
                      "depthWrite": true,
                      "emissive": [
                        "000000",
                        1,
                      ],
                      "name": "",
                      "opacity": 1,
                      "transparent": false,
                      "type": "MeshStandardMaterial",
                    },
                  ],
                ],
                [
                  "Mesh",
                  1,
                  0.034539787,
                  0.126,
                  0.014603188,
                  0,
                  0,
                  0,
                  1,
                  1,
                  1,
                  0,
                  [
                    {
                      "blending": 1,
                      "color": "c09048",
                      "depthWrite": true,
                      "emissive": [
                        "2a1a08",
                        1,
                      ],
                      "name": "",
                      "opacity": 1,
                      "transparent": false,
                      "type": "MeshStandardMaterial",
                    },
                  ],
                ],
                [
                  "Mesh",
                  1,
                  0.010117973,
                  0.126,
                  0.036109232,
                  0,
                  0,
                  0,
                  1,
                  1,
                  1,
                  0,
                  [
                    {
                      "blending": 1,
                      "color": "c09048",
                      "depthWrite": true,
                      "emissive": [
                        "2a1a08",
                        1,
                      ],
                      "name": "",
                      "opacity": 1,
                      "transparent": false,
                      "type": "MeshStandardMaterial",
                    },
                  ],
                ],
                [
                  "Mesh",
                  1,
                  -0.021922881,
                  0.126,
                  0.030424288,
                  0,
                  0,
                  0,
                  1,
                  1,
                  1,
                  0,
                  [
                    {
                      "blending": 1,
                      "color": "c09048",
                      "depthWrite": true,
                      "emissive": [
                        "2a1a08",
                        1,
                      ],
                      "name": "",
                      "opacity": 1,
                      "transparent": false,
                      "type": "MeshStandardMaterial",
                    },
                  ],
                ],
                [
                  "Mesh",
                  1,
                  -0.037455359,
                  0.126,
                  0.001829234,
                  0,
                  0,
                  0,
                  1,
                  1,
                  1,
                  0,
                  [
                    {
                      "blending": 1,
                      "color": "c09048",
                      "depthWrite": true,
                      "emissive": [
                        "2a1a08",
                        1,
                      ],
                      "name": "",
                      "opacity": 1,
                      "transparent": false,
                      "type": "MeshStandardMaterial",
                    },
                  ],
                ],
                [
                  "Mesh",
                  1,
                  -0.024783187,
                  0.126,
                  -0.02814327,
                  0,
                  0,
                  0,
                  1,
                  1,
                  1,
                  0,
                  [
                    {
                      "blending": 1,
                      "color": "c09048",
                      "depthWrite": true,
                      "emissive": [
                        "2a1a08",
                        1,
                      ],
                      "name": "",
                      "opacity": 1,
                      "transparent": false,
                      "type": "MeshStandardMaterial",
                    },
                  ],
                ],
                [
                  "Mesh",
                  1,
                  0.00655123,
                  0.126,
                  -0.036923318,
                  0,
                  0,
                  0,
                  1,
                  1,
                  1,
                  0,
                  [
                    {
                      "blending": 1,
                      "color": "c09048",
                      "depthWrite": true,
                      "emissive": [
                        "2a1a08",
                        1,
                      ],
                      "name": "",
                      "opacity": 1,
                      "transparent": false,
                      "type": "MeshStandardMaterial",
                    },
                  ],
                ],
                [
                  "Mesh",
                  1,
                  0.032952437,
                  0.126,
                  -0.017899354,
                  0,
                  0,
                  0,
                  1,
                  1,
                  1,
                  0,
                  [
                    {
                      "blending": 1,
                      "color": "c09048",
                      "depthWrite": true,
                      "emissive": [
                        "2a1a08",
                        1,
                      ],
                      "name": "",
                      "opacity": 1,
                      "transparent": false,
                      "type": "MeshStandardMaterial",
                    },
                  ],
                ],
                [
                  "Mesh",
                  1,
                  0,
                  0.3,
                  0,
                  0,
                  0,
                  0,
                  1,
                  1,
                  1,
                  0,
                  [
                    {
                      "blending": 1,
                      "color": "ffffff",
                      "depthWrite": true,
                      "emissive": [
                        "000000",
                        1,
                      ],
                      "name": "",
                      "opacity": 1,
                      "transparent": false,
                      "type": "MeshStandardMaterial",
                    },
                  ],
                ],
                [
                  "Mesh",
                  1,
                  0,
                  0.17,
                  0,
                  0.701589699,
                  -0.088158349,
                  0.088158349,
                  0.701589699,
                  1,
                  1,
                  0,
                  [
                    {
                      "blending": 1,
                      "color": "5a4636",
                      "depthWrite": true,
                      "emissive": [
                        "000000",
                        1,
                      ],
                      "name": "",
                      "opacity": 1,
                      "transparent": false,
                      "type": "MeshStandardMaterial",
                    },
                  ],
                ],
                [
                  "Mesh",
                  1,
                  0,
                  0.215,
                  0,
                  0.701589699,
                  -0.088158349,
                  0.088158349,
                  0.701589699,
                  1,
                  1,
                  0,
                  [
                    {
                      "blending": 1,
                      "color": "5a4636",
                      "depthWrite": true,
                      "emissive": [
                        "000000",
                        1,
                      ],
                      "name": "",
                      "opacity": 1,
                      "transparent": false,
                      "type": "MeshStandardMaterial",
                    },
                  ],
                ],
                [
                  "Mesh",
                  1,
                  0,
                  0.26,
                  0,
                  0.701589699,
                  -0.088158349,
                  0.088158349,
                  0.701589699,
                  1,
                  1,
                  0,
                  [
                    {
                      "blending": 1,
                      "color": "5a4636",
                      "depthWrite": true,
                      "emissive": [
                        "000000",
                        1,
                      ],
                      "name": "",
                      "opacity": 1,
                      "transparent": false,
                      "type": "MeshStandardMaterial",
                    },
                  ],
                ],
                [
                  "Mesh",
                  1,
                  0,
                  0.33,
                  0,
                  0.701589699,
                  -0.088158349,
                  0.088158349,
                  0.701589699,
                  1,
                  1,
                  0,
                  [
                    {
                      "blending": 1,
                      "color": "5a4636",
                      "depthWrite": true,
                      "emissive": [
                        "000000",
                        1,
                      ],
                      "name": "",
                      "opacity": 1,
                      "transparent": false,
                      "type": "MeshStandardMaterial",
                    },
                  ],
                ],
              ],
            ],
          ],
        ],
      ],
    ],
    "motion": "gust",
    "visible": false,
  },
  "windows": [
    "a62260ce",
    "3ae694a3",
    "82d2b9d2",
    "19d20bb0",
    "2ac6ca34",
    "020a7149",
    "0079fd32",
    "ecd0c6ab",
    "cd76de2f",
    "887197a1",
    "8d23f5d9",
    "c05706c1",
    "4ae4c052",
    "ade9e25d",
    "026b2fee",
    "12e0b4e5",
    "f891de6c",
    "437b089b",
    "4f5c1508",
    "4f6862b2",
    "4978e418",
    "6da834db",
    "604ba6e5",
    "5ee26bdd",
    "d6a507c1",
    "df3c3fa7",
    "8b026fbc",
    "321f095b",
    "9628882d",
    "4478055e",
    "9e2e301d",
    "cd18be4b",
    "1633b4d7",
    "95065a38",
    "33b671cd",
    "962fc6e7",
    "2cf4ae5d",
    "f3e2fb2f",
    "bcfa6af1",
    "16980e14",
  ],
}
`;
