// Vitest Snapshot v1, https://vitest.dev/guide/snapshot.html

exports[`the lever-action on the lever firearm family keeps its pre-SF36 trace > builds the same viewmodel and plays the same scripted twenty seconds 1`] = `
{
  "adsPose": {
    "frontDepth": 0.76652288,
    "px": 0,
    "py": -0.0395568,
    "pz": -0.3164544,
    "rearDepth": 0.4307296,
    "scale": 0.87904,
  },
  "built": {
    "children": 11,
    "meshes": [
      {
        "geo": -865.376538301,
        "mat": [
          {
            "blending": 1,
            "color": "ceb6a2",
            "depthWrite": true,
            "name": "lever-wood",
            "opacity": 1,
            "transparent": true,
            "type": "MeshPhysicalMaterial",
          },
        ],
        "order": 1000,
        "verts": 756,
      },
      {
        "geo": 2765.618791525,
        "mat": [
          {
            "blending": 1,
            "color": "ceb6a2",
            "depthWrite": true,
            "name": "lever-wood",
            "opacity": 1,
            "transparent": true,
            "type": "MeshPhysicalMaterial",
          },
        ],
        "order": 1000,
        "verts": 1284,
      },
      {
        "geo": -1973.986474348,
        "mat": [
          {
            "blending": 1,
            "color": "595b61",
            "depthWrite": true,
            "name": "lever-steel",
            "opacity": 1,
            "transparent": true,
            "type": "MeshPhysicalMaterial",
          },
        ],
        "order": 1000,
        "verts": 4176,
      },
      {
        "geo": -496.745232847,
        "mat": [
          {
            "blending": 1,
            "color": "f9da9e",
            "depthWrite": true,
            "name": "lever-brass",
            "opacity": 1,
            "transparent": true,
            "type": "MeshPhysicalMaterial",
          },
        ],
        "order": 1000,
        "verts": 143,
      },
      {
        "geo": 1488.687127968,
        "mat": [
          {
            "blending": 1,
            "color": "595b61",
            "depthWrite": true,
            "name": "lever-steel",
            "opacity": 1,
            "transparent": true,
            "type": "MeshPhysicalMaterial",
          },
        ],
        "order": 1000,
        "verts": 1524,
      },
      {
        "geo": 36.446400293,
        "mat": [
          {
            "blending": 1,
            "color": "595b61",
            "depthWrite": true,
            "name": "lever-steel",
            "opacity": 1,
            "transparent": true,
            "type": "MeshPhysicalMaterial",
          },
        ],
        "order": 1000,
        "verts": 216,
      },
      {
        "geo": 39.960000113,
        "mat": [
          {
            "blending": 1,
            "color": "595b61",
            "depthWrite": true,
            "name": "lever-steel",
            "opacity": 1,
            "transparent": true,
            "type": "MeshPhysicalMaterial",
          },
        ],
        "order": 1000,
        "verts": 72,
      },
      {
        "geo": -57.876000803,
        "mat": [
          {
            "blending": 1,
            "color": "f9da9e",
            "depthWrite": true,
            "name": "lever-brass",
            "opacity": 1,
            "transparent": true,
            "type": "MeshPhysicalMaterial",
          },
        ],
        "order": 1000,
        "verts": 696,
      },
      {
        "geo": 0,
        "mat": [
          {
            "blending": 2,
            "color": "ffffff",
            "depthWrite": false,
            "name": "",
            "opacity": 1,
            "transparent": true,
            "type": "MeshBasicMaterial",
          },
        ],
        "order": 1001,
        "verts": 4,
      },
      {
        "geo": 0,
        "mat": [
          {
            "blending": 2,
            "color": "ffffff",
            "depthWrite": false,
            "name": "",
            "opacity": 1,
            "transparent": true,
            "type": "MeshBasicMaterial",
          },
        ],
        "order": 1001,
        "verts": 4,
      },
      {
        "geo": 0,
        "mat": [
          {
            "blending": 1,
            "color": "ffffff",
            "depthWrite": false,
            "name": "",
            "opacity": 1,
            "transparent": true,
            "type": "MeshBasicMaterial",
          },
        ],
        "order": 999,
        "verts": 24,
      },
      {
        "geo": 752.220354782,
        "mat": [
          {
            "blending": 1,
            "color": "ffffff",
            "depthWrite": true,
            "name": "hunter-hands",
            "opacity": 1,
            "transparent": true,
            "type": "MeshPhysicalMaterial",
          },
        ],
        "order": 1000,
        "verts": 5088,
      },
      {
        "geo": 1279.814472071,
        "mat": [
          {
            "blending": 1,
            "color": "ffffff",
            "depthWrite": true,
            "name": "hunter-hands",
            "opacity": 1,
            "transparent": true,
            "type": "MeshPhysicalMaterial",
          },
        ],
        "order": 1000,
        "verts": 5088,
      },
    ],
  },
  "display": [
    [
      1900.242253224,
      1,
      0,
      [
        {
          "blending": 1,
          "color": "ceb6a2",
          "depthWrite": true,
          "name": "lever-wood",
          "opacity": 1,
          "transparent": true,
          "type": "MeshPhysicalMaterial",
        },
      ],
    ],
    [
      -639.501948254,
      1,
      0,
      [
        {
          "blending": 1,
          "color": "595b61",
          "depthWrite": true,
          "name": "lever-steel",
          "opacity": 1,
          "transparent": true,
          "type": "MeshPhysicalMaterial",
        },
      ],
    ],
    [
      -496.745232847,
      1,
      0,
      [
        {
          "blending": 1,
          "color": "f9da9e",
          "depthWrite": true,
          "name": "lever-brass",
          "opacity": 1,
          "transparent": true,
          "type": "MeshPhysicalMaterial",
        },
      ],
    ],
    [
      -990.087726555,
      512,
      1,
      [
        {
          "blending": 1,
          "color": "ffffff",
          "depthWrite": true,
          "name": "",
          "opacity": 1,
          "transparent": false,
          "type": "MeshBasicMaterial",
        },
      ],
    ],
  ],
  "events": [
    [
      "fire",
    ],
    [
      "damage",
      "boar",
      137.424251886,
      -0.958092167,
      1.945845802,
      -11.573536307,
      -0.082479194,
      0.022885844,
      -0.996329976,
    ],
    [
      "hit",
      "boar",
      true,
      false,
    ],
    [
      "impact",
      "flesh",
      -0.958092167,
      1.945845802,
      -11.573536307,
    ],
    [
      "cycle",
    ],
    [
      "fire",
    ],
    [
      "impact",
      "wood",
      -5.750047733,
      2.290207057,
      -29.800000685,
    ],
    [
      "cycle",
    ],
    [
      "fire",
    ],
    [
      "impact",
      "wood",
      -5.926966569,
      1.980389211,
      -29.799997519,
    ],
    [
      "cycle",
    ],
    [
      "fire",
    ],
    [
      "damage",
      "boar",
      77.391862799,
      -1.444681153,
      1.830975496,
      -11.503228973,
      -0.124599748,
      0.013021218,
      -0.992121641,
    ],
    [
      "hit",
      "boar",
      false,
      false,
    ],
    [
      "impact",
      "flesh",
      -1.444681153,
      1.830975496,
      -11.503228973,
    ],
    [
      "cycle",
    ],
    [
      "fire",
    ],
    [
      "impact",
      "ground",
      0.014681152,
      2.107720079,
      -29.79999898,
    ],
    [
      "cycle",
    ],
    [
      "fire",
    ],
    [
      "damage",
      "deer",
      149.464032327,
      2.51842971,
      2.066453391,
      -19.476739101,
      0.12821207,
      0.01967416,
      -0.991551609,
    ],
    [
      "hit",
      "deer",
      true,
      true,
    ],
    [
      "impact",
      "flesh",
      2.51842971,
      2.066453391,
      -19.476739101,
    ],
    [
      "cycle",
    ],
    [
      "fire",
    ],
    [
      "impact",
      "ground",
      5.570644803,
      2.501198956,
      -29.800000148,
    ],
    [
      "cycle",
    ],
    [
      "dry",
    ],
    [
      "reloadStart",
    ],
    [
      "roundIn",
    ],
    [
      "roundIn",
    ],
    [
      "reloadEnd",
    ],
    [
      "cycle",
    ],
    [
      "fire",
    ],
    [
      "impact",
      "wood",
      -4.292115996,
      2.758091642,
      -29.799998558,
    ],
    [
      "cycle",
    ],
    [
      "fire",
    ],
    [
      "impact",
      "wood",
      -6.341544838,
      2.662590016,
      -29.799996853,
    ],
    [
      "cycle",
    ],
    [
      "reloadStart",
    ],
    [
      "roundIn",
    ],
    [
      "roundIn",
    ],
    [
      "reloadEnd",
    ],
    [
      "cycle",
    ],
    [
      "fire",
    ],
    [
      "impact",
      "ground",
      3.871428273,
      2.962907796,
      -29.800000994,
    ],
    [
      "cycle",
    ],
    [
      "fire",
    ],
    [
      "impact",
      "ground",
      5.902330101,
      3.051571594,
      -29.79999975,
    ],
    [
      "cycle",
    ],
    [
      "dry",
    ],
    [
      "reloadStart",
    ],
    [
      "roundIn",
    ],
    [
      "roundIn",
    ],
    [
      "reloadEnd",
    ],
    [
      "cycle",
    ],
    [
      "fire",
    ],
    [
      "impact",
      "wood",
      -2.848482416,
      3.719758519,
      -29.800000742,
    ],
    [
      "cycle",
    ],
    [
      "fire",
    ],
    [
      "impact",
      "wood",
      -5.72953099,
      3.701008538,
      -29.799997497,
    ],
    [
      "cycle",
    ],
    [
      "reloadStart",
    ],
    [
      "roundIn",
    ],
    [
      "roundIn",
    ],
    [
      "reloadEnd",
    ],
    [
      "cycle",
    ],
    [
      "fire",
    ],
    [
      "impact",
      "ground",
      1.643305115,
      3.968013977,
      -29.799996882,
    ],
    [
      "cycle",
    ],
  ],
  "handsCost": {
    "bytes": 541248,
    "draws": 2,
    "tris": 15584,
    "verts": 10176,
  },
  "last": {
    "action": {
      "chambered": true,
      "reserve": 17,
      "tube": 0,
    },
    "aim": null,
    "cycleU": 0,
    "fov": 93.93919417,
    "i": 1199,
    "model": [
      1,
      0.049821224,
      -0.403213108,
      -0.278624348,
      -0.449997169,
      0.135842227,
      0.046894684,
      0.87904,
    ],
    "parts": [
      [
        "Mesh",
        1,
        0,
        0,
        0,
        0,
        0,
        0,
        1,
        1,
        1,
        1000,
        [
          {
            "blending": 1,
            "color": "ceb6a2",
            "depthWrite": true,
            "name": "lever-wood",
            "opacity": 1,
            "transparent": true,
            "type": "MeshPhysicalMaterial",
          },
        ],
      ],
      [
        "Mesh",
        1,
        0,
        0,
        0,
        0,
        0,
        0,
        1,
        1,
        1,
        1000,
        [
          {
            "blending": 1,
            "color": "ceb6a2",
            "depthWrite": true,
            "name": "lever-wood",
            "opacity": 1,
            "transparent": true,
            "type": "MeshPhysicalMaterial",
          },
        ],
      ],
      [
        "Mesh",
        1,
        0,
        0,
        0,
        0,
        0,
        0,
        1,
        1,
        1,
        1000,
        [
          {
            "blending": 1,
            "color": "595b61",
            "depthWrite": true,
            "name": "lever-steel",
            "opacity": 1,
            "transparent": true,
            "type": "MeshPhysicalMaterial",
          },
        ],
      ],
      [
        "Mesh",
        1,
        0,
        0,
        0,
        0,
        0,
        0,
        1,
        1,
        1,
        1000,
        [
          {
            "blending": 1,
            "color": "f9da9e",
            "depthWrite": true,
            "name": "lever-brass",
            "opacity": 1,
            "transparent": true,
            "type": "MeshPhysicalMaterial",
          },
        ],
      ],
      [
        "Mesh",
        1,
        0,
        -0.047,
        -0.018,
        0,
        0,
        0,
        1,
        1,
        1,
        1000,
        [
          {
            "blending": 1,
            "color": "595b61",
            "depthWrite": true,
            "name": "lever-steel",
            "opacity": 1,
            "transparent": true,
            "type": "MeshPhysicalMaterial",
          },
        ],
      ],
      [
        "Mesh",
        1,
        0,
        -0.006,
        0.122,
        0.247403959,
        0,
        0,
        0.968912422,
        1,
        1,
        1000,
        [
          {
            "blending": 1,
            "color": "595b61",
            "depthWrite": true,
            "name": "lever-steel",
            "opacity": 1,
            "transparent": true,
            "type": "MeshPhysicalMaterial",
          },
        ],
      ],
      [
        "Mesh",
        1,
        0,
        0,
        0,
        0,
        0,
        0,
        1,
        1,
        1,
        1000,
        [
          {
            "blending": 1,
            "color": "595b61",
            "depthWrite": true,
            "name": "lever-steel",
            "opacity": 1,
            "transparent": true,
            "type": "MeshPhysicalMaterial",
          },
        ],
      ],
      [
        "Mesh",
        0,
        0.0188,
        -0.024,
        0.008,
        0,
        -0,
        0,
        1,
        1,
        1,
        1000,
        [
          {
            "blending": 1,
            "color": "f9da9e",
            "depthWrite": true,
            "name": "lever-brass",
            "opacity": 1,
            "transparent": true,
            "type": "MeshPhysicalMaterial",
          },
        ],
      ],
      [
        "Group",
        0,
        0,
        0,
        -0.555,
        0,
        0,
        0,
        1,
        1,
        1,
        0,
        [
          [
            "Mesh",
            1,
            0,
            0,
            0,
            0,
            -0,
            0.55219662,
            -0.833713916,
            1.147291794,
            1.147291794,
            1001,
            [
              {
                "blending": 2,
                "color": "ffffff",
                "depthWrite": false,
                "name": "",
                "opacity": 1,
                "transparent": true,
                "type": "MeshBasicMaterial",
              },
            ],
          ],
          [
            "Mesh",
            1,
            0,
            0,
            -0.06,
            0.344375937,
            -0.617580128,
            0.344375937,
            -0.617580128,
            1.074603783,
            1.074603783,
            1001,
            [
              {
                "blending": 2,
                "color": "ffffff",
                "depthWrite": false,
                "name": "",
                "opacity": 1,
                "transparent": true,
                "type": "MeshBasicMaterial",
              },
            ],
          ],
        ],
      ],
      [
        "Mesh",
        1,
        0,
        0,
        0,
        0,
        0,
        0,
        1,
        1,
        1,
        999,
        [
          {
            "blending": 1,
            "color": "ffffff",
            "depthWrite": false,
            "name": "",
            "opacity": 1,
            "transparent": true,
            "type": "MeshBasicMaterial",
          },
        ],
      ],
      [
        "Group",
        1,
        0,
        0,
        0,
        0,
        0,
        0,
        1,
        1,
        1,
        0,
        [
          [
            "Mesh",
            1,
            0,
            -0.017,
            -0.16,
            -0.354159612,
            -0.612022033,
            0.612022033,
            0.354159612,
            1,
            1,
            1000,
            [
              {
                "blending": 1,
                "color": "ffffff",
                "depthWrite": true,
                "name": "hunter-hands",
                "opacity": 1,
                "transparent": true,
                "type": "MeshPhysicalMaterial",
              },
            ],
          ],
          [
            "Mesh",
            1,
            0,
            -0.062,
            0.165,
            -0.122183264,
            0,
            -0,
            0.992507557,
            1,
            1,
            1000,
            [
              {
                "blending": 1,
                "color": "ffffff",
                "depthWrite": true,
                "name": "hunter-hands",
                "opacity": 1,
                "transparent": true,
                "type": "MeshPhysicalMaterial",
              },
            ],
          ],
        ],
      ],
    ],
    "pitch": 0.072000018,
    "scene": [
      [
        "Points",
        1,
        0,
        0,
        0,
        0,
        0,
        0,
        1,
        1,
        1,
        10,
      ],
    ],
    "state": {
      "ads": false,
      "ammo": 1,
      "loaded": true,
      "magazine": 7,
      "reloadProgress": 0,
      "reloading": false,
      "reserve": 17,
    },
  },
  "windows": [
    "9f80359b",
    "6e749a36",
    "ce6b3858",
    "a9634132",
    "caf2153f",
    "4ea803b7",
    "77571d46",
    "bb158cef",
    "f748b972",
    "59b94d4d",
    "5413ce8c",
    "ce102b20",
    "d42492a3",
    "99d064f4",
    "cbd3ca31",
    "af03d5b3",
    "e6377036",
    "16d43afb",
    "9187833e",
    "9e912b1c",
    "3f70e741",
    "e21e1062",
    "99eb8991",
    "402e3d9a",
    "19430cda",
    "8af4a020",
    "b34eec66",
    "b04b4efc",
    "a3b0b453",
    "51a0ce1d",
    "b01b8146",
    "7899d90e",
    "84676284",
    "712baee0",
    "3c5e409e",
    "eaeda2cd",
    "63cc1bbe",
    "a03e00c5",
    "eb641852",
    "b4e06749",
  ],
}
`;
