// Vitest Snapshot v1, https://vitest.dev/guide/snapshot.html

exports[`the AR-15 on the magazine firearm family keeps its pre-SF36 trace > builds the same viewmodel and plays the same scripted minute 1`] = `
{
  "built": {
    "children": 8,
    "meshes": [
      {
        "geo": -481.535990469,
        "mat": [
          {
            "blending": 1,
            "color": "f3f3f6",
            "depthWrite": true,
            "name": "rifle-alu",
            "opacity": 1,
            "transparent": true,
            "type": "MeshPhysicalMaterial",
          },
        ],
        "order": 1000,
        "verts": 2916,
      },
      {
        "geo": -1690.271987842,
        "mat": [
          {
            "blending": 1,
            "color": "f9f9f9",
            "depthWrite": true,
            "name": "rifle-poly",
            "opacity": 1,
            "transparent": true,
            "type": "MeshPhysicalMaterial",
          },
        ],
        "order": 1000,
        "verts": 1008,
      },
      {
        "geo": -1021.229985586,
        "mat": [
          {
            "blending": 1,
            "color": "aaaaad",
            "depthWrite": true,
            "name": "rifle-steel",
            "opacity": 1,
            "transparent": true,
            "type": "MeshPhysicalMaterial",
          },
        ],
        "order": 1000,
        "verts": 408,
      },
      {
        "geo": 56.411999524,
        "mat": [
          {
            "blending": 1,
            "color": "aaaaad",
            "depthWrite": true,
            "name": "rifle-steel",
            "opacity": 1,
            "transparent": true,
            "type": "MeshPhysicalMaterial",
          },
        ],
        "order": 1000,
        "verts": 72,
      },
      {
        "geo": -1.128000017,
        "mat": [
          {
            "blending": 1,
            "color": "aaaaad",
            "depthWrite": true,
            "name": "rifle-steel",
            "opacity": 1,
            "transparent": true,
            "type": "MeshPhysicalMaterial",
          },
        ],
        "order": 1000,
        "verts": 24,
      },
      {
        "geo": -36.324000256,
        "mat": [
          {
            "blending": 1,
            "color": "f9f9f9",
            "depthWrite": true,
            "name": "rifle-poly",
            "opacity": 1,
            "transparent": true,
            "type": "MeshPhysicalMaterial",
          },
        ],
        "order": 1000,
        "verts": 72,
      },
      {
        "geo": 0.02475,
        "mat": [
          {
            "blending": 1,
            "color": "8fe3ff",
            "depthWrite": true,
            "name": "",
            "opacity": 0.85,
            "transparent": true,
            "type": "MeshBasicMaterial",
          },
        ],
        "order": 1000,
        "verts": 115,
      },
      {
        "geo": 0,
        "mat": [
          {
            "blending": 2,
            "color": "ffffff",
            "depthWrite": false,
            "name": "",
            "opacity": 1,
            "transparent": true,
            "type": "MeshBasicMaterial",
          },
        ],
        "order": 1001,
        "verts": 4,
      },
      {
        "geo": 0,
        "mat": [
          {
            "blending": 2,
            "color": "ffffff",
            "depthWrite": false,
            "name": "",
            "opacity": 1,
            "transparent": true,
            "type": "MeshBasicMaterial",
          },
        ],
        "order": 1001,
        "verts": 4,
      },
    ],
  },
  "display": [
    [
      -481.535990469,
      0,
      0,
      0,
    ],
    [
      -1690.271987842,
      0,
      0,
      0,
    ],
    [
      -1021.229985586,
      0,
      0,
      0,
    ],
    [
      56.411999524,
      0,
      0,
      0,
    ],
    [
      -36.324000256,
      0,
      -0.105,
      -0.045,
    ],
  ],
  "last": {
    "fov": 93.93919417,
    "i": 599,
    "model": [
      0.088226833,
      -0.442473594,
      -0.434741713,
      -0.469036843,
      0.059658229,
      0.225725489,
      0.89632,
    ],
    "parts": [
      [
        1,
        0,
        0,
        0,
        0,
        0,
        0,
        1,
      ],
      [
        1,
        0,
        0,
        0,
        0,
        0,
        0,
        1,
      ],
      [
        1,
        0,
        0,
        0,
        0,
        0,
        0,
        1,
      ],
      [
        1,
        0,
        0,
        0,
        0,
        0,
        0,
        1,
      ],
      [
        1,
        0,
        0,
        0,
        0,
        0,
        0,
        1,
      ],
      [
        1,
        0,
        -0.105,
        -0.045,
        0,
        0,
        0,
        1,
      ],
      [
        0,
        0,
        0.064,
        0.1,
        0,
        0,
        0,
        1,
      ],
      [
        0,
        0,
        0.002,
        -0.665,
        0,
        0,
        0,
        1,
      ],
    ],
    "pitch": 0.24,
    "scene": [],
    "state": {
      "ads": false,
      "ammo": 30,
      "loaded": true,
      "magazine": 30,
      "reloadProgress": 0,
      "reloading": false,
      "reserve": 43,
    },
  },
  "windows": [
    "60f41308",
    "ef3ed91a",
    "17a8deb7",
    "78be1597",
    "12f7cc73",
    "ab077b9a",
    "a7c0a52b",
    "801bdfa6",
    "09ccf6c0",
    "62c05b06",
    "79be6672",
    "83ba40c2",
    "dd465fcf",
    "4d93d334",
    "4d1151ba",
    "2681e728",
    "03a78d03",
    "e03346eb",
    "65b68b0f",
    "552c41a2",
  ],
}
`;
