// Vitest Snapshot v1, https://vitest.dev/guide/snapshot.html

exports[`complete move tables and keyframes (09 §1.8) > sword / iron / jian share the exact sword moves; sabre and mounted passes keep their own keys 1`] = `
{
  "poses": [
    {
      "pos": [
        0.31,
        -0.35,
        -0.52,
      ],
      "q": [
        -0.4571174502943758,
        0.15474359925352316,
        0.03340822443938095,
        0.8752039451843449,
      ],
    },
    {
      "pos": [
        0.27,
        -0.09,
        -0.5,
      ],
      "q": [
        0.15938714588671396,
        0.04900472816517141,
        -0.11493257376475018,
        0.9792776816773451,
      ],
    },
    {
      "pos": [
        0.34,
        -0.46,
        -0.58,
      ],
      "q": [
        -0.47334317129060544,
        0.2601908498433473,
        -0.02745067998157384,
        0.8411262830389372,
      ],
    },
    {
      "pos": [
        0.3,
        -0.27,
        -0.52,
      ],
      "q": [
        -0.34975703853044765,
        0.09265181357111023,
        0.12793347232740063,
        0.9234276810333601,
      ],
    },
    {
      "pos": [
        0.27,
        -0.08,
        -0.5,
      ],
      "q": [
        0.16451502551740974,
        0.12254900396296026,
        -0.08212491414298356,
        0.9752804963105227,
      ],
    },
    {
      "pos": [
        0.35,
        -0.47,
        -0.58,
      ],
      "q": [
        -0.4956193988611785,
        0.29683737344689115,
        -0.07051006798378055,
        0.8131895938282521,
      ],
    },
  ],
  "sabre": [
    {
      "damage": 1,
      "hitStop": 0.045,
      "keys": [
        {
          "pos": [
            0.44,
            -0.22,
            -0.5,
          ],
          "q": [
            -0.04391188043716196,
            0.4288877219850984,
            -0.4447317618378187,
            0.7850737090869462,
          ],
          "t": 0.07,
        },
        {
          "pos": [
            0.2,
            -0.3,
            -0.47,
          ],
          "q": [
            -0.4248464873374544,
            0.3224303701165876,
            0.2111259965672483,
            0.8191275433026245,
          ],
          "t": 0.13,
        },
        {
          "pos": [
            -0.06,
            -0.4,
            -0.46,
          ],
          "q": [
            -0.42835506341804586,
            0.16166093074222365,
            0.5398882996801251,
            0.7063273369933968,
          ],
          "t": 0.24,
        },
      ],
      "kick": {
        "pitch": -0.6,
        "roll": 1.6,
      },
      "name": "slash",
      "slashEnd": 0.24,
      "stagger": 0,
      "sweep": 1,
      "total": 0.35,
      "trail": {
        "alpha": 0.65,
        "color": [
          0.78,
          0.92,
          1,
        ],
        "from": 0.58,
        "inner": 0,
        "life": 0.14,
      },
      "windup": 0.07,
    },
    {
      "damage": 1,
      "hitStop": 0.045,
      "keys": [
        {
          "pos": [
            -0.12,
            -0.38,
            -0.48,
          ],
          "q": [
            -0.2385781644728322,
            -0.1157755696209081,
            0.5855422536115431,
            0.7660396505085384,
          ],
          "t": 0.06,
        },
        {
          "pos": [
            0.12,
            -0.26,
            -0.5,
          ],
          "q": [
            -0.3657989876972277,
            -0.2519014960443412,
            0.0751657006498871,
            0.8927972078451623,
          ],
          "t": 0.125,
        },
        {
          "pos": [
            0.42,
            -0.14,
            -0.5,
          ],
          "q": [
            -0.2935618110487509,
            -0.29298124836580264,
            -0.4286903886130125,
            0.8026256922816621,
          ],
          "t": 0.22,
        },
      ],
      "kick": {
        "pitch": -0.6,
        "roll": -1.6,
      },
      "name": "backhand",
      "slashEnd": 0.22,
      "stagger": 0,
      "sweep": -1,
      "total": 0.34,
      "trail": {
        "alpha": 0.65,
        "color": [
          0.72,
          0.88,
          1,
        ],
        "from": 0.58,
        "inner": 0,
        "life": 0.14,
      },
      "windup": 0.06,
    },
    {
      "damage": 1.3333333333333333,
      "hitStop": 0.06,
      "keys": [
        {
          "pos": [
            0.34,
            -0.04,
            -0.48,
          ],
          "q": [
            -0.004094395292747723,
            0.2426309545129588,
            -0.19543732712780187,
            0.9502198203597196,
          ],
          "t": 0.1,
        },
        {
          "pos": [
            0.1,
            -0.2,
            -0.47,
          ],
          "q": [
            -0.502749987108182,
            0.14780251829839813,
            0.16306613518641436,
            0.8359463509117918,
          ],
          "t": 0.19,
        },
        {
          "pos": [
            -0.16,
            -0.46,
            -0.44,
          ],
          "q": [
            -0.5913139603707884,
            0.042410407834969036,
            0.5744465829676145,
            0.5644114464596875,
          ],
          "t": 0.28,
        },
      ],
      "kick": {
        "pitch": -1.8,
        "roll": 1.1,
      },
      "name": "finisher",
      "slashEnd": 0.28,
      "stagger": 0.25,
      "sweep": 0.5,
      "total": 0.44,
      "trail": {
        "alpha": 0.75,
        "color": [
          0.86,
          0.95,
          1,
        ],
        "from": 0.5,
        "inner": 0.05,
        "life": 0.16,
      },
      "windup": 0.1,
    },
    {
      "damage": 2,
      "hitStop": 0.08,
      "keys": [
        {
          "pos": [
            0.3,
            -0.02,
            -0.5,
          ],
          "q": [
            0.20973136818295646,
            0.096693015703535,
            -0.1339256084050594,
            0.963704905729755,
          ],
          "t": 0.06,
        },
        {
          "pos": [
            0.06,
            -0.18,
            -0.52,
          ],
          "q": [
            -0.46541948530704735,
            0.044004173771794816,
            0.09050966984483698,
            0.8793499502767732,
          ],
          "t": 0.17,
        },
        {
          "pos": [
            -0.14,
            -0.5,
            -0.44,
          ],
          "q": [
            -0.6459658564333921,
            0,
            0.5509708775461284,
            0.528355187746201,
          ],
          "t": 0.3,
        },
      ],
      "kick": {
        "fov": -2,
        "pitch": -2.6,
        "roll": 0.8,
      },
      "name": "heavy",
      "slashEnd": 0.3,
      "stagger": 1,
      "sweep": 0.35,
      "total": 0.62,
      "trail": {
        "alpha": 1,
        "color": [
          0.9,
          0.97,
          1,
        ],
        "from": 0.3,
        "inner": 0.35,
        "life": 0.22,
      },
      "windup": 0.06,
    },
    {
      "damage": 1,
      "hitStop": 0.05,
      "keys": [
        {
          "pos": [
            0.25,
            -0.12,
            -0.5,
          ],
          "q": [
            -0.24609431760218528,
            -0.1914628487984852,
            0.10329232974618302,
            0.9445158860440035,
          ],
          "t": 0.09,
        },
        {
          "pos": [
            0.05,
            -0.3,
            -0.52,
          ],
          "q": [
            -0.3954285688696757,
            -0.23633376395616898,
            0.607128532844262,
            0.6474392199599617,
          ],
          "t": 0.18,
        },
        {
          "pos": [
            -0.15,
            -0.42,
            -0.4,
          ],
          "q": [
            0.17507516837360412,
            -0.22199831552363483,
            0.8419379539814745,
            0.45957144707772185,
          ],
          "t": 0.3,
        },
      ],
      "kick": {
        "pitch": -0.5,
        "roll": 1.2,
      },
      "name": "pass-left",
      "reach": 2.8,
      "slashEnd": 0.3,
      "stagger": 1,
      "sweep": 1,
      "total": 0.5,
      "trail": {
        "alpha": 0.9,
        "color": [
          0.8,
          0.94,
          1,
        ],
        "from": 0.3,
        "inner": 0.2,
        "life": 0.2,
      },
      "windup": 0.09,
    },
    {
      "damage": 1,
      "hitStop": 0.05,
      "keys": [
        {
          "pos": [
            0.36,
            -0.08,
            -0.5,
          ],
          "q": [
            -0.11279110208036092,
            0.5349292972471636,
            -0.29959134048155495,
            0.7819039857595166,
          ],
          "t": 0.09,
        },
        {
          "pos": [
            0.4,
            -0.3,
            -0.5,
          ],
          "q": [
            -0.20413554732901507,
            0.4439605985250658,
            -0.6952735281479079,
            0.5270885943849564,
          ],
          "t": 0.18,
        },
        {
          "pos": [
            0.38,
            -0.42,
            -0.36,
          ],
          "q": [
            0.4073239405152599,
            0.34029056635162663,
            -0.7647629718690815,
            0.3652767920265129,
          ],
          "t": 0.3,
        },
      ],
      "kick": {
        "pitch": -0.5,
        "roll": -1.2,
      },
      "name": "pass-right",
      "reach": 2.8,
      "slashEnd": 0.3,
      "stagger": 1,
      "sweep": -1,
      "total": 0.5,
      "trail": {
        "alpha": 0.9,
        "color": [
          0.8,
          0.94,
          1,
        ],
        "from": 0.3,
        "inner": 0.2,
        "life": 0.2,
      },
      "windup": 0.09,
    },
  ],
  "sword": [
    {
      "damage": 1,
      "hitStop": 0.06,
      "keys": [
        {
          "pos": [
            0.42,
            -0.25,
            -0.5,
          ],
          "q": [
            -0.16316667393372664,
            0.24441096034196222,
            -0.40404524755003635,
            0.8662490155344216,
          ],
          "t": 0.07,
        },
        {
          "pos": [
            0.22,
            -0.33,
            -0.48,
          ],
          "q": [
            -0.3651996891106262,
            0.1285380047404737,
            0.3560688629157144,
            0.8504834703112989,
          ],
          "t": 0.13,
        },
        {
          "pos": [
            -0.02,
            -0.35,
            -0.46,
          ],
          "q": [
            -0.3104471597715162,
            0.05852408405189409,
            0.5418288794187572,
            0.7788574696332436,
          ],
          "t": 0.235,
        },
      ],
      "kick": {
        "pitch": -0.6,
        "roll": 1.6,
      },
      "name": "slash",
      "slashEnd": 0.235,
      "stagger": 0,
      "sweep": 1,
      "total": 0.35,
      "trail": {
        "alpha": 0.6,
        "color": [
          1,
          1,
          1,
        ],
        "from": 0.62,
        "inner": 0,
        "life": 0.13,
      },
      "windup": 0.07,
    },
    {
      "damage": 1,
      "hitStop": 0.06,
      "keys": [
        {
          "pos": [
            -0.12,
            -0.28,
            -0.48,
          ],
          "q": [
            -0.11240088491219112,
            -0.14876274619937271,
            0.5072672148546117,
            0.8413772394995142,
          ],
          "t": 0.06,
        },
        {
          "pos": [
            0.1,
            -0.3,
            -0.5,
          ],
          "q": [
            -0.4334716364860181,
            -0.0899088136293825,
            0.03229449363555013,
            0.8960891759611391,
          ],
          "t": 0.125,
        },
        {
          "pos": [
            0.4,
            -0.26,
            -0.5,
          ],
          "q": [
            -0.24419814988414842,
            -0.041217154481924714,
            -0.5101560215226876,
            0.8236560225444329,
          ],
          "t": 0.22,
        },
      ],
      "kick": {
        "pitch": -0.6,
        "roll": -1.6,
      },
      "name": "backhand",
      "slashEnd": 0.22,
      "stagger": 0,
      "sweep": -1,
      "total": 0.34,
      "trail": {
        "alpha": 0.6,
        "color": [
          0.9,
          0.97,
          1,
        ],
        "from": 0.58,
        "inner": 0.05,
        "life": 0.13,
      },
      "windup": 0.06,
    },
    {
      "damage": 1.3333333333333333,
      "hitStop": 0.09,
      "keys": [
        {
          "pos": [
            0.3,
            -0.08,
            -0.5,
          ],
          "q": [
            -0.09550642864576096,
            0.09784924480366419,
            -0.17387687173394112,
            0.9752286300425675,
          ],
          "t": 0.1,
        },
        {
          "pos": [
            0.12,
            -0.2,
            -0.48,
          ],
          "q": [
            -0.4572027680720433,
            0.0653620707372627,
            0.17331383277214066,
            0.8698596116305374,
          ],
          "t": 0.19,
        },
        {
          "pos": [
            -0.14,
            -0.44,
            -0.44,
          ],
          "q": [
            -0.5418765176239015,
            0.014989204528347753,
            0.5889082563294541,
            0.5994432658912792,
          ],
          "t": 0.28,
        },
      ],
      "kick": {
        "pitch": -1.8,
        "roll": 1.1,
      },
      "name": "finisher",
      "slashEnd": 0.28,
      "stagger": 0.25,
      "sweep": 0.5,
      "total": 0.44,
      "trail": {
        "alpha": 0.7,
        "color": [
          1,
          0.97,
          0.88,
        ],
        "from": 0.5,
        "inner": 0.1,
        "life": 0.15,
      },
      "windup": 0.1,
    },
    {
      "damage": 2,
      "hitStop": 0.14,
      "keys": [
        {
          "pos": [
            0.29,
            -0.03,
            -0.5,
          ],
          "q": [
            0.19178943985678976,
            0.04851892118827721,
            -0.14421316759780178,
            0.9695696402721946,
          ],
          "t": 0.06,
        },
        {
          "pos": [
            0.08,
            -0.18,
            -0.52,
          ],
          "q": [
            -0.45177581002908934,
            0.02221409919649518,
            0.0786650061736078,
            0.888378842652815,
          ],
          "t": 0.17,
        },
        {
          "pos": [
            -0.12,
            -0.5,
            -0.44,
          ],
          "q": [
            -0.6633382183788675,
            0,
            0.5383614525973419,
            0.5197589387352851,
          ],
          "t": 0.3,
        },
      ],
      "kick": {
        "fov": -2,
        "pitch": -2.6,
        "roll": 0.8,
      },
      "name": "heavy",
      "slashEnd": 0.3,
      "stagger": 1,
      "sweep": 0.35,
      "total": 0.62,
      "trail": {
        "alpha": 1,
        "color": [
          1,
          0.98,
          0.94,
        ],
        "from": 0.34,
        "inner": 0.35,
        "life": 0.22,
      },
      "windup": 0.06,
    },
  ],
}
`;
