// Vitest Snapshot v1, https://vitest.dev/guide/snapshot.html

exports[`the Golden Bow on the reward bow family keeps its pre-SF36 trace > replaces a bow the same way and plays the same scripted twenty seconds 1`] = `
{
  "built": {
    "carrier": [
      -2.65968186,
      0,
      -8.598028402,
    ],
    "children": 5,
    "drawSpeedScale": 1.2,
    "meshes": [
      {
        "geo": 1186.518294936,
        "mat": [
          {
            "blending": 1,
            "color": null,
            "depthWrite": true,
            "emissive": null,
            "name": "",
            "opacity": 1,
            "transparent": true,
            "type": "MeshLambertMaterial",
          },
        ],
        "order": 1000,
        "verts": 7195,
      },
      {
        "geo": 739.620373094,
        "mat": [
          {
            "blending": 1,
            "color": null,
            "depthWrite": true,
            "emissive": null,
            "name": "",
            "opacity": 1,
            "transparent": true,
            "type": "MeshLambertMaterial",
          },
        ],
        "order": 1000,
        "verts": 221,
      },
      {
        "geo": -84.022637892,
        "mat": [
          {
            "blending": 1,
            "color": null,
            "depthWrite": true,
            "emissive": null,
            "name": "",
            "opacity": 1,
            "transparent": true,
            "type": "MeshLambertMaterial",
          },
        ],
        "order": 1000,
        "verts": 4155,
      },
      {
        "geo": 21599.447424795,
        "mat": [
          {
            "blending": 1,
            "color": null,
            "depthWrite": true,
            "emissive": null,
            "name": "",
            "opacity": 1,
            "transparent": true,
            "type": "MeshLambertMaterial",
          },
        ],
        "order": 1000,
        "verts": 19630,
      },
      {
        "geo": 19362.950879093,
        "mat": [
          {
            "blending": 1,
            "color": null,
            "depthWrite": true,
            "emissive": null,
            "name": "",
            "opacity": 1,
            "transparent": true,
            "type": "MeshLambertMaterial",
          },
        ],
        "order": 1000,
        "verts": 18854,
      },
    ],
    "row": [
      "weapon.golden-bow",
      "Golden Bow",
      "golden",
    ],
  },
  "eventCount": 33,
  "events": "c0af9db0",
  "last": {
    "aimed": 0,
    "carrier": [
      0,
      0,
      0,
    ],
    "charge": 0,
    "fov": 93.93919417,
    "full": false,
    "hp": [
      [
        0,
        -15,
      ],
      [
        1,
        400,
      ],
      [
        1,
        90,
      ],
    ],
    "i": 1199,
    "model": [
      0,
      0,
      0,
      0,
      0,
      0,
      1,
      0.72,
      1,
    ],
    "parts": [
      [
        "Group",
        1,
        0.191941828,
        -0.991856406,
        -0.79456,
        0.080056121,
        0.13410012,
        -0.428270323,
        0.89005208,
        1,
        1,
        0,
        [
          [
            "Mesh",
            1,
            0,
            0,
            0,
            0,
            0,
            0,
            1,
            1,
            1,
            1000,
            [
              {
                "blending": 1,
                "color": null,
                "depthWrite": true,
                "emissive": null,
                "name": "",
                "opacity": 1,
                "transparent": true,
                "type": "MeshLambertMaterial",
              },
            ],
            1186.501582643,
          ],
        ],
      ],
      [
        "Mesh",
        0,
        0.198488839,
        -0.855314345,
        -1.41504025,
        0.092228357,
        0.040654476,
        0,
        0.994907606,
        1,
        1,
        1000,
        [
          {
            "blending": 1,
            "color": null,
            "depthWrite": true,
            "emissive": null,
            "name": "",
            "opacity": 1,
            "transparent": true,
            "type": "MeshLambertMaterial",
          },
        ],
      ],
      [
        "Mesh",
        0,
        0.267279484,
        -1.032189907,
        -0.670812108,
        0.473351291,
        -0.10060851,
        0.049797866,
        0.873691396,
        1,
        1,
        1000,
        [
          {
            "blending": 1,
            "color": null,
            "depthWrite": true,
            "emissive": null,
            "name": "",
            "opacity": 1,
            "transparent": true,
            "type": "MeshLambertMaterial",
          },
        ],
      ],
      [
        "Mesh",
        1,
        0.178758485,
        -0.973815513,
        -0.736043572,
        0.392109046,
        -0,
        0.38266588,
        0.836550847,
        1,
        1,
        1000,
        [
          {
            "blending": 1,
            "color": null,
            "depthWrite": true,
            "emissive": null,
            "name": "",
            "opacity": 1,
            "transparent": true,
            "type": "MeshLambertMaterial",
          },
        ],
      ],
      [
        "Mesh",
        0,
        0.308498219,
        -1.062164835,
        -0.645974325,
        0.712443629,
        0,
        -0.554734122,
        0.429760549,
        1,
        1,
        1000,
        [
          {
            "blending": 1,
            "color": null,
            "depthWrite": true,
            "emissive": null,
            "name": "",
            "opacity": 1,
            "transparent": true,
            "type": "MeshLambertMaterial",
          },
        ],
      ],
    ],
    "scene": [
      [
        "Mesh",
        1,
        0,
        0,
        0,
        0,
        0,
        0,
        1,
        1,
        1,
        0,
        [
          {
            "blending": 1,
            "color": null,
            "depthWrite": true,
            "emissive": null,
            "name": "",
            "opacity": 1,
            "transparent": false,
            "type": "MeshLambertMaterial",
          },
        ],
      ],
      [
        "Points",
        1,
        0,
        0,
        0,
        0,
        0,
        0,
        1,
        1,
        1,
        10,
        0,
      ],
      [
        "Mesh",
        1,
        0,
        0,
        0,
        0,
        0,
        0,
        1,
        1,
        1,
        0,
        [
          {
            "blending": 1,
            "color": null,
            "depthWrite": true,
            "emissive": null,
            "name": "",
            "opacity": 1,
            "transparent": false,
            "type": "MeshLambertMaterial",
          },
        ],
      ],
      [
        "Points",
        1,
        0,
        0,
        0,
        0,
        0,
        0,
        1,
        1,
        1,
        10,
        -5118.287561001,
      ],
    ],
    "state": {
      "ads": false,
      "ammo": 18,
      "bolts": 18,
      "loaded": true,
      "magazine": 24,
      "reloadProgress": 1,
      "reloading": false,
      "reserve": 0,
    },
  },
  "windows": [
    "643589da",
    "f5427a26",
    "0d18d6e6",
    "b6b0d0d0",
    "610443f7",
    "9cb6b77b",
    "b4f8a359",
    "eb50f8ee",
    "363be598",
    "6f3053e0",
    "b34b4f71",
    "4862679c",
    "802763ef",
    "689de1c9",
    "03c3b2df",
    "c17f8c47",
    "d6ed7ac3",
    "b8821ea9",
    "7606a0b7",
    "3785e7d8",
    "56e72797",
    "838c1639",
    "36fe50e1",
    "8ff5bec0",
    "3c92fcac",
    "d5295d43",
    "4c902a2b",
    "40b54922",
    "5c98aefa",
    "d766d6c4",
    "bda0b885",
    "5b40647c",
    "8d21bc85",
    "c281e98f",
    "d14b44ef",
    "9bbe36b3",
    "4f8ca156",
    "ffb3b75a",
    "79fec597",
    "18d8d653",
  ],
}
`;
