// Vitest Snapshot v1, https://vitest.dev/guide/snapshot.html

exports[`trusted SDK swept contact family > preserves starter identity checks when a profile supplies equivalent custom moves (portrait=false) 1`] = `
{
  "context": "weapon.melee",
  "debris": [
    [
      "wood",
      [
        0,
        0.5,
        -1.5,
      ],
      [
        -0.509532,
        0.004042,
        -0.793953,
      ],
      8,
    ],
    [
      "sparks",
      [
        0,
        0.5,
        -1.5,
      ],
      [
        -0.509532,
        0.004042,
        -0.793953,
      ],
      10,
    ],
    [
      "wood",
      [
        0,
        0.5,
        -1.5,
      ],
      [
        0.461846,
        -0.015436,
        -0.822472,
      ],
      8,
    ],
    [
      "sparks",
      [
        0,
        0.5,
        -1.5,
      ],
      [
        0.461846,
        -0.015436,
        -0.822472,
      ],
      10,
    ],
    [
      "wood",
      [
        0,
        0.5,
        -1.5,
      ],
      [
        -0.314879,
        0.012831,
        -0.776651,
      ],
      8,
    ],
    [
      "sparks",
      [
        0,
        0.5,
        -1.5,
      ],
      [
        -0.314879,
        0.012831,
        -0.776651,
      ],
      10,
    ],
    [
      "wood",
      [
        0,
        0.5,
        -1.5,
      ],
      [
        -0.210467,
        -0.005824,
        -0.791388,
      ],
      13,
    ],
    [
      "sparks",
      [
        0,
        0.5,
        -1.5,
      ],
      [
        -0.210467,
        -0.005824,
        -0.791388,
      ],
      16,
    ],
  ],
  "events": [
    [
      "swing",
      0.7,
      false,
      -1,
    ],
    [
      "stagger",
      [
        -0.509532,
        0.004042,
        -0.793953,
      ],
      0,
    ],
    [
      "strike",
      "sailor",
      [
        0,
        0.5,
        -1.5,
      ],
      0.5,
      false,
    ],
    [
      "swing",
      0.7,
      false,
      1,
    ],
    [
      "stagger",
      [
        0.461846,
        -0.015436,
        -0.822472,
      ],
      0,
    ],
    [
      "strike",
      "sailor",
      [
        0,
        0.5,
        -1.5,
      ],
      0.5,
      false,
    ],
    [
      "swing",
      0.7,
      false,
      -1,
    ],
    [
      "stagger",
      [
        -0.314879,
        0.012831,
        -0.776651,
      ],
      0.25,
    ],
    [
      "strike",
      "sailor",
      [
        0,
        0.5,
        -1.5,
      ],
      0.5,
      false,
    ],
    [
      "swing",
      1,
      true,
      -1,
    ],
    [
      "stagger",
      [
        -0.210467,
        -0.005824,
        -0.791388,
      ],
      1,
    ],
    [
      "strike",
      "sailor",
      [
        0,
        0.5,
        -1.5,
      ],
      1,
      false,
    ],
  ],
  "frames": 600,
  "hash": 3820438559,
  "hits": [
    [
      5,
      28,
      [
        0,
        0.5,
        -1.5,
      ],
      [
        -0.71548,
        0.011431,
        -0.698539,
      ],
    ],
    [
      20,
      28,
      [
        0,
        0.5,
        -1.5,
      ],
      [
        0.673304,
        0,
        -0.739366,
      ],
    ],
    [
      38,
      37,
      [
        0,
        0.5,
        -1.5,
      ],
      [
        -0.516625,
        -0.105869,
        -0.849641,
      ],
    ],
    [
      138,
      56,
      [
        0,
        0.5,
        -1.5,
      ],
      [
        -0.359306,
        -0.260789,
        -0.89604,
      ],
    ],
  ],
  "stops": [
    0.06,
    0.06,
    0.09,
    0.14,
  ],
}
`;

exports[`trusted SDK swept contact family > preserves starter identity checks when a profile supplies equivalent custom moves (portrait=true) 1`] = `
{
  "context": "weapon.melee",
  "debris": [
    [
      "wood",
      [
        0,
        0.5,
        -1.5,
      ],
      [
        -0.509532,
        0.004042,
        -0.793953,
      ],
      8,
    ],
    [
      "sparks",
      [
        0,
        0.5,
        -1.5,
      ],
      [
        -0.509532,
        0.004042,
        -0.793953,
      ],
      10,
    ],
    [
      "wood",
      [
        0,
        0.5,
        -1.5,
      ],
      [
        0.461846,
        -0.015436,
        -0.822472,
      ],
      8,
    ],
    [
      "sparks",
      [
        0,
        0.5,
        -1.5,
      ],
      [
        0.461846,
        -0.015436,
        -0.822472,
      ],
      10,
    ],
    [
      "wood",
      [
        0,
        0.5,
        -1.5,
      ],
      [
        -0.314879,
        0.012831,
        -0.776651,
      ],
      8,
    ],
    [
      "sparks",
      [
        0,
        0.5,
        -1.5,
      ],
      [
        -0.314879,
        0.012831,
        -0.776651,
      ],
      10,
    ],
    [
      "wood",
      [
        0,
        0.5,
        -1.5,
      ],
      [
        -0.210467,
        -0.005824,
        -0.791388,
      ],
      13,
    ],
    [
      "sparks",
      [
        0,
        0.5,
        -1.5,
      ],
      [
        -0.210467,
        -0.005824,
        -0.791388,
      ],
      16,
    ],
  ],
  "events": [
    [
      "swing",
      0.7,
      false,
      -1,
    ],
    [
      "stagger",
      [
        -0.509532,
        0.004042,
        -0.793953,
      ],
      0,
    ],
    [
      "strike",
      "sailor",
      [
        0,
        0.5,
        -1.5,
      ],
      0.5,
      false,
    ],
    [
      "swing",
      0.7,
      false,
      1,
    ],
    [
      "stagger",
      [
        0.461846,
        -0.015436,
        -0.822472,
      ],
      0,
    ],
    [
      "strike",
      "sailor",
      [
        0,
        0.5,
        -1.5,
      ],
      0.5,
      false,
    ],
    [
      "swing",
      0.7,
      false,
      -1,
    ],
    [
      "stagger",
      [
        -0.314879,
        0.012831,
        -0.776651,
      ],
      0.25,
    ],
    [
      "strike",
      "sailor",
      [
        0,
        0.5,
        -1.5,
      ],
      0.5,
      false,
    ],
    [
      "swing",
      1,
      true,
      -1,
    ],
    [
      "stagger",
      [
        -0.210467,
        -0.005824,
        -0.791388,
      ],
      1,
    ],
    [
      "strike",
      "sailor",
      [
        0,
        0.5,
        -1.5,
      ],
      1,
      false,
    ],
  ],
  "frames": 600,
  "hash": 3386375889,
  "hits": [
    [
      5,
      28,
      [
        0,
        0.5,
        -1.5,
      ],
      [
        -0.71548,
        0.011431,
        -0.698539,
      ],
    ],
    [
      20,
      28,
      [
        0,
        0.5,
        -1.5,
      ],
      [
        0.673304,
        0,
        -0.739366,
      ],
    ],
    [
      38,
      37,
      [
        0,
        0.5,
        -1.5,
      ],
      [
        -0.516625,
        -0.105869,
        -0.849641,
      ],
    ],
    [
      138,
      56,
      [
        0,
        0.5,
        -1.5,
      ],
      [
        -0.359306,
        -0.260789,
        -0.89604,
      ],
    ],
  ],
  "stops": [
    0.06,
    0.06,
    0.09,
    0.14,
  ],
}
`;

exports[`trusted SDK swept contact family > preserves supplied rigs, every dynamic view buffer, combo/heavy timing and debris (portrait=false) > iron:boar 1`] = `
{
  "context": "weapon.melee",
  "debris": [
    [
      "sand",
      [
        0,
        0.05,
        -1.5,
      ],
      [
        -0.509532,
        0.004042,
        -0.793953,
      ],
      10,
    ],
    [
      "sand",
      [
        0,
        0.05,
        -1.5,
      ],
      [
        0.461846,
        -0.015436,
        -0.822472,
      ],
      10,
    ],
    [
      "sand",
      [
        0,
        0.05,
        -1.5,
      ],
      [
        -0.314879,
        0.012831,
        -0.776651,
      ],
      10,
    ],
    [
      "sand",
      [
        0,
        0.05,
        -1.5,
      ],
      [
        -0.210467,
        -0.005824,
        -0.791388,
      ],
      16,
    ],
  ],
  "events": [
    [
      "swing",
      0.7,
      false,
      -1,
    ],
    [
      "stagger",
      [
        -0.509532,
        0.004042,
        -0.793953,
      ],
      0,
    ],
    [
      "strike",
      "boar",
      [
        0,
        0.5,
        -1.5,
      ],
      0.5,
      false,
    ],
    [
      "swing",
      0.7,
      false,
      1,
    ],
    [
      "stagger",
      [
        0.461846,
        -0.015436,
        -0.822472,
      ],
      0,
    ],
    [
      "strike",
      "boar",
      [
        0,
        0.5,
        -1.5,
      ],
      0.5,
      false,
    ],
    [
      "swing",
      0.85,
      false,
      -1,
    ],
    [
      "stagger",
      [
        -0.314879,
        0.012831,
        -0.776651,
      ],
      0.25,
    ],
    [
      "strike",
      "boar",
      [
        0,
        0.5,
        -1.5,
      ],
      0.75,
      false,
    ],
    [
      "swing",
      1,
      true,
      -1,
    ],
    [
      "stagger",
      [
        -0.210467,
        -0.005824,
        -0.791388,
      ],
      1,
    ],
    [
      "strike",
      "boar",
      [
        0,
        0.5,
        -1.5,
      ],
      1,
      false,
    ],
  ],
  "frames": 600,
  "hash": 3820438559,
  "hits": [
    [
      5,
      28,
      [
        0,
        0.5,
        -1.5,
      ],
      [
        -0.71548,
        0.011431,
        -0.698539,
      ],
    ],
    [
      20,
      28,
      [
        0,
        0.5,
        -1.5,
      ],
      [
        0.673304,
        0,
        -0.739366,
      ],
    ],
    [
      38,
      37,
      [
        0,
        0.5,
        -1.5,
      ],
      [
        -0.516625,
        -0.105869,
        -0.849641,
      ],
    ],
    [
      138,
      56,
      [
        0,
        0.5,
        -1.5,
      ],
      [
        -0.359306,
        -0.260789,
        -0.89604,
      ],
    ],
  ],
  "stops": [
    0.06,
    0.06,
    0.09,
    0.14,
  ],
}
`;

exports[`trusted SDK swept contact family > preserves supplied rigs, every dynamic view buffer, combo/heavy timing and debris (portrait=false) > iron:crab 1`] = `
{
  "context": "weapon.melee",
  "debris": [
    [
      "shell",
      [
        0,
        0.5,
        -1.5,
      ],
      [
        -0.509532,
        0.004042,
        -0.793953,
      ],
      9,
    ],
    [
      "sparks",
      [
        0,
        0.5,
        -1.5,
      ],
      [
        -0.509532,
        0.004042,
        -0.793953,
      ],
      10,
    ],
    [
      "shell",
      [
        0,
        0.5,
        -1.5,
      ],
      [
        0.461846,
        -0.015436,
        -0.822472,
      ],
      9,
    ],
    [
      "sparks",
      [
        0,
        0.5,
        -1.5,
      ],
      [
        0.461846,
        -0.015436,
        -0.822472,
      ],
      10,
    ],
    [
      "shell",
      [
        0,
        0.5,
        -1.5,
      ],
      [
        -0.314879,
        0.012831,
        -0.776651,
      ],
      9,
    ],
    [
      "sparks",
      [
        0,
        0.5,
        -1.5,
      ],
      [
        -0.314879,
        0.012831,
        -0.776651,
      ],
      10,
    ],
    [
      "shell",
      [
        0,
        0.5,
        -1.5,
      ],
      [
        -0.210467,
        -0.005824,
        -0.791388,
      ],
      14,
    ],
    [
      "sparks",
      [
        0,
        0.5,
        -1.5,
      ],
      [
        -0.210467,
        -0.005824,
        -0.791388,
      ],
      16,
    ],
  ],
  "events": [
    [
      "swing",
      0.7,
      false,
      -1,
    ],
    [
      "stagger",
      [
        -0.509532,
        0.004042,
        -0.793953,
      ],
      0,
    ],
    [
      "strike",
      "crab",
      [
        0,
        0.5,
        -1.5,
      ],
      0.5,
      false,
    ],
    [
      "swing",
      0.7,
      false,
      1,
    ],
    [
      "stagger",
      [
        0.461846,
        -0.015436,
        -0.822472,
      ],
      0,
    ],
    [
      "strike",
      "crab",
      [
        0,
        0.5,
        -1.5,
      ],
      0.5,
      false,
    ],
    [
      "swing",
      0.85,
      false,
      -1,
    ],
    [
      "stagger",
      [
        -0.314879,
        0.012831,
        -0.776651,
      ],
      0.25,
    ],
    [
      "strike",
      "crab",
      [
        0,
        0.5,
        -1.5,
      ],
      0.75,
      false,
    ],
    [
      "swing",
      1,
      true,
      -1,
    ],
    [
      "stagger",
      [
        -0.210467,
        -0.005824,
        -0.791388,
      ],
      1,
    ],
    [
      "strike",
      "crab",
      [
        0,
        0.5,
        -1.5,
      ],
      1,
      false,
    ],
  ],
  "frames": 600,
  "hash": 3820438559,
  "hits": [
    [
      5,
      28,
      [
        0,
        0.5,
        -1.5,
      ],
      [
        -0.71548,
        0.011431,
        -0.698539,
      ],
    ],
    [
      20,
      28,
      [
        0,
        0.5,
        -1.5,
      ],
      [
        0.673304,
        0,
        -0.739366,
      ],
    ],
    [
      38,
      37,
      [
        0,
        0.5,
        -1.5,
      ],
      [
        -0.516625,
        -0.105869,
        -0.849641,
      ],
    ],
    [
      138,
      56,
      [
        0,
        0.5,
        -1.5,
      ],
      [
        -0.359306,
        -0.260789,
        -0.89604,
      ],
    ],
  ],
  "stops": [
    0.06,
    0.06,
    0.09,
    0.14,
  ],
}
`;

exports[`trusted SDK swept contact family > preserves supplied rigs, every dynamic view buffer, combo/heavy timing and debris (portrait=false) > iron:sailor 1`] = `
{
  "context": "weapon.melee",
  "debris": [
    [
      "wood",
      [
        0,
        0.5,
        -1.5,
      ],
      [
        -0.509532,
        0.004042,
        -0.793953,
      ],
      8,
    ],
    [
      "sparks",
      [
        0,
        0.5,
        -1.5,
      ],
      [
        -0.509532,
        0.004042,
        -0.793953,
      ],
      10,
    ],
    [
      "wood",
      [
        0,
        0.5,
        -1.5,
      ],
      [
        0.461846,
        -0.015436,
        -0.822472,
      ],
      8,
    ],
    [
      "sparks",
      [
        0,
        0.5,
        -1.5,
      ],
      [
        0.461846,
        -0.015436,
        -0.822472,
      ],
      10,
    ],
    [
      "wood",
      [
        0,
        0.5,
        -1.5,
      ],
      [
        -0.314879,
        0.012831,
        -0.776651,
      ],
      8,
    ],
    [
      "sparks",
      [
        0,
        0.5,
        -1.5,
      ],
      [
        -0.314879,
        0.012831,
        -0.776651,
      ],
      10,
    ],
    [
      "wood",
      [
        0,
        0.5,
        -1.5,
      ],
      [
        -0.210467,
        -0.005824,
        -0.791388,
      ],
      13,
    ],
    [
      "sparks",
      [
        0,
        0.5,
        -1.5,
      ],
      [
        -0.210467,
        -0.005824,
        -0.791388,
      ],
      16,
    ],
  ],
  "events": [
    [
      "swing",
      0.7,
      false,
      -1,
    ],
    [
      "stagger",
      [
        -0.509532,
        0.004042,
        -0.793953,
      ],
      0,
    ],
    [
      "strike",
      "sailor",
      [
        0,
        0.5,
        -1.5,
      ],
      0.5,
      false,
    ],
    [
      "swing",
      0.7,
      false,
      1,
    ],
    [
      "stagger",
      [
        0.461846,
        -0.015436,
        -0.822472,
      ],
      0,
    ],
    [
      "strike",
      "sailor",
      [
        0,
        0.5,
        -1.5,
      ],
      0.5,
      false,
    ],
    [
      "swing",
      0.85,
      false,
      -1,
    ],
    [
      "stagger",
      [
        -0.314879,
        0.012831,
        -0.776651,
      ],
      0.25,
    ],
    [
      "strike",
      "sailor",
      [
        0,
        0.5,
        -1.5,
      ],
      0.75,
      false,
    ],
    [
      "swing",
      1,
      true,
      -1,
    ],
    [
      "stagger",
      [
        -0.210467,
        -0.005824,
        -0.791388,
      ],
      1,
    ],
    [
      "strike",
      "sailor",
      [
        0,
        0.5,
        -1.5,
      ],
      1,
      false,
    ],
  ],
  "frames": 600,
  "hash": 3820438559,
  "hits": [
    [
      5,
      28,
      [
        0,
        0.5,
        -1.5,
      ],
      [
        -0.71548,
        0.011431,
        -0.698539,
      ],
    ],
    [
      20,
      28,
      [
        0,
        0.5,
        -1.5,
      ],
      [
        0.673304,
        0,
        -0.739366,
      ],
    ],
    [
      38,
      37,
      [
        0,
        0.5,
        -1.5,
      ],
      [
        -0.516625,
        -0.105869,
        -0.849641,
      ],
    ],
    [
      138,
      56,
      [
        0,
        0.5,
        -1.5,
      ],
      [
        -0.359306,
        -0.260789,
        -0.89604,
      ],
    ],
  ],
  "stops": [
    0.06,
    0.06,
    0.09,
    0.14,
  ],
}
`;

exports[`trusted SDK swept contact family > preserves supplied rigs, every dynamic view buffer, combo/heavy timing and debris (portrait=false) > wood:boar 1`] = `
{
  "context": "weapon.melee",
  "debris": [
    [
      "sand",
      [
        0,
        0.05,
        -1.5,
      ],
      [
        -0.509532,
        0.004042,
        -0.793953,
      ],
      10,
    ],
    [
      "sand",
      [
        0,
        0.05,
        -1.5,
      ],
      [
        0.461846,
        -0.015436,
        -0.822472,
      ],
      10,
    ],
    [
      "sand",
      [
        0,
        0.05,
        -1.5,
      ],
      [
        -0.314879,
        0.012831,
        -0.776651,
      ],
      10,
    ],
    [
      "sand",
      [
        0,
        0.05,
        -1.5,
      ],
      [
        -0.210467,
        -0.005824,
        -0.791388,
      ],
      16,
    ],
  ],
  "events": [
    [
      "swing",
      0.7,
      false,
      -1,
    ],
    [
      "stagger",
      [
        -0.509532,
        0.004042,
        -0.793953,
      ],
      0,
    ],
    [
      "strike",
      "boar",
      [
        0,
        0.5,
        -1.5,
      ],
      0.5,
      false,
    ],
    [
      "swing",
      0.7,
      false,
      1,
    ],
    [
      "stagger",
      [
        0.461846,
        -0.015436,
        -0.822472,
      ],
      0,
    ],
    [
      "strike",
      "boar",
      [
        0,
        0.5,
        -1.5,
      ],
      0.5,
      false,
    ],
    [
      "swing",
      0.85,
      false,
      -1,
    ],
    [
      "stagger",
      [
        -0.314879,
        0.012831,
        -0.776651,
      ],
      0.25,
    ],
    [
      "strike",
      "boar",
      [
        0,
        0.5,
        -1.5,
      ],
      0.75,
      false,
    ],
    [
      "swing",
      1,
      true,
      -1,
    ],
    [
      "stagger",
      [
        -0.210467,
        -0.005824,
        -0.791388,
      ],
      1,
    ],
    [
      "strike",
      "boar",
      [
        0,
        0.5,
        -1.5,
      ],
      1,
      false,
    ],
  ],
  "frames": 600,
  "hash": 3820438559,
  "hits": [
    [
      5,
      12,
      [
        0,
        0.5,
        -1.5,
      ],
      [
        -0.71548,
        0.011431,
        -0.698539,
      ],
    ],
    [
      20,
      12,
      [
        0,
        0.5,
        -1.5,
      ],
      [
        0.673304,
        0,
        -0.739366,
      ],
    ],
    [
      38,
      16,
      [
        0,
        0.5,
        -1.5,
      ],
      [
        -0.516625,
        -0.105869,
        -0.849641,
      ],
    ],
    [
      138,
      24,
      [
        0,
        0.5,
        -1.5,
      ],
      [
        -0.359306,
        -0.260789,
        -0.89604,
      ],
    ],
  ],
  "stops": [
    0.06,
    0.06,
    0.09,
    0.14,
  ],
}
`;

exports[`trusted SDK swept contact family > preserves supplied rigs, every dynamic view buffer, combo/heavy timing and debris (portrait=false) > wood:crab 1`] = `
{
  "context": "weapon.melee",
  "debris": [
    [
      "shell",
      [
        0,
        0.5,
        -1.5,
      ],
      [
        -0.509532,
        0.004042,
        -0.793953,
      ],
      9,
    ],
    [
      "shell",
      [
        0,
        0.5,
        -1.5,
      ],
      [
        0.461846,
        -0.015436,
        -0.822472,
      ],
      9,
    ],
    [
      "shell",
      [
        0,
        0.5,
        -1.5,
      ],
      [
        -0.314879,
        0.012831,
        -0.776651,
      ],
      9,
    ],
    [
      "shell",
      [
        0,
        0.5,
        -1.5,
      ],
      [
        -0.210467,
        -0.005824,
        -0.791388,
      ],
      14,
    ],
  ],
  "events": [
    [
      "swing",
      0.7,
      false,
      -1,
    ],
    [
      "stagger",
      [
        -0.509532,
        0.004042,
        -0.793953,
      ],
      0,
    ],
    [
      "strike",
      "crab",
      [
        0,
        0.5,
        -1.5,
      ],
      0.5,
      false,
    ],
    [
      "swing",
      0.7,
      false,
      1,
    ],
    [
      "stagger",
      [
        0.461846,
        -0.015436,
        -0.822472,
      ],
      0,
    ],
    [
      "strike",
      "crab",
      [
        0,
        0.5,
        -1.5,
      ],
      0.5,
      false,
    ],
    [
      "swing",
      0.85,
      false,
      -1,
    ],
    [
      "stagger",
      [
        -0.314879,
        0.012831,
        -0.776651,
      ],
      0.25,
    ],
    [
      "strike",
      "crab",
      [
        0,
        0.5,
        -1.5,
      ],
      0.75,
      false,
    ],
    [
      "swing",
      1,
      true,
      -1,
    ],
    [
      "stagger",
      [
        -0.210467,
        -0.005824,
        -0.791388,
      ],
      1,
    ],
    [
      "strike",
      "crab",
      [
        0,
        0.5,
        -1.5,
      ],
      1,
      false,
    ],
  ],
  "frames": 600,
  "hash": 3820438559,
  "hits": [
    [
      5,
      12,
      [
        0,
        0.5,
        -1.5,
      ],
      [
        -0.71548,
        0.011431,
        -0.698539,
      ],
    ],
    [
      20,
      12,
      [
        0,
        0.5,
        -1.5,
      ],
      [
        0.673304,
        0,
        -0.739366,
      ],
    ],
    [
      38,
      16,
      [
        0,
        0.5,
        -1.5,
      ],
      [
        -0.516625,
        -0.105869,
        -0.849641,
      ],
    ],
    [
      138,
      24,
      [
        0,
        0.5,
        -1.5,
      ],
      [
        -0.359306,
        -0.260789,
        -0.89604,
      ],
    ],
  ],
  "stops": [
    0.06,
    0.06,
    0.09,
    0.14,
  ],
}
`;

exports[`trusted SDK swept contact family > preserves supplied rigs, every dynamic view buffer, combo/heavy timing and debris (portrait=false) > wood:sailor 1`] = `
{
  "context": "weapon.melee",
  "debris": [
    [
      "wood",
      [
        0,
        0.5,
        -1.5,
      ],
      [
        -0.509532,
        0.004042,
        -0.793953,
      ],
      8,
    ],
    [
      "wood",
      [
        0,
        0.5,
        -1.5,
      ],
      [
        0.461846,
        -0.015436,
        -0.822472,
      ],
      8,
    ],
    [
      "wood",
      [
        0,
        0.5,
        -1.5,
      ],
      [
        -0.314879,
        0.012831,
        -0.776651,
      ],
      8,
    ],
    [
      "wood",
      [
        0,
        0.5,
        -1.5,
      ],
      [
        -0.210467,
        -0.005824,
        -0.791388,
      ],
      13,
    ],
  ],
  "events": [
    [
      "swing",
      0.7,
      false,
      -1,
    ],
    [
      "stagger",
      [
        -0.509532,
        0.004042,
        -0.793953,
      ],
      0,
    ],
    [
      "strike",
      "sailor",
      [
        0,
        0.5,
        -1.5,
      ],
      0.5,
      false,
    ],
    [
      "swing",
      0.7,
      false,
      1,
    ],
    [
      "stagger",
      [
        0.461846,
        -0.015436,
        -0.822472,
      ],
      0,
    ],
    [
      "strike",
      "sailor",
      [
        0,
        0.5,
        -1.5,
      ],
      0.5,
      false,
    ],
    [
      "swing",
      0.85,
      false,
      -1,
    ],
    [
      "stagger",
      [
        -0.314879,
        0.012831,
        -0.776651,
      ],
      0.25,
    ],
    [
      "strike",
      "sailor",
      [
        0,
        0.5,
        -1.5,
      ],
      0.75,
      false,
    ],
    [
      "swing",
      1,
      true,
      -1,
    ],
    [
      "stagger",
      [
        -0.210467,
        -0.005824,
        -0.791388,
      ],
      1,
    ],
    [
      "strike",
      "sailor",
      [
        0,
        0.5,
        -1.5,
      ],
      1,
      false,
    ],
  ],
  "frames": 600,
  "hash": 3820438559,
  "hits": [
    [
      5,
      12,
      [
        0,
        0.5,
        -1.5,
      ],
      [
        -0.71548,
        0.011431,
        -0.698539,
      ],
    ],
    [
      20,
      12,
      [
        0,
        0.5,
        -1.5,
      ],
      [
        0.673304,
        0,
        -0.739366,
      ],
    ],
    [
      38,
      16,
      [
        0,
        0.5,
        -1.5,
      ],
      [
        -0.516625,
        -0.105869,
        -0.849641,
      ],
    ],
    [
      138,
      24,
      [
        0,
        0.5,
        -1.5,
      ],
      [
        -0.359306,
        -0.260789,
        -0.89604,
      ],
    ],
  ],
  "stops": [
    0.06,
    0.06,
    0.09,
    0.14,
  ],
}
`;

exports[`trusted SDK swept contact family > preserves supplied rigs, every dynamic view buffer, combo/heavy timing and debris (portrait=true) > iron:boar 1`] = `
{
  "context": "weapon.melee",
  "debris": [
    [
      "sand",
      [
        0,
        0.05,
        -1.5,
      ],
      [
        -0.509532,
        0.004042,
        -0.793953,
      ],
      10,
    ],
    [
      "sand",
      [
        0,
        0.05,
        -1.5,
      ],
      [
        0.461846,
        -0.015436,
        -0.822472,
      ],
      10,
    ],
    [
      "sand",
      [
        0,
        0.05,
        -1.5,
      ],
      [
        -0.314879,
        0.012831,
        -0.776651,
      ],
      10,
    ],
    [
      "sand",
      [
        0,
        0.05,
        -1.5,
      ],
      [
        -0.210467,
        -0.005824,
        -0.791388,
      ],
      16,
    ],
  ],
  "events": [
    [
      "swing",
      0.7,
      false,
      -1,
    ],
    [
      "stagger",
      [
        -0.509532,
        0.004042,
        -0.793953,
      ],
      0,
    ],
    [
      "strike",
      "boar",
      [
        0,
        0.5,
        -1.5,
      ],
      0.5,
      false,
    ],
    [
      "swing",
      0.7,
      false,
      1,
    ],
    [
      "stagger",
      [
        0.461846,
        -0.015436,
        -0.822472,
      ],
      0,
    ],
    [
      "strike",
      "boar",
      [
        0,
        0.5,
        -1.5,
      ],
      0.5,
      false,
    ],
    [
      "swing",
      0.85,
      false,
      -1,
    ],
    [
      "stagger",
      [
        -0.314879,
        0.012831,
        -0.776651,
      ],
      0.25,
    ],
    [
      "strike",
      "boar",
      [
        0,
        0.5,
        -1.5,
      ],
      0.75,
      false,
    ],
    [
      "swing",
      1,
      true,
      -1,
    ],
    [
      "stagger",
      [
        -0.210467,
        -0.005824,
        -0.791388,
      ],
      1,
    ],
    [
      "strike",
      "boar",
      [
        0,
        0.5,
        -1.5,
      ],
      1,
      false,
    ],
  ],
  "frames": 600,
  "hash": 3386375889,
  "hits": [
    [
      5,
      28,
      [
        0,
        0.5,
        -1.5,
      ],
      [
        -0.71548,
        0.011431,
        -0.698539,
      ],
    ],
    [
      20,
      28,
      [
        0,
        0.5,
        -1.5,
      ],
      [
        0.673304,
        0,
        -0.739366,
      ],
    ],
    [
      38,
      37,
      [
        0,
        0.5,
        -1.5,
      ],
      [
        -0.516625,
        -0.105869,
        -0.849641,
      ],
    ],
    [
      138,
      56,
      [
        0,
        0.5,
        -1.5,
      ],
      [
        -0.359306,
        -0.260789,
        -0.89604,
      ],
    ],
  ],
  "stops": [
    0.06,
    0.06,
    0.09,
    0.14,
  ],
}
`;

exports[`trusted SDK swept contact family > preserves supplied rigs, every dynamic view buffer, combo/heavy timing and debris (portrait=true) > iron:crab 1`] = `
{
  "context": "weapon.melee",
  "debris": [
    [
      "shell",
      [
        0,
        0.5,
        -1.5,
      ],
      [
        -0.509532,
        0.004042,
        -0.793953,
      ],
      9,
    ],
    [
      "sparks",
      [
        0,
        0.5,
        -1.5,
      ],
      [
        -0.509532,
        0.004042,
        -0.793953,
      ],
      10,
    ],
    [
      "shell",
      [
        0,
        0.5,
        -1.5,
      ],
      [
        0.461846,
        -0.015436,
        -0.822472,
      ],
      9,
    ],
    [
      "sparks",
      [
        0,
        0.5,
        -1.5,
      ],
      [
        0.461846,
        -0.015436,
        -0.822472,
      ],
      10,
    ],
    [
      "shell",
      [
        0,
        0.5,
        -1.5,
      ],
      [
        -0.314879,
        0.012831,
        -0.776651,
      ],
      9,
    ],
    [
      "sparks",
      [
        0,
        0.5,
        -1.5,
      ],
      [
        -0.314879,
        0.012831,
        -0.776651,
      ],
      10,
    ],
    [
      "shell",
      [
        0,
        0.5,
        -1.5,
      ],
      [
        -0.210467,
        -0.005824,
        -0.791388,
      ],
      14,
    ],
    [
      "sparks",
      [
        0,
        0.5,
        -1.5,
      ],
      [
        -0.210467,
        -0.005824,
        -0.791388,
      ],
      16,
    ],
  ],
  "events": [
    [
      "swing",
      0.7,
      false,
      -1,
    ],
    [
      "stagger",
      [
        -0.509532,
        0.004042,
        -0.793953,
      ],
      0,
    ],
    [
      "strike",
      "crab",
      [
        0,
        0.5,
        -1.5,
      ],
      0.5,
      false,
    ],
    [
      "swing",
      0.7,
      false,
      1,
    ],
    [
      "stagger",
      [
        0.461846,
        -0.015436,
        -0.822472,
      ],
      0,
    ],
    [
      "strike",
      "crab",
      [
        0,
        0.5,
        -1.5,
      ],
      0.5,
      false,
    ],
    [
      "swing",
      0.85,
      false,
      -1,
    ],
    [
      "stagger",
      [
        -0.314879,
        0.012831,
        -0.776651,
      ],
      0.25,
    ],
    [
      "strike",
      "crab",
      [
        0,
        0.5,
        -1.5,
      ],
      0.75,
      false,
    ],
    [
      "swing",
      1,
      true,
      -1,
    ],
    [
      "stagger",
      [
        -0.210467,
        -0.005824,
        -0.791388,
      ],
      1,
    ],
    [
      "strike",
      "crab",
      [
        0,
        0.5,
        -1.5,
      ],
      1,
      false,
    ],
  ],
  "frames": 600,
  "hash": 3386375889,
  "hits": [
    [
      5,
      28,
      [
        0,
        0.5,
        -1.5,
      ],
      [
        -0.71548,
        0.011431,
        -0.698539,
      ],
    ],
    [
      20,
      28,
      [
        0,
        0.5,
        -1.5,
      ],
      [
        0.673304,
        0,
        -0.739366,
      ],
    ],
    [
      38,
      37,
      [
        0,
        0.5,
        -1.5,
      ],
      [
        -0.516625,
        -0.105869,
        -0.849641,
      ],
    ],
    [
      138,
      56,
      [
        0,
        0.5,
        -1.5,
      ],
      [
        -0.359306,
        -0.260789,
        -0.89604,
      ],
    ],
  ],
  "stops": [
    0.06,
    0.06,
    0.09,
    0.14,
  ],
}
`;

exports[`trusted SDK swept contact family > preserves supplied rigs, every dynamic view buffer, combo/heavy timing and debris (portrait=true) > iron:sailor 1`] = `
{
  "context": "weapon.melee",
  "debris": [
    [
      "wood",
      [
        0,
        0.5,
        -1.5,
      ],
      [
        -0.509532,
        0.004042,
        -0.793953,
      ],
      8,
    ],
    [
      "sparks",
      [
        0,
        0.5,
        -1.5,
      ],
      [
        -0.509532,
        0.004042,
        -0.793953,
      ],
      10,
    ],
    [
      "wood",
      [
        0,
        0.5,
        -1.5,
      ],
      [
        0.461846,
        -0.015436,
        -0.822472,
      ],
      8,
    ],
    [
      "sparks",
      [
        0,
        0.5,
        -1.5,
      ],
      [
        0.461846,
        -0.015436,
        -0.822472,
      ],
      10,
    ],
    [
      "wood",
      [
        0,
        0.5,
        -1.5,
      ],
      [
        -0.314879,
        0.012831,
        -0.776651,
      ],
      8,
    ],
    [
      "sparks",
      [
        0,
        0.5,
        -1.5,
      ],
      [
        -0.314879,
        0.012831,
        -0.776651,
      ],
      10,
    ],
    [
      "wood",
      [
        0,
        0.5,
        -1.5,
      ],
      [
        -0.210467,
        -0.005824,
        -0.791388,
      ],
      13,
    ],
    [
      "sparks",
      [
        0,
        0.5,
        -1.5,
      ],
      [
        -0.210467,
        -0.005824,
        -0.791388,
      ],
      16,
    ],
  ],
  "events": [
    [
      "swing",
      0.7,
      false,
      -1,
    ],
    [
      "stagger",
      [
        -0.509532,
        0.004042,
        -0.793953,
      ],
      0,
    ],
    [
      "strike",
      "sailor",
      [
        0,
        0.5,
        -1.5,
      ],
      0.5,
      false,
    ],
    [
      "swing",
      0.7,
      false,
      1,
    ],
    [
      "stagger",
      [
        0.461846,
        -0.015436,
        -0.822472,
      ],
      0,
    ],
    [
      "strike",
      "sailor",
      [
        0,
        0.5,
        -1.5,
      ],
      0.5,
      false,
    ],
    [
      "swing",
      0.85,
      false,
      -1,
    ],
    [
      "stagger",
      [
        -0.314879,
        0.012831,
        -0.776651,
      ],
      0.25,
    ],
    [
      "strike",
      "sailor",
      [
        0,
        0.5,
        -1.5,
      ],
      0.75,
      false,
    ],
    [
      "swing",
      1,
      true,
      -1,
    ],
    [
      "stagger",
      [
        -0.210467,
        -0.005824,
        -0.791388,
      ],
      1,
    ],
    [
      "strike",
      "sailor",
      [
        0,
        0.5,
        -1.5,
      ],
      1,
      false,
    ],
  ],
  "frames": 600,
  "hash": 3386375889,
  "hits": [
    [
      5,
      28,
      [
        0,
        0.5,
        -1.5,
      ],
      [
        -0.71548,
        0.011431,
        -0.698539,
      ],
    ],
    [
      20,
      28,
      [
        0,
        0.5,
        -1.5,
      ],
      [
        0.673304,
        0,
        -0.739366,
      ],
    ],
    [
      38,
      37,
      [
        0,
        0.5,
        -1.5,
      ],
      [
        -0.516625,
        -0.105869,
        -0.849641,
      ],
    ],
    [
      138,
      56,
      [
        0,
        0.5,
        -1.5,
      ],
      [
        -0.359306,
        -0.260789,
        -0.89604,
      ],
    ],
  ],
  "stops": [
    0.06,
    0.06,
    0.09,
    0.14,
  ],
}
`;

exports[`trusted SDK swept contact family > preserves supplied rigs, every dynamic view buffer, combo/heavy timing and debris (portrait=true) > wood:boar 1`] = `
{
  "context": "weapon.melee",
  "debris": [
    [
      "sand",
      [
        0,
        0.05,
        -1.5,
      ],
      [
        -0.509532,
        0.004042,
        -0.793953,
      ],
      10,
    ],
    [
      "sand",
      [
        0,
        0.05,
        -1.5,
      ],
      [
        0.461846,
        -0.015436,
        -0.822472,
      ],
      10,
    ],
    [
      "sand",
      [
        0,
        0.05,
        -1.5,
      ],
      [
        -0.314879,
        0.012831,
        -0.776651,
      ],
      10,
    ],
    [
      "sand",
      [
        0,
        0.05,
        -1.5,
      ],
      [
        -0.210467,
        -0.005824,
        -0.791388,
      ],
      16,
    ],
  ],
  "events": [
    [
      "swing",
      0.7,
      false,
      -1,
    ],
    [
      "stagger",
      [
        -0.509532,
        0.004042,
        -0.793953,
      ],
      0,
    ],
    [
      "strike",
      "boar",
      [
        0,
        0.5,
        -1.5,
      ],
      0.5,
      false,
    ],
    [
      "swing",
      0.7,
      false,
      1,
    ],
    [
      "stagger",
      [
        0.461846,
        -0.015436,
        -0.822472,
      ],
      0,
    ],
    [
      "strike",
      "boar",
      [
        0,
        0.5,
        -1.5,
      ],
      0.5,
      false,
    ],
    [
      "swing",
      0.85,
      false,
      -1,
    ],
    [
      "stagger",
      [
        -0.314879,
        0.012831,
        -0.776651,
      ],
      0.25,
    ],
    [
      "strike",
      "boar",
      [
        0,
        0.5,
        -1.5,
      ],
      0.75,
      false,
    ],
    [
      "swing",
      1,
      true,
      -1,
    ],
    [
      "stagger",
      [
        -0.210467,
        -0.005824,
        -0.791388,
      ],
      1,
    ],
    [
      "strike",
      "boar",
      [
        0,
        0.5,
        -1.5,
      ],
      1,
      false,
    ],
  ],
  "frames": 600,
  "hash": 3386375889,
  "hits": [
    [
      5,
      12,
      [
        0,
        0.5,
        -1.5,
      ],
      [
        -0.71548,
        0.011431,
        -0.698539,
      ],
    ],
    [
      20,
      12,
      [
        0,
        0.5,
        -1.5,
      ],
      [
        0.673304,
        0,
        -0.739366,
      ],
    ],
    [
      38,
      16,
      [
        0,
        0.5,
        -1.5,
      ],
      [
        -0.516625,
        -0.105869,
        -0.849641,
      ],
    ],
    [
      138,
      24,
      [
        0,
        0.5,
        -1.5,
      ],
      [
        -0.359306,
        -0.260789,
        -0.89604,
      ],
    ],
  ],
  "stops": [
    0.06,
    0.06,
    0.09,
    0.14,
  ],
}
`;

exports[`trusted SDK swept contact family > preserves supplied rigs, every dynamic view buffer, combo/heavy timing and debris (portrait=true) > wood:crab 1`] = `
{
  "context": "weapon.melee",
  "debris": [
    [
      "shell",
      [
        0,
        0.5,
        -1.5,
      ],
      [
        -0.509532,
        0.004042,
        -0.793953,
      ],
      9,
    ],
    [
      "shell",
      [
        0,
        0.5,
        -1.5,
      ],
      [
        0.461846,
        -0.015436,
        -0.822472,
      ],
      9,
    ],
    [
      "shell",
      [
        0,
        0.5,
        -1.5,
      ],
      [
        -0.314879,
        0.012831,
        -0.776651,
      ],
      9,
    ],
    [
      "shell",
      [
        0,
        0.5,
        -1.5,
      ],
      [
        -0.210467,
        -0.005824,
        -0.791388,
      ],
      14,
    ],
  ],
  "events": [
    [
      "swing",
      0.7,
      false,
      -1,
    ],
    [
      "stagger",
      [
        -0.509532,
        0.004042,
        -0.793953,
      ],
      0,
    ],
    [
      "strike",
      "crab",
      [
        0,
        0.5,
        -1.5,
      ],
      0.5,
      false,
    ],
    [
      "swing",
      0.7,
      false,
      1,
    ],
    [
      "stagger",
      [
        0.461846,
        -0.015436,
        -0.822472,
      ],
      0,
    ],
    [
      "strike",
      "crab",
      [
        0,
        0.5,
        -1.5,
      ],
      0.5,
      false,
    ],
    [
      "swing",
      0.85,
      false,
      -1,
    ],
    [
      "stagger",
      [
        -0.314879,
        0.012831,
        -0.776651,
      ],
      0.25,
    ],
    [
      "strike",
      "crab",
      [
        0,
        0.5,
        -1.5,
      ],
      0.75,
      false,
    ],
    [
      "swing",
      1,
      true,
      -1,
    ],
    [
      "stagger",
      [
        -0.210467,
        -0.005824,
        -0.791388,
      ],
      1,
    ],
    [
      "strike",
      "crab",
      [
        0,
        0.5,
        -1.5,
      ],
      1,
      false,
    ],
  ],
  "frames": 600,
  "hash": 3386375889,
  "hits": [
    [
      5,
      12,
      [
        0,
        0.5,
        -1.5,
      ],
      [
        -0.71548,
        0.011431,
        -0.698539,
      ],
    ],
    [
      20,
      12,
      [
        0,
        0.5,
        -1.5,
      ],
      [
        0.673304,
        0,
        -0.739366,
      ],
    ],
    [
      38,
      16,
      [
        0,
        0.5,
        -1.5,
      ],
      [
        -0.516625,
        -0.105869,
        -0.849641,
      ],
    ],
    [
      138,
      24,
      [
        0,
        0.5,
        -1.5,
      ],
      [
        -0.359306,
        -0.260789,
        -0.89604,
      ],
    ],
  ],
  "stops": [
    0.06,
    0.06,
    0.09,
    0.14,
  ],
}
`;

exports[`trusted SDK swept contact family > preserves supplied rigs, every dynamic view buffer, combo/heavy timing and debris (portrait=true) > wood:sailor 1`] = `
{
  "context": "weapon.melee",
  "debris": [
    [
      "wood",
      [
        0,
        0.5,
        -1.5,
      ],
      [
        -0.509532,
        0.004042,
        -0.793953,
      ],
      8,
    ],
    [
      "wood",
      [
        0,
        0.5,
        -1.5,
      ],
      [
        0.461846,
        -0.015436,
        -0.822472,
      ],
      8,
    ],
    [
      "wood",
      [
        0,
        0.5,
        -1.5,
      ],
      [
        -0.314879,
        0.012831,
        -0.776651,
      ],
      8,
    ],
    [
      "wood",
      [
        0,
        0.5,
        -1.5,
      ],
      [
        -0.210467,
        -0.005824,
        -0.791388,
      ],
      13,
    ],
  ],
  "events": [
    [
      "swing",
      0.7,
      false,
      -1,
    ],
    [
      "stagger",
      [
        -0.509532,
        0.004042,
        -0.793953,
      ],
      0,
    ],
    [
      "strike",
      "sailor",
      [
        0,
        0.5,
        -1.5,
      ],
      0.5,
      false,
    ],
    [
      "swing",
      0.7,
      false,
      1,
    ],
    [
      "stagger",
      [
        0.461846,
        -0.015436,
        -0.822472,
      ],
      0,
    ],
    [
      "strike",
      "sailor",
      [
        0,
        0.5,
        -1.5,
      ],
      0.5,
      false,
    ],
    [
      "swing",
      0.85,
      false,
      -1,
    ],
    [
      "stagger",
      [
        -0.314879,
        0.012831,
        -0.776651,
      ],
      0.25,
    ],
    [
      "strike",
      "sailor",
      [
        0,
        0.5,
        -1.5,
      ],
      0.75,
      false,
    ],
    [
      "swing",
      1,
      true,
      -1,
    ],
    [
      "stagger",
      [
        -0.210467,
        -0.005824,
        -0.791388,
      ],
      1,
    ],
    [
      "strike",
      "sailor",
      [
        0,
        0.5,
        -1.5,
      ],
      1,
      false,
    ],
  ],
  "frames": 600,
  "hash": 3386375889,
  "hits": [
    [
      5,
      12,
      [
        0,
        0.5,
        -1.5,
      ],
      [
        -0.71548,
        0.011431,
        -0.698539,
      ],
    ],
    [
      20,
      12,
      [
        0,
        0.5,
        -1.5,
      ],
      [
        0.673304,
        0,
        -0.739366,
      ],
    ],
    [
      38,
      16,
      [
        0,
        0.5,
        -1.5,
      ],
      [
        -0.516625,
        -0.105869,
        -0.849641,
      ],
    ],
    [
      138,
      24,
      [
        0,
        0.5,
        -1.5,
      ],
      [
        -0.359306,
        -0.260789,
        -0.89604,
      ],
    ],
  ],
  "stops": [
    0.06,
    0.06,
    0.09,
    0.14,
  ],
}
`;
