// Vitest Snapshot v1, https://vitest.dev/guide/snapshot.html

exports[`trusted SDK swept contact family > preserves starter identity checks when a profile supplies equivalent custom moves (portrait=false) 1`] = `
{
  "context": "weapon.melee",
  "debris": [
    [
      "wood",
      [
        0,
        0.5,
        -1.5,
      ],
      [
        -0.5095315647268778,
        0.004041682445153012,
        -0.7939529264068446,
      ],
      8,
    ],
    [
      "sparks",
      [
        0,
        0.5,
        -1.5,
      ],
      [
        -0.5095315647268778,
        0.004041682445153012,
        -0.7939529264068446,
      ],
      10,
    ],
    [
      "wood",
      [
        0,
        0.5,
        -1.5,
      ],
      [
        0.46184556277477495,
        -0.015435533497125592,
        -0.8224721396198842,
      ],
      8,
    ],
    [
      "sparks",
      [
        0,
        0.5,
        -1.5,
      ],
      [
        0.46184556277477495,
        -0.015435533497125592,
        -0.8224721396198842,
      ],
      10,
    ],
    [
      "wood",
      [
        0,
        0.5,
        -1.5,
      ],
      [
        -0.31487898158400696,
        0.01283083030426187,
        -0.7766508847289895,
      ],
      8,
    ],
    [
      "sparks",
      [
        0,
        0.5,
        -1.5,
      ],
      [
        -0.31487898158400696,
        0.01283083030426187,
        -0.7766508847289895,
      ],
      10,
    ],
    [
      "wood",
      [
        0,
        0.5,
        -1.5,
      ],
      [
        -0.21046684456420453,
        -0.005824450975123774,
        -0.7913878841061602,
      ],
      13,
    ],
    [
      "sparks",
      [
        0,
        0.5,
        -1.5,
      ],
      [
        -0.21046684456420453,
        -0.005824450975123774,
        -0.7913878841061602,
      ],
      16,
    ],
  ],
  "events": [
    [
      "swing",
      0.7,
      false,
      -1,
    ],
    [
      "stagger",
      [
        -0.5095315647268778,
        0.004041682445153012,
        -0.7939529264068446,
      ],
      0,
    ],
    [
      "strike",
      "sailor",
      [
        0,
        0.5,
        -1.5,
      ],
      0.5,
      false,
    ],
    [
      "swing",
      0.7,
      false,
      1,
    ],
    [
      "stagger",
      [
        0.46184556277477495,
        -0.015435533497125592,
        -0.8224721396198842,
      ],
      0,
    ],
    [
      "strike",
      "sailor",
      [
        0,
        0.5,
        -1.5,
      ],
      0.5,
      false,
    ],
    [
      "swing",
      0.7,
      false,
      -1,
    ],
    [
      "stagger",
      [
        -0.31487898158400696,
        0.01283083030426187,
        -0.7766508847289895,
      ],
      0.25,
    ],
    [
      "strike",
      "sailor",
      [
        0,
        0.5,
        -1.5,
      ],
      0.5,
      false,
    ],
    [
      "swing",
      1,
      true,
      -1,
    ],
    [
      "stagger",
      [
        -0.21046684456420453,
        -0.005824450975123774,
        -0.7913878841061602,
      ],
      1,
    ],
    [
      "strike",
      "sailor",
      [
        0,
        0.5,
        -1.5,
      ],
      1,
      false,
    ],
  ],
  "frames": 600,
  "hash": 2029230108,
  "hits": [
    [
      5,
      28,
      [
        0,
        0.5,
        -1.5,
      ],
      [
        -0.7154802316938808,
        0.011431230800767791,
        -0.6985394512965251,
      ],
    ],
    [
      20,
      28,
      [
        0,
        0.5,
        -1.5,
      ],
      [
        0.673303645770964,
        0,
        -0.7393660802278722,
      ],
    ],
    [
      38,
      37,
      [
        0,
        0.5,
        -1.5,
      ],
      [
        -0.5166250666097949,
        -0.10586880783848236,
        -0.8496412984767651,
      ],
    ],
    [
      138,
      56,
      [
        0,
        0.5,
        -1.5,
      ],
      [
        -0.3593064148343852,
        -0.2607892816719102,
        -0.8960400944287648,
      ],
    ],
  ],
  "stops": [
    0.06,
    0.06,
    0.09,
    0.14,
  ],
}
`;

exports[`trusted SDK swept contact family > preserves starter identity checks when a profile supplies equivalent custom moves (portrait=true) 1`] = `
{
  "context": "weapon.melee",
  "debris": [
    [
      "wood",
      [
        0,
        0.5,
        -1.5,
      ],
      [
        -0.5095315647268778,
        0.004041682445153012,
        -0.7939529264068446,
      ],
      8,
    ],
    [
      "sparks",
      [
        0,
        0.5,
        -1.5,
      ],
      [
        -0.5095315647268778,
        0.004041682445153012,
        -0.7939529264068446,
      ],
      10,
    ],
    [
      "wood",
      [
        0,
        0.5,
        -1.5,
      ],
      [
        0.46184556277477495,
        -0.015435533497125592,
        -0.8224721396198842,
      ],
      8,
    ],
    [
      "sparks",
      [
        0,
        0.5,
        -1.5,
      ],
      [
        0.46184556277477495,
        -0.015435533497125592,
        -0.8224721396198842,
      ],
      10,
    ],
    [
      "wood",
      [
        0,
        0.5,
        -1.5,
      ],
      [
        -0.31487898158400696,
        0.01283083030426187,
        -0.7766508847289895,
      ],
      8,
    ],
    [
      "sparks",
      [
        0,
        0.5,
        -1.5,
      ],
      [
        -0.31487898158400696,
        0.01283083030426187,
        -0.7766508847289895,
      ],
      10,
    ],
    [
      "wood",
      [
        0,
        0.5,
        -1.5,
      ],
      [
        -0.21046684456420453,
        -0.005824450975123774,
        -0.7913878841061602,
      ],
      13,
    ],
    [
      "sparks",
      [
        0,
        0.5,
        -1.5,
      ],
      [
        -0.21046684456420453,
        -0.005824450975123774,
        -0.7913878841061602,
      ],
      16,
    ],
  ],
  "events": [
    [
      "swing",
      0.7,
      false,
      -1,
    ],
    [
      "stagger",
      [
        -0.5095315647268778,
        0.004041682445153012,
        -0.7939529264068446,
      ],
      0,
    ],
    [
      "strike",
      "sailor",
      [
        0,
        0.5,
        -1.5,
      ],
      0.5,
      false,
    ],
    [
      "swing",
      0.7,
      false,
      1,
    ],
    [
      "stagger",
      [
        0.46184556277477495,
        -0.015435533497125592,
        -0.8224721396198842,
      ],
      0,
    ],
    [
      "strike",
      "sailor",
      [
        0,
        0.5,
        -1.5,
      ],
      0.5,
      false,
    ],
    [
      "swing",
      0.7,
      false,
      -1,
    ],
    [
      "stagger",
      [
        -0.31487898158400696,
        0.01283083030426187,
        -0.7766508847289895,
      ],
      0.25,
    ],
    [
      "strike",
      "sailor",
      [
        0,
        0.5,
        -1.5,
      ],
      0.5,
      false,
    ],
    [
      "swing",
      1,
      true,
      -1,
    ],
    [
      "stagger",
      [
        -0.21046684456420453,
        -0.005824450975123774,
        -0.7913878841061602,
      ],
      1,
    ],
    [
      "strike",
      "sailor",
      [
        0,
        0.5,
        -1.5,
      ],
      1,
      false,
    ],
  ],
  "frames": 600,
  "hash": 1409403553,
  "hits": [
    [
      5,
      28,
      [
        0,
        0.5,
        -1.5,
      ],
      [
        -0.7154802316938808,
        0.011431230800767791,
        -0.6985394512965251,
      ],
    ],
    [
      20,
      28,
      [
        0,
        0.5,
        -1.5,
      ],
      [
        0.673303645770964,
        0,
        -0.7393660802278722,
      ],
    ],
    [
      38,
      37,
      [
        0,
        0.5,
        -1.5,
      ],
      [
        -0.5166250666097949,
        -0.10586880783848236,
        -0.8496412984767651,
      ],
    ],
    [
      138,
      56,
      [
        0,
        0.5,
        -1.5,
      ],
      [
        -0.3593064148343852,
        -0.2607892816719102,
        -0.8960400944287648,
      ],
    ],
  ],
  "stops": [
    0.06,
    0.06,
    0.09,
    0.14,
  ],
}
`;

exports[`trusted SDK swept contact family > preserves supplied rigs, every dynamic view buffer, combo/heavy timing and debris (portrait=false) > iron:boar 1`] = `
{
  "context": "weapon.melee",
  "debris": [
    [
      "sand",
      [
        0,
        0.05,
        -1.5,
      ],
      [
        -0.5095315647268778,
        0.004041682445153012,
        -0.7939529264068446,
      ],
      10,
    ],
    [
      "sand",
      [
        0,
        0.05,
        -1.5,
      ],
      [
        0.46184556277477495,
        -0.015435533497125592,
        -0.8224721396198842,
      ],
      10,
    ],
    [
      "sand",
      [
        0,
        0.05,
        -1.5,
      ],
      [
        -0.31487898158400696,
        0.01283083030426187,
        -0.7766508847289895,
      ],
      10,
    ],
    [
      "sand",
      [
        0,
        0.05,
        -1.5,
      ],
      [
        -0.21046684456420453,
        -0.005824450975123774,
        -0.7913878841061602,
      ],
      16,
    ],
  ],
  "events": [
    [
      "swing",
      0.7,
      false,
      -1,
    ],
    [
      "stagger",
      [
        -0.5095315647268778,
        0.004041682445153012,
        -0.7939529264068446,
      ],
      0,
    ],
    [
      "strike",
      "boar",
      [
        0,
        0.5,
        -1.5,
      ],
      0.5,
      false,
    ],
    [
      "swing",
      0.7,
      false,
      1,
    ],
    [
      "stagger",
      [
        0.46184556277477495,
        -0.015435533497125592,
        -0.8224721396198842,
      ],
      0,
    ],
    [
      "strike",
      "boar",
      [
        0,
        0.5,
        -1.5,
      ],
      0.5,
      false,
    ],
    [
      "swing",
      0.85,
      false,
      -1,
    ],
    [
      "stagger",
      [
        -0.31487898158400696,
        0.01283083030426187,
        -0.7766508847289895,
      ],
      0.25,
    ],
    [
      "strike",
      "boar",
      [
        0,
        0.5,
        -1.5,
      ],
      0.75,
      false,
    ],
    [
      "swing",
      1,
      true,
      -1,
    ],
    [
      "stagger",
      [
        -0.21046684456420453,
        -0.005824450975123774,
        -0.7913878841061602,
      ],
      1,
    ],
    [
      "strike",
      "boar",
      [
        0,
        0.5,
        -1.5,
      ],
      1,
      false,
    ],
  ],
  "frames": 600,
  "hash": 2029230108,
  "hits": [
    [
      5,
      28,
      [
        0,
        0.5,
        -1.5,
      ],
      [
        -0.7154802316938808,
        0.011431230800767791,
        -0.6985394512965251,
      ],
    ],
    [
      20,
      28,
      [
        0,
        0.5,
        -1.5,
      ],
      [
        0.673303645770964,
        0,
        -0.7393660802278722,
      ],
    ],
    [
      38,
      37,
      [
        0,
        0.5,
        -1.5,
      ],
      [
        -0.5166250666097949,
        -0.10586880783848236,
        -0.8496412984767651,
      ],
    ],
    [
      138,
      56,
      [
        0,
        0.5,
        -1.5,
      ],
      [
        -0.3593064148343852,
        -0.2607892816719102,
        -0.8960400944287648,
      ],
    ],
  ],
  "stops": [
    0.06,
    0.06,
    0.09,
    0.14,
  ],
}
`;

exports[`trusted SDK swept contact family > preserves supplied rigs, every dynamic view buffer, combo/heavy timing and debris (portrait=false) > iron:crab 1`] = `
{
  "context": "weapon.melee",
  "debris": [
    [
      "shell",
      [
        0,
        0.5,
        -1.5,
      ],
      [
        -0.5095315647268778,
        0.004041682445153012,
        -0.7939529264068446,
      ],
      9,
    ],
    [
      "sparks",
      [
        0,
        0.5,
        -1.5,
      ],
      [
        -0.5095315647268778,
        0.004041682445153012,
        -0.7939529264068446,
      ],
      10,
    ],
    [
      "shell",
      [
        0,
        0.5,
        -1.5,
      ],
      [
        0.46184556277477495,
        -0.015435533497125592,
        -0.8224721396198842,
      ],
      9,
    ],
    [
      "sparks",
      [
        0,
        0.5,
        -1.5,
      ],
      [
        0.46184556277477495,
        -0.015435533497125592,
        -0.8224721396198842,
      ],
      10,
    ],
    [
      "shell",
      [
        0,
        0.5,
        -1.5,
      ],
      [
        -0.31487898158400696,
        0.01283083030426187,
        -0.7766508847289895,
      ],
      9,
    ],
    [
      "sparks",
      [
        0,
        0.5,
        -1.5,
      ],
      [
        -0.31487898158400696,
        0.01283083030426187,
        -0.7766508847289895,
      ],
      10,
    ],
    [
      "shell",
      [
        0,
        0.5,
        -1.5,
      ],
      [
        -0.21046684456420453,
        -0.005824450975123774,
        -0.7913878841061602,
      ],
      14,
    ],
    [
      "sparks",
      [
        0,
        0.5,
        -1.5,
      ],
      [
        -0.21046684456420453,
        -0.005824450975123774,
        -0.7913878841061602,
      ],
      16,
    ],
  ],
  "events": [
    [
      "swing",
      0.7,
      false,
      -1,
    ],
    [
      "stagger",
      [
        -0.5095315647268778,
        0.004041682445153012,
        -0.7939529264068446,
      ],
      0,
    ],
    [
      "strike",
      "crab",
      [
        0,
        0.5,
        -1.5,
      ],
      0.5,
      false,
    ],
    [
      "swing",
      0.7,
      false,
      1,
    ],
    [
      "stagger",
      [
        0.46184556277477495,
        -0.015435533497125592,
        -0.8224721396198842,
      ],
      0,
    ],
    [
      "strike",
      "crab",
      [
        0,
        0.5,
        -1.5,
      ],
      0.5,
      false,
    ],
    [
      "swing",
      0.85,
      false,
      -1,
    ],
    [
      "stagger",
      [
        -0.31487898158400696,
        0.01283083030426187,
        -0.7766508847289895,
      ],
      0.25,
    ],
    [
      "strike",
      "crab",
      [
        0,
        0.5,
        -1.5,
      ],
      0.75,
      false,
    ],
    [
      "swing",
      1,
      true,
      -1,
    ],
    [
      "stagger",
      [
        -0.21046684456420453,
        -0.005824450975123774,
        -0.7913878841061602,
      ],
      1,
    ],
    [
      "strike",
      "crab",
      [
        0,
        0.5,
        -1.5,
      ],
      1,
      false,
    ],
  ],
  "frames": 600,
  "hash": 2029230108,
  "hits": [
    [
      5,
      28,
      [
        0,
        0.5,
        -1.5,
      ],
      [
        -0.7154802316938808,
        0.011431230800767791,
        -0.6985394512965251,
      ],
    ],
    [
      20,
      28,
      [
        0,
        0.5,
        -1.5,
      ],
      [
        0.673303645770964,
        0,
        -0.7393660802278722,
      ],
    ],
    [
      38,
      37,
      [
        0,
        0.5,
        -1.5,
      ],
      [
        -0.5166250666097949,
        -0.10586880783848236,
        -0.8496412984767651,
      ],
    ],
    [
      138,
      56,
      [
        0,
        0.5,
        -1.5,
      ],
      [
        -0.3593064148343852,
        -0.2607892816719102,
        -0.8960400944287648,
      ],
    ],
  ],
  "stops": [
    0.06,
    0.06,
    0.09,
    0.14,
  ],
}
`;

exports[`trusted SDK swept contact family > preserves supplied rigs, every dynamic view buffer, combo/heavy timing and debris (portrait=false) > iron:sailor 1`] = `
{
  "context": "weapon.melee",
  "debris": [
    [
      "wood",
      [
        0,
        0.5,
        -1.5,
      ],
      [
        -0.5095315647268778,
        0.004041682445153012,
        -0.7939529264068446,
      ],
      8,
    ],
    [
      "sparks",
      [
        0,
        0.5,
        -1.5,
      ],
      [
        -0.5095315647268778,
        0.004041682445153012,
        -0.7939529264068446,
      ],
      10,
    ],
    [
      "wood",
      [
        0,
        0.5,
        -1.5,
      ],
      [
        0.46184556277477495,
        -0.015435533497125592,
        -0.8224721396198842,
      ],
      8,
    ],
    [
      "sparks",
      [
        0,
        0.5,
        -1.5,
      ],
      [
        0.46184556277477495,
        -0.015435533497125592,
        -0.8224721396198842,
      ],
      10,
    ],
    [
      "wood",
      [
        0,
        0.5,
        -1.5,
      ],
      [
        -0.31487898158400696,
        0.01283083030426187,
        -0.7766508847289895,
      ],
      8,
    ],
    [
      "sparks",
      [
        0,
        0.5,
        -1.5,
      ],
      [
        -0.31487898158400696,
        0.01283083030426187,
        -0.7766508847289895,
      ],
      10,
    ],
    [
      "wood",
      [
        0,
        0.5,
        -1.5,
      ],
      [
        -0.21046684456420453,
        -0.005824450975123774,
        -0.7913878841061602,
      ],
      13,
    ],
    [
      "sparks",
      [
        0,
        0.5,
        -1.5,
      ],
      [
        -0.21046684456420453,
        -0.005824450975123774,
        -0.7913878841061602,
      ],
      16,
    ],
  ],
  "events": [
    [
      "swing",
      0.7,
      false,
      -1,
    ],
    [
      "stagger",
      [
        -0.5095315647268778,
        0.004041682445153012,
        -0.7939529264068446,
      ],
      0,
    ],
    [
      "strike",
      "sailor",
      [
        0,
        0.5,
        -1.5,
      ],
      0.5,
      false,
    ],
    [
      "swing",
      0.7,
      false,
      1,
    ],
    [
      "stagger",
      [
        0.46184556277477495,
        -0.015435533497125592,
        -0.8224721396198842,
      ],
      0,
    ],
    [
      "strike",
      "sailor",
      [
        0,
        0.5,
        -1.5,
      ],
      0.5,
      false,
    ],
    [
      "swing",
      0.85,
      false,
      -1,
    ],
    [
      "stagger",
      [
        -0.31487898158400696,
        0.01283083030426187,
        -0.7766508847289895,
      ],
      0.25,
    ],
    [
      "strike",
      "sailor",
      [
        0,
        0.5,
        -1.5,
      ],
      0.75,
      false,
    ],
    [
      "swing",
      1,
      true,
      -1,
    ],
    [
      "stagger",
      [
        -0.21046684456420453,
        -0.005824450975123774,
        -0.7913878841061602,
      ],
      1,
    ],
    [
      "strike",
      "sailor",
      [
        0,
        0.5,
        -1.5,
      ],
      1,
      false,
    ],
  ],
  "frames": 600,
  "hash": 2029230108,
  "hits": [
    [
      5,
      28,
      [
        0,
        0.5,
        -1.5,
      ],
      [
        -0.7154802316938808,
        0.011431230800767791,
        -0.6985394512965251,
      ],
    ],
    [
      20,
      28,
      [
        0,
        0.5,
        -1.5,
      ],
      [
        0.673303645770964,
        0,
        -0.7393660802278722,
      ],
    ],
    [
      38,
      37,
      [
        0,
        0.5,
        -1.5,
      ],
      [
        -0.5166250666097949,
        -0.10586880783848236,
        -0.8496412984767651,
      ],
    ],
    [
      138,
      56,
      [
        0,
        0.5,
        -1.5,
      ],
      [
        -0.3593064148343852,
        -0.2607892816719102,
        -0.8960400944287648,
      ],
    ],
  ],
  "stops": [
    0.06,
    0.06,
    0.09,
    0.14,
  ],
}
`;

exports[`trusted SDK swept contact family > preserves supplied rigs, every dynamic view buffer, combo/heavy timing and debris (portrait=false) > wood:boar 1`] = `
{
  "context": "weapon.melee",
  "debris": [
    [
      "sand",
      [
        0,
        0.05,
        -1.5,
      ],
      [
        -0.5095315647268778,
        0.004041682445153012,
        -0.7939529264068446,
      ],
      10,
    ],
    [
      "sand",
      [
        0,
        0.05,
        -1.5,
      ],
      [
        0.46184556277477495,
        -0.015435533497125592,
        -0.8224721396198842,
      ],
      10,
    ],
    [
      "sand",
      [
        0,
        0.05,
        -1.5,
      ],
      [
        -0.31487898158400696,
        0.01283083030426187,
        -0.7766508847289895,
      ],
      10,
    ],
    [
      "sand",
      [
        0,
        0.05,
        -1.5,
      ],
      [
        -0.21046684456420453,
        -0.005824450975123774,
        -0.7913878841061602,
      ],
      16,
    ],
  ],
  "events": [
    [
      "swing",
      0.7,
      false,
      -1,
    ],
    [
      "stagger",
      [
        -0.5095315647268778,
        0.004041682445153012,
        -0.7939529264068446,
      ],
      0,
    ],
    [
      "strike",
      "boar",
      [
        0,
        0.5,
        -1.5,
      ],
      0.5,
      false,
    ],
    [
      "swing",
      0.7,
      false,
      1,
    ],
    [
      "stagger",
      [
        0.46184556277477495,
        -0.015435533497125592,
        -0.8224721396198842,
      ],
      0,
    ],
    [
      "strike",
      "boar",
      [
        0,
        0.5,
        -1.5,
      ],
      0.5,
      false,
    ],
    [
      "swing",
      0.85,
      false,
      -1,
    ],
    [
      "stagger",
      [
        -0.31487898158400696,
        0.01283083030426187,
        -0.7766508847289895,
      ],
      0.25,
    ],
    [
      "strike",
      "boar",
      [
        0,
        0.5,
        -1.5,
      ],
      0.75,
      false,
    ],
    [
      "swing",
      1,
      true,
      -1,
    ],
    [
      "stagger",
      [
        -0.21046684456420453,
        -0.005824450975123774,
        -0.7913878841061602,
      ],
      1,
    ],
    [
      "strike",
      "boar",
      [
        0,
        0.5,
        -1.5,
      ],
      1,
      false,
    ],
  ],
  "frames": 600,
  "hash": 2029230108,
  "hits": [
    [
      5,
      12,
      [
        0,
        0.5,
        -1.5,
      ],
      [
        -0.7154802316938808,
        0.011431230800767791,
        -0.6985394512965251,
      ],
    ],
    [
      20,
      12,
      [
        0,
        0.5,
        -1.5,
      ],
      [
        0.673303645770964,
        0,
        -0.7393660802278722,
      ],
    ],
    [
      38,
      16,
      [
        0,
        0.5,
        -1.5,
      ],
      [
        -0.5166250666097949,
        -0.10586880783848236,
        -0.8496412984767651,
      ],
    ],
    [
      138,
      24,
      [
        0,
        0.5,
        -1.5,
      ],
      [
        -0.3593064148343852,
        -0.2607892816719102,
        -0.8960400944287648,
      ],
    ],
  ],
  "stops": [
    0.06,
    0.06,
    0.09,
    0.14,
  ],
}
`;

exports[`trusted SDK swept contact family > preserves supplied rigs, every dynamic view buffer, combo/heavy timing and debris (portrait=false) > wood:crab 1`] = `
{
  "context": "weapon.melee",
  "debris": [
    [
      "shell",
      [
        0,
        0.5,
        -1.5,
      ],
      [
        -0.5095315647268778,
        0.004041682445153012,
        -0.7939529264068446,
      ],
      9,
    ],
    [
      "shell",
      [
        0,
        0.5,
        -1.5,
      ],
      [
        0.46184556277477495,
        -0.015435533497125592,
        -0.8224721396198842,
      ],
      9,
    ],
    [
      "shell",
      [
        0,
        0.5,
        -1.5,
      ],
      [
        -0.31487898158400696,
        0.01283083030426187,
        -0.7766508847289895,
      ],
      9,
    ],
    [
      "shell",
      [
        0,
        0.5,
        -1.5,
      ],
      [
        -0.21046684456420453,
        -0.005824450975123774,
        -0.7913878841061602,
      ],
      14,
    ],
  ],
  "events": [
    [
      "swing",
      0.7,
      false,
      -1,
    ],
    [
      "stagger",
      [
        -0.5095315647268778,
        0.004041682445153012,
        -0.7939529264068446,
      ],
      0,
    ],
    [
      "strike",
      "crab",
      [
        0,
        0.5,
        -1.5,
      ],
      0.5,
      false,
    ],
    [
      "swing",
      0.7,
      false,
      1,
    ],
    [
      "stagger",
      [
        0.46184556277477495,
        -0.015435533497125592,
        -0.8224721396198842,
      ],
      0,
    ],
    [
      "strike",
      "crab",
      [
        0,
        0.5,
        -1.5,
      ],
      0.5,
      false,
    ],
    [
      "swing",
      0.85,
      false,
      -1,
    ],
    [
      "stagger",
      [
        -0.31487898158400696,
        0.01283083030426187,
        -0.7766508847289895,
      ],
      0.25,
    ],
    [
      "strike",
      "crab",
      [
        0,
        0.5,
        -1.5,
      ],
      0.75,
      false,
    ],
    [
      "swing",
      1,
      true,
      -1,
    ],
    [
      "stagger",
      [
        -0.21046684456420453,
        -0.005824450975123774,
        -0.7913878841061602,
      ],
      1,
    ],
    [
      "strike",
      "crab",
      [
        0,
        0.5,
        -1.5,
      ],
      1,
      false,
    ],
  ],
  "frames": 600,
  "hash": 2029230108,
  "hits": [
    [
      5,
      12,
      [
        0,
        0.5,
        -1.5,
      ],
      [
        -0.7154802316938808,
        0.011431230800767791,
        -0.6985394512965251,
      ],
    ],
    [
      20,
      12,
      [
        0,
        0.5,
        -1.5,
      ],
      [
        0.673303645770964,
        0,
        -0.7393660802278722,
      ],
    ],
    [
      38,
      16,
      [
        0,
        0.5,
        -1.5,
      ],
      [
        -0.5166250666097949,
        -0.10586880783848236,
        -0.8496412984767651,
      ],
    ],
    [
      138,
      24,
      [
        0,
        0.5,
        -1.5,
      ],
      [
        -0.3593064148343852,
        -0.2607892816719102,
        -0.8960400944287648,
      ],
    ],
  ],
  "stops": [
    0.06,
    0.06,
    0.09,
    0.14,
  ],
}
`;

exports[`trusted SDK swept contact family > preserves supplied rigs, every dynamic view buffer, combo/heavy timing and debris (portrait=false) > wood:sailor 1`] = `
{
  "context": "weapon.melee",
  "debris": [
    [
      "wood",
      [
        0,
        0.5,
        -1.5,
      ],
      [
        -0.5095315647268778,
        0.004041682445153012,
        -0.7939529264068446,
      ],
      8,
    ],
    [
      "wood",
      [
        0,
        0.5,
        -1.5,
      ],
      [
        0.46184556277477495,
        -0.015435533497125592,
        -0.8224721396198842,
      ],
      8,
    ],
    [
      "wood",
      [
        0,
        0.5,
        -1.5,
      ],
      [
        -0.31487898158400696,
        0.01283083030426187,
        -0.7766508847289895,
      ],
      8,
    ],
    [
      "wood",
      [
        0,
        0.5,
        -1.5,
      ],
      [
        -0.21046684456420453,
        -0.005824450975123774,
        -0.7913878841061602,
      ],
      13,
    ],
  ],
  "events": [
    [
      "swing",
      0.7,
      false,
      -1,
    ],
    [
      "stagger",
      [
        -0.5095315647268778,
        0.004041682445153012,
        -0.7939529264068446,
      ],
      0,
    ],
    [
      "strike",
      "sailor",
      [
        0,
        0.5,
        -1.5,
      ],
      0.5,
      false,
    ],
    [
      "swing",
      0.7,
      false,
      1,
    ],
    [
      "stagger",
      [
        0.46184556277477495,
        -0.015435533497125592,
        -0.8224721396198842,
      ],
      0,
    ],
    [
      "strike",
      "sailor",
      [
        0,
        0.5,
        -1.5,
      ],
      0.5,
      false,
    ],
    [
      "swing",
      0.85,
      false,
      -1,
    ],
    [
      "stagger",
      [
        -0.31487898158400696,
        0.01283083030426187,
        -0.7766508847289895,
      ],
      0.25,
    ],
    [
      "strike",
      "sailor",
      [
        0,
        0.5,
        -1.5,
      ],
      0.75,
      false,
    ],
    [
      "swing",
      1,
      true,
      -1,
    ],
    [
      "stagger",
      [
        -0.21046684456420453,
        -0.005824450975123774,
        -0.7913878841061602,
      ],
      1,
    ],
    [
      "strike",
      "sailor",
      [
        0,
        0.5,
        -1.5,
      ],
      1,
      false,
    ],
  ],
  "frames": 600,
  "hash": 2029230108,
  "hits": [
    [
      5,
      12,
      [
        0,
        0.5,
        -1.5,
      ],
      [
        -0.7154802316938808,
        0.011431230800767791,
        -0.6985394512965251,
      ],
    ],
    [
      20,
      12,
      [
        0,
        0.5,
        -1.5,
      ],
      [
        0.673303645770964,
        0,
        -0.7393660802278722,
      ],
    ],
    [
      38,
      16,
      [
        0,
        0.5,
        -1.5,
      ],
      [
        -0.5166250666097949,
        -0.10586880783848236,
        -0.8496412984767651,
      ],
    ],
    [
      138,
      24,
      [
        0,
        0.5,
        -1.5,
      ],
      [
        -0.3593064148343852,
        -0.2607892816719102,
        -0.8960400944287648,
      ],
    ],
  ],
  "stops": [
    0.06,
    0.06,
    0.09,
    0.14,
  ],
}
`;

exports[`trusted SDK swept contact family > preserves supplied rigs, every dynamic view buffer, combo/heavy timing and debris (portrait=true) > iron:boar 1`] = `
{
  "context": "weapon.melee",
  "debris": [
    [
      "sand",
      [
        0,
        0.05,
        -1.5,
      ],
      [
        -0.5095315647268778,
        0.004041682445153012,
        -0.7939529264068446,
      ],
      10,
    ],
    [
      "sand",
      [
        0,
        0.05,
        -1.5,
      ],
      [
        0.46184556277477495,
        -0.015435533497125592,
        -0.8224721396198842,
      ],
      10,
    ],
    [
      "sand",
      [
        0,
        0.05,
        -1.5,
      ],
      [
        -0.31487898158400696,
        0.01283083030426187,
        -0.7766508847289895,
      ],
      10,
    ],
    [
      "sand",
      [
        0,
        0.05,
        -1.5,
      ],
      [
        -0.21046684456420453,
        -0.005824450975123774,
        -0.7913878841061602,
      ],
      16,
    ],
  ],
  "events": [
    [
      "swing",
      0.7,
      false,
      -1,
    ],
    [
      "stagger",
      [
        -0.5095315647268778,
        0.004041682445153012,
        -0.7939529264068446,
      ],
      0,
    ],
    [
      "strike",
      "boar",
      [
        0,
        0.5,
        -1.5,
      ],
      0.5,
      false,
    ],
    [
      "swing",
      0.7,
      false,
      1,
    ],
    [
      "stagger",
      [
        0.46184556277477495,
        -0.015435533497125592,
        -0.8224721396198842,
      ],
      0,
    ],
    [
      "strike",
      "boar",
      [
        0,
        0.5,
        -1.5,
      ],
      0.5,
      false,
    ],
    [
      "swing",
      0.85,
      false,
      -1,
    ],
    [
      "stagger",
      [
        -0.31487898158400696,
        0.01283083030426187,
        -0.7766508847289895,
      ],
      0.25,
    ],
    [
      "strike",
      "boar",
      [
        0,
        0.5,
        -1.5,
      ],
      0.75,
      false,
    ],
    [
      "swing",
      1,
      true,
      -1,
    ],
    [
      "stagger",
      [
        -0.21046684456420453,
        -0.005824450975123774,
        -0.7913878841061602,
      ],
      1,
    ],
    [
      "strike",
      "boar",
      [
        0,
        0.5,
        -1.5,
      ],
      1,
      false,
    ],
  ],
  "frames": 600,
  "hash": 1409403553,
  "hits": [
    [
      5,
      28,
      [
        0,
        0.5,
        -1.5,
      ],
      [
        -0.7154802316938808,
        0.011431230800767791,
        -0.6985394512965251,
      ],
    ],
    [
      20,
      28,
      [
        0,
        0.5,
        -1.5,
      ],
      [
        0.673303645770964,
        0,
        -0.7393660802278722,
      ],
    ],
    [
      38,
      37,
      [
        0,
        0.5,
        -1.5,
      ],
      [
        -0.5166250666097949,
        -0.10586880783848236,
        -0.8496412984767651,
      ],
    ],
    [
      138,
      56,
      [
        0,
        0.5,
        -1.5,
      ],
      [
        -0.3593064148343852,
        -0.2607892816719102,
        -0.8960400944287648,
      ],
    ],
  ],
  "stops": [
    0.06,
    0.06,
    0.09,
    0.14,
  ],
}
`;

exports[`trusted SDK swept contact family > preserves supplied rigs, every dynamic view buffer, combo/heavy timing and debris (portrait=true) > iron:crab 1`] = `
{
  "context": "weapon.melee",
  "debris": [
    [
      "shell",
      [
        0,
        0.5,
        -1.5,
      ],
      [
        -0.5095315647268778,
        0.004041682445153012,
        -0.7939529264068446,
      ],
      9,
    ],
    [
      "sparks",
      [
        0,
        0.5,
        -1.5,
      ],
      [
        -0.5095315647268778,
        0.004041682445153012,
        -0.7939529264068446,
      ],
      10,
    ],
    [
      "shell",
      [
        0,
        0.5,
        -1.5,
      ],
      [
        0.46184556277477495,
        -0.015435533497125592,
        -0.8224721396198842,
      ],
      9,
    ],
    [
      "sparks",
      [
        0,
        0.5,
        -1.5,
      ],
      [
        0.46184556277477495,
        -0.015435533497125592,
        -0.8224721396198842,
      ],
      10,
    ],
    [
      "shell",
      [
        0,
        0.5,
        -1.5,
      ],
      [
        -0.31487898158400696,
        0.01283083030426187,
        -0.7766508847289895,
      ],
      9,
    ],
    [
      "sparks",
      [
        0,
        0.5,
        -1.5,
      ],
      [
        -0.31487898158400696,
        0.01283083030426187,
        -0.7766508847289895,
      ],
      10,
    ],
    [
      "shell",
      [
        0,
        0.5,
        -1.5,
      ],
      [
        -0.21046684456420453,
        -0.005824450975123774,
        -0.7913878841061602,
      ],
      14,
    ],
    [
      "sparks",
      [
        0,
        0.5,
        -1.5,
      ],
      [
        -0.21046684456420453,
        -0.005824450975123774,
        -0.7913878841061602,
      ],
      16,
    ],
  ],
  "events": [
    [
      "swing",
      0.7,
      false,
      -1,
    ],
    [
      "stagger",
      [
        -0.5095315647268778,
        0.004041682445153012,
        -0.7939529264068446,
      ],
      0,
    ],
    [
      "strike",
      "crab",
      [
        0,
        0.5,
        -1.5,
      ],
      0.5,
      false,
    ],
    [
      "swing",
      0.7,
      false,
      1,
    ],
    [
      "stagger",
      [
        0.46184556277477495,
        -0.015435533497125592,
        -0.8224721396198842,
      ],
      0,
    ],
    [
      "strike",
      "crab",
      [
        0,
        0.5,
        -1.5,
      ],
      0.5,
      false,
    ],
    [
      "swing",
      0.85,
      false,
      -1,
    ],
    [
      "stagger",
      [
        -0.31487898158400696,
        0.01283083030426187,
        -0.7766508847289895,
      ],
      0.25,
    ],
    [
      "strike",
      "crab",
      [
        0,
        0.5,
        -1.5,
      ],
      0.75,
      false,
    ],
    [
      "swing",
      1,
      true,
      -1,
    ],
    [
      "stagger",
      [
        -0.21046684456420453,
        -0.005824450975123774,
        -0.7913878841061602,
      ],
      1,
    ],
    [
      "strike",
      "crab",
      [
        0,
        0.5,
        -1.5,
      ],
      1,
      false,
    ],
  ],
  "frames": 600,
  "hash": 1409403553,
  "hits": [
    [
      5,
      28,
      [
        0,
        0.5,
        -1.5,
      ],
      [
        -0.7154802316938808,
        0.011431230800767791,
        -0.6985394512965251,
      ],
    ],
    [
      20,
      28,
      [
        0,
        0.5,
        -1.5,
      ],
      [
        0.673303645770964,
        0,
        -0.7393660802278722,
      ],
    ],
    [
      38,
      37,
      [
        0,
        0.5,
        -1.5,
      ],
      [
        -0.5166250666097949,
        -0.10586880783848236,
        -0.8496412984767651,
      ],
    ],
    [
      138,
      56,
      [
        0,
        0.5,
        -1.5,
      ],
      [
        -0.3593064148343852,
        -0.2607892816719102,
        -0.8960400944287648,
      ],
    ],
  ],
  "stops": [
    0.06,
    0.06,
    0.09,
    0.14,
  ],
}
`;

exports[`trusted SDK swept contact family > preserves supplied rigs, every dynamic view buffer, combo/heavy timing and debris (portrait=true) > iron:sailor 1`] = `
{
  "context": "weapon.melee",
  "debris": [
    [
      "wood",
      [
        0,
        0.5,
        -1.5,
      ],
      [
        -0.5095315647268778,
        0.004041682445153012,
        -0.7939529264068446,
      ],
      8,
    ],
    [
      "sparks",
      [
        0,
        0.5,
        -1.5,
      ],
      [
        -0.5095315647268778,
        0.004041682445153012,
        -0.7939529264068446,
      ],
      10,
    ],
    [
      "wood",
      [
        0,
        0.5,
        -1.5,
      ],
      [
        0.46184556277477495,
        -0.015435533497125592,
        -0.8224721396198842,
      ],
      8,
    ],
    [
      "sparks",
      [
        0,
        0.5,
        -1.5,
      ],
      [
        0.46184556277477495,
        -0.015435533497125592,
        -0.8224721396198842,
      ],
      10,
    ],
    [
      "wood",
      [
        0,
        0.5,
        -1.5,
      ],
      [
        -0.31487898158400696,
        0.01283083030426187,
        -0.7766508847289895,
      ],
      8,
    ],
    [
      "sparks",
      [
        0,
        0.5,
        -1.5,
      ],
      [
        -0.31487898158400696,
        0.01283083030426187,
        -0.7766508847289895,
      ],
      10,
    ],
    [
      "wood",
      [
        0,
        0.5,
        -1.5,
      ],
      [
        -0.21046684456420453,
        -0.005824450975123774,
        -0.7913878841061602,
      ],
      13,
    ],
    [
      "sparks",
      [
        0,
        0.5,
        -1.5,
      ],
      [
        -0.21046684456420453,
        -0.005824450975123774,
        -0.7913878841061602,
      ],
      16,
    ],
  ],
  "events": [
    [
      "swing",
      0.7,
      false,
      -1,
    ],
    [
      "stagger",
      [
        -0.5095315647268778,
        0.004041682445153012,
        -0.7939529264068446,
      ],
      0,
    ],
    [
      "strike",
      "sailor",
      [
        0,
        0.5,
        -1.5,
      ],
      0.5,
      false,
    ],
    [
      "swing",
      0.7,
      false,
      1,
    ],
    [
      "stagger",
      [
        0.46184556277477495,
        -0.015435533497125592,
        -0.8224721396198842,
      ],
      0,
    ],
    [
      "strike",
      "sailor",
      [
        0,
        0.5,
        -1.5,
      ],
      0.5,
      false,
    ],
    [
      "swing",
      0.85,
      false,
      -1,
    ],
    [
      "stagger",
      [
        -0.31487898158400696,
        0.01283083030426187,
        -0.7766508847289895,
      ],
      0.25,
    ],
    [
      "strike",
      "sailor",
      [
        0,
        0.5,
        -1.5,
      ],
      0.75,
      false,
    ],
    [
      "swing",
      1,
      true,
      -1,
    ],
    [
      "stagger",
      [
        -0.21046684456420453,
        -0.005824450975123774,
        -0.7913878841061602,
      ],
      1,
    ],
    [
      "strike",
      "sailor",
      [
        0,
        0.5,
        -1.5,
      ],
      1,
      false,
    ],
  ],
  "frames": 600,
  "hash": 1409403553,
  "hits": [
    [
      5,
      28,
      [
        0,
        0.5,
        -1.5,
      ],
      [
        -0.7154802316938808,
        0.011431230800767791,
        -0.6985394512965251,
      ],
    ],
    [
      20,
      28,
      [
        0,
        0.5,
        -1.5,
      ],
      [
        0.673303645770964,
        0,
        -0.7393660802278722,
      ],
    ],
    [
      38,
      37,
      [
        0,
        0.5,
        -1.5,
      ],
      [
        -0.5166250666097949,
        -0.10586880783848236,
        -0.8496412984767651,
      ],
    ],
    [
      138,
      56,
      [
        0,
        0.5,
        -1.5,
      ],
      [
        -0.3593064148343852,
        -0.2607892816719102,
        -0.8960400944287648,
      ],
    ],
  ],
  "stops": [
    0.06,
    0.06,
    0.09,
    0.14,
  ],
}
`;

exports[`trusted SDK swept contact family > preserves supplied rigs, every dynamic view buffer, combo/heavy timing and debris (portrait=true) > wood:boar 1`] = `
{
  "context": "weapon.melee",
  "debris": [
    [
      "sand",
      [
        0,
        0.05,
        -1.5,
      ],
      [
        -0.5095315647268778,
        0.004041682445153012,
        -0.7939529264068446,
      ],
      10,
    ],
    [
      "sand",
      [
        0,
        0.05,
        -1.5,
      ],
      [
        0.46184556277477495,
        -0.015435533497125592,
        -0.8224721396198842,
      ],
      10,
    ],
    [
      "sand",
      [
        0,
        0.05,
        -1.5,
      ],
      [
        -0.31487898158400696,
        0.01283083030426187,
        -0.7766508847289895,
      ],
      10,
    ],
    [
      "sand",
      [
        0,
        0.05,
        -1.5,
      ],
      [
        -0.21046684456420453,
        -0.005824450975123774,
        -0.7913878841061602,
      ],
      16,
    ],
  ],
  "events": [
    [
      "swing",
      0.7,
      false,
      -1,
    ],
    [
      "stagger",
      [
        -0.5095315647268778,
        0.004041682445153012,
        -0.7939529264068446,
      ],
      0,
    ],
    [
      "strike",
      "boar",
      [
        0,
        0.5,
        -1.5,
      ],
      0.5,
      false,
    ],
    [
      "swing",
      0.7,
      false,
      1,
    ],
    [
      "stagger",
      [
        0.46184556277477495,
        -0.015435533497125592,
        -0.8224721396198842,
      ],
      0,
    ],
    [
      "strike",
      "boar",
      [
        0,
        0.5,
        -1.5,
      ],
      0.5,
      false,
    ],
    [
      "swing",
      0.85,
      false,
      -1,
    ],
    [
      "stagger",
      [
        -0.31487898158400696,
        0.01283083030426187,
        -0.7766508847289895,
      ],
      0.25,
    ],
    [
      "strike",
      "boar",
      [
        0,
        0.5,
        -1.5,
      ],
      0.75,
      false,
    ],
    [
      "swing",
      1,
      true,
      -1,
    ],
    [
      "stagger",
      [
        -0.21046684456420453,
        -0.005824450975123774,
        -0.7913878841061602,
      ],
      1,
    ],
    [
      "strike",
      "boar",
      [
        0,
        0.5,
        -1.5,
      ],
      1,
      false,
    ],
  ],
  "frames": 600,
  "hash": 1409403553,
  "hits": [
    [
      5,
      12,
      [
        0,
        0.5,
        -1.5,
      ],
      [
        -0.7154802316938808,
        0.011431230800767791,
        -0.6985394512965251,
      ],
    ],
    [
      20,
      12,
      [
        0,
        0.5,
        -1.5,
      ],
      [
        0.673303645770964,
        0,
        -0.7393660802278722,
      ],
    ],
    [
      38,
      16,
      [
        0,
        0.5,
        -1.5,
      ],
      [
        -0.5166250666097949,
        -0.10586880783848236,
        -0.8496412984767651,
      ],
    ],
    [
      138,
      24,
      [
        0,
        0.5,
        -1.5,
      ],
      [
        -0.3593064148343852,
        -0.2607892816719102,
        -0.8960400944287648,
      ],
    ],
  ],
  "stops": [
    0.06,
    0.06,
    0.09,
    0.14,
  ],
}
`;

exports[`trusted SDK swept contact family > preserves supplied rigs, every dynamic view buffer, combo/heavy timing and debris (portrait=true) > wood:crab 1`] = `
{
  "context": "weapon.melee",
  "debris": [
    [
      "shell",
      [
        0,
        0.5,
        -1.5,
      ],
      [
        -0.5095315647268778,
        0.004041682445153012,
        -0.7939529264068446,
      ],
      9,
    ],
    [
      "shell",
      [
        0,
        0.5,
        -1.5,
      ],
      [
        0.46184556277477495,
        -0.015435533497125592,
        -0.8224721396198842,
      ],
      9,
    ],
    [
      "shell",
      [
        0,
        0.5,
        -1.5,
      ],
      [
        -0.31487898158400696,
        0.01283083030426187,
        -0.7766508847289895,
      ],
      9,
    ],
    [
      "shell",
      [
        0,
        0.5,
        -1.5,
      ],
      [
        -0.21046684456420453,
        -0.005824450975123774,
        -0.7913878841061602,
      ],
      14,
    ],
  ],
  "events": [
    [
      "swing",
      0.7,
      false,
      -1,
    ],
    [
      "stagger",
      [
        -0.5095315647268778,
        0.004041682445153012,
        -0.7939529264068446,
      ],
      0,
    ],
    [
      "strike",
      "crab",
      [
        0,
        0.5,
        -1.5,
      ],
      0.5,
      false,
    ],
    [
      "swing",
      0.7,
      false,
      1,
    ],
    [
      "stagger",
      [
        0.46184556277477495,
        -0.015435533497125592,
        -0.8224721396198842,
      ],
      0,
    ],
    [
      "strike",
      "crab",
      [
        0,
        0.5,
        -1.5,
      ],
      0.5,
      false,
    ],
    [
      "swing",
      0.85,
      false,
      -1,
    ],
    [
      "stagger",
      [
        -0.31487898158400696,
        0.01283083030426187,
        -0.7766508847289895,
      ],
      0.25,
    ],
    [
      "strike",
      "crab",
      [
        0,
        0.5,
        -1.5,
      ],
      0.75,
      false,
    ],
    [
      "swing",
      1,
      true,
      -1,
    ],
    [
      "stagger",
      [
        -0.21046684456420453,
        -0.005824450975123774,
        -0.7913878841061602,
      ],
      1,
    ],
    [
      "strike",
      "crab",
      [
        0,
        0.5,
        -1.5,
      ],
      1,
      false,
    ],
  ],
  "frames": 600,
  "hash": 1409403553,
  "hits": [
    [
      5,
      12,
      [
        0,
        0.5,
        -1.5,
      ],
      [
        -0.7154802316938808,
        0.011431230800767791,
        -0.6985394512965251,
      ],
    ],
    [
      20,
      12,
      [
        0,
        0.5,
        -1.5,
      ],
      [
        0.673303645770964,
        0,
        -0.7393660802278722,
      ],
    ],
    [
      38,
      16,
      [
        0,
        0.5,
        -1.5,
      ],
      [
        -0.5166250666097949,
        -0.10586880783848236,
        -0.8496412984767651,
      ],
    ],
    [
      138,
      24,
      [
        0,
        0.5,
        -1.5,
      ],
      [
        -0.3593064148343852,
        -0.2607892816719102,
        -0.8960400944287648,
      ],
    ],
  ],
  "stops": [
    0.06,
    0.06,
    0.09,
    0.14,
  ],
}
`;

exports[`trusted SDK swept contact family > preserves supplied rigs, every dynamic view buffer, combo/heavy timing and debris (portrait=true) > wood:sailor 1`] = `
{
  "context": "weapon.melee",
  "debris": [
    [
      "wood",
      [
        0,
        0.5,
        -1.5,
      ],
      [
        -0.5095315647268778,
        0.004041682445153012,
        -0.7939529264068446,
      ],
      8,
    ],
    [
      "wood",
      [
        0,
        0.5,
        -1.5,
      ],
      [
        0.46184556277477495,
        -0.015435533497125592,
        -0.8224721396198842,
      ],
      8,
    ],
    [
      "wood",
      [
        0,
        0.5,
        -1.5,
      ],
      [
        -0.31487898158400696,
        0.01283083030426187,
        -0.7766508847289895,
      ],
      8,
    ],
    [
      "wood",
      [
        0,
        0.5,
        -1.5,
      ],
      [
        -0.21046684456420453,
        -0.005824450975123774,
        -0.7913878841061602,
      ],
      13,
    ],
  ],
  "events": [
    [
      "swing",
      0.7,
      false,
      -1,
    ],
    [
      "stagger",
      [
        -0.5095315647268778,
        0.004041682445153012,
        -0.7939529264068446,
      ],
      0,
    ],
    [
      "strike",
      "sailor",
      [
        0,
        0.5,
        -1.5,
      ],
      0.5,
      false,
    ],
    [
      "swing",
      0.7,
      false,
      1,
    ],
    [
      "stagger",
      [
        0.46184556277477495,
        -0.015435533497125592,
        -0.8224721396198842,
      ],
      0,
    ],
    [
      "strike",
      "sailor",
      [
        0,
        0.5,
        -1.5,
      ],
      0.5,
      false,
    ],
    [
      "swing",
      0.85,
      false,
      -1,
    ],
    [
      "stagger",
      [
        -0.31487898158400696,
        0.01283083030426187,
        -0.7766508847289895,
      ],
      0.25,
    ],
    [
      "strike",
      "sailor",
      [
        0,
        0.5,
        -1.5,
      ],
      0.75,
      false,
    ],
    [
      "swing",
      1,
      true,
      -1,
    ],
    [
      "stagger",
      [
        -0.21046684456420453,
        -0.005824450975123774,
        -0.7913878841061602,
      ],
      1,
    ],
    [
      "strike",
      "sailor",
      [
        0,
        0.5,
        -1.5,
      ],
      1,
      false,
    ],
  ],
  "frames": 600,
  "hash": 1409403553,
  "hits": [
    [
      5,
      12,
      [
        0,
        0.5,
        -1.5,
      ],
      [
        -0.7154802316938808,
        0.011431230800767791,
        -0.6985394512965251,
      ],
    ],
    [
      20,
      12,
      [
        0,
        0.5,
        -1.5,
      ],
      [
        0.673303645770964,
        0,
        -0.7393660802278722,
      ],
    ],
    [
      38,
      16,
      [
        0,
        0.5,
        -1.5,
      ],
      [
        -0.5166250666097949,
        -0.10586880783848236,
        -0.8496412984767651,
      ],
    ],
    [
      138,
      24,
      [
        0,
        0.5,
        -1.5,
      ],
      [
        -0.3593064148343852,
        -0.2607892816719102,
        -0.8960400944287648,
      ],
    ],
  ],
  "stops": [
    0.06,
    0.06,
    0.09,
    0.14,
  ],
}
`;
