// Vitest Snapshot v1, https://vitest.dev/guide/snapshot.html

exports[`the spear on the spear family keeps its pre-SF36 trace > builds the same viewmodel and plays the same scripted twenty seconds of thrusts, throws and the lance 1`] = `
{
  "built": {
    "children": 5,
    "meshes": [
      {
        "geo": 16208.844878061,
        "mat": [
          {
            "blending": 1,
            "color": null,
            "depthWrite": true,
            "emissive": null,
            "name": "nalati-viewmodel",
            "opacity": 1,
            "transparent": true,
            "type": "MeshLambertMaterial",
          },
        ],
        "order": 1000,
        "verts": 17593,
      },
      {
        "geo": 16208.837849843,
        "mat": [
          {
            "blending": 1,
            "color": null,
            "depthWrite": true,
            "emissive": null,
            "name": "nalati-viewmodel",
            "opacity": 1,
            "transparent": true,
            "type": "MeshLambertMaterial",
          },
        ],
        "order": 1000,
        "verts": 17593,
      },
      {
        "geo": 5894.470596136,
        "mat": [
          {
            "blending": 1,
            "color": null,
            "depthWrite": true,
            "emissive": null,
            "name": "nalati-viewmodel",
            "opacity": 1,
            "transparent": true,
            "type": "MeshLambertMaterial",
          },
        ],
        "order": 1000,
        "verts": 6720,
      },
      {
        "geo": 1016.023391586,
        "mat": [
          {
            "blending": 1,
            "color": "ffffff",
            "depthWrite": true,
            "emissive": [
              "000000",
              1,
            ],
            "name": "nalati-steel",
            "opacity": 1,
            "transparent": true,
            "type": "MeshPhysicalMaterial",
          },
        ],
        "order": 1000,
        "verts": 597,
      },
      {
        "geo": 341.760213425,
        "mat": [
          {
            "blending": 1,
            "color": null,
            "depthWrite": true,
            "emissive": null,
            "name": "nalati-viewmodel",
            "opacity": 1,
            "transparent": true,
            "type": "MeshLambertMaterial",
          },
        ],
        "order": 1000,
        "verts": 3966,
      },
      {
        "geo": -929.717622532,
        "mat": [
          {
            "blending": 1,
            "color": null,
            "depthWrite": true,
            "emissive": null,
            "name": "nalati-viewmodel",
            "opacity": 1,
            "transparent": true,
            "type": "MeshLambertMaterial",
          },
        ],
        "order": 1000,
        "verts": 1622,
      },
      {
        "geo": 1098.274109289,
        "mat": [
          {
            "blending": 1,
            "color": "ffffff",
            "depthWrite": true,
            "emissive": [
              "000000",
              1,
            ],
            "name": "nalati-steel",
            "opacity": 1,
            "transparent": true,
            "type": "MeshPhysicalMaterial",
          },
        ],
        "order": 1000,
        "verts": 536,
      },
      {
        "geo": 0,
        "mat": [
          {
            "blending": 1,
            "color": "ffffff",
            "depthWrite": false,
            "emissive": null,
            "name": "",
            "opacity": 1,
            "transparent": true,
            "type": "MeshBasicMaterial",
          },
        ],
        "order": 999,
        "verts": 24,
      },
    ],
  },
  "clock": 19.983333333,
  "eventCount": 73,
  "events": "a66d7dd1",
  "last": {
    "aim": null,
    "fov": 93.93919417,
    "hp": [
      [
        1,
        72,
      ],
      [
        1,
        280,
      ],
      [
        1,
        367,
      ],
    ],
    "i": 1199,
    "javelins": 3,
    "javs": [
      [
        -0.315778911,
        -0.94883281,
        -0.000045038,
        0,
        0.94883281,
        -0.315778941,
        0.000032478,
        0,
        -0.000045038,
        -0.000032478,
        1,
        0,
        3.713707209,
        1.39422667,
        -11.729913712,
        1,
      ],
    ],
    "model": [
      0,
      0,
      0,
      0,
      0,
      0,
      1,
      1,
    ],
    "moveScale": 1,
    "out": 1,
    "parts": [
      [
        "Mesh",
        1,
        0.106173916,
        -0.965882237,
        -0.512204628,
        0.677243594,
        -0,
        0.395614354,
        0.620346997,
        0.8704,
        0.8704,
        1000,
        [
          {
            "blending": 1,
            "color": null,
            "depthWrite": true,
            "emissive": null,
            "name": "nalati-viewmodel",
            "opacity": 1,
            "transparent": true,
            "type": "MeshLambertMaterial",
          },
        ],
      ],
      [
        "Mesh",
        1,
        0.201921794,
        -0.807446054,
        -0.317192739,
        0.879452544,
        0,
        -0.143403438,
        0.453870772,
        0.8704,
        0.8704,
        1000,
        [
          {
            "blending": 1,
            "color": null,
            "depthWrite": true,
            "emissive": null,
            "name": "nalati-viewmodel",
            "opacity": 1,
            "transparent": true,
            "type": "MeshLambertMaterial",
          },
        ],
      ],
      [
        "Group",
        1,
        0.150496664,
        -0.767254657,
        -0.33776,
        -0.581807503,
        -0.298215106,
        0.661125579,
        0.368077097,
        0.8704,
        0.8704,
        0,
        [
          [
            "Mesh",
            1,
            0,
            0,
            0,
            0,
            0,
            0,
            1,
            1,
            1,
            1000,
            [
              {
                "blending": 1,
                "color": null,
                "depthWrite": true,
                "emissive": null,
                "name": "nalati-viewmodel",
                "opacity": 1,
                "transparent": true,
                "type": "MeshLambertMaterial",
              },
            ],
          ],
          [
            "Mesh",
            1,
            0,
            0,
            0,
            0,
            0,
            0,
            1,
            1,
            1,
            1000,
            [
              {
                "blending": 1,
                "color": "ffffff",
                "depthWrite": true,
                "emissive": [
                  "000000",
                  1,
                ],
                "name": "nalati-steel",
                "opacity": 1,
                "transparent": true,
                "type": "MeshPhysicalMaterial",
              },
            ],
          ],
        ],
      ],
      [
        "Group",
        1,
        0.150496664,
        -0.767254657,
        -0.33776,
        -0.581807503,
        -0.298215106,
        0.661125579,
        0.368077097,
        0.8704,
        0.8704,
        0,
        [
          [
            "Mesh",
            1,
            0,
            0,
            0,
            0,
            0,
            0,
            1,
            1,
            1,
            1000,
            [
              {
                "blending": 1,
                "color": null,
                "depthWrite": true,
                "emissive": null,
                "name": "nalati-viewmodel",
                "opacity": 1,
                "transparent": true,
                "type": "MeshLambertMaterial",
              },
            ],
          ],
          [
            "Group",
            0,
            0,
            0.1,
            0,
            0,
            0,
            0,
            1,
            1,
            1,
            0,
            [
              [
                "Mesh",
                1,
                0,
                0,
                0,
                0,
                0,
                0,
                1,
                1,
                1,
                1000,
                [
                  {
                    "blending": 1,
                    "color": null,
                    "depthWrite": true,
                    "emissive": null,
                    "name": "nalati-viewmodel",
                    "opacity": 1,
                    "transparent": true,
                    "type": "MeshLambertMaterial",
                  },
                ],
              ],
              [
                "Mesh",
                1,
                0,
                0,
                0,
                0,
                0,
                0,
                1,
                1,
                1,
                1000,
                [
                  {
                    "blending": 1,
                    "color": "ffffff",
                    "depthWrite": true,
                    "emissive": [
                      "000000",
                      1,
                    ],
                    "name": "nalati-steel",
                    "opacity": 1,
                    "transparent": true,
                    "type": "MeshPhysicalMaterial",
                  },
                ],
              ],
            ],
          ],
        ],
      ],
      [
        "Mesh",
        1,
        0,
        0,
        0,
        0,
        0,
        0,
        1,
        1,
        1,
        999,
        [
          {
            "blending": 1,
            "color": "ffffff",
            "depthWrite": false,
            "emissive": null,
            "name": "",
            "opacity": 1,
            "transparent": true,
            "type": "MeshBasicMaterial",
          },
        ],
      ],
    ],
    "scene": [
      [
        "Mesh",
        1,
        0,
        0,
        0,
        0,
        0,
        0,
        1,
        1,
        1,
        0,
        [
          {
            "blending": 1,
            "color": null,
            "depthWrite": true,
            "emissive": null,
            "name": "",
            "opacity": 1,
            "transparent": false,
            "type": "MeshLambertMaterial",
          },
        ],
      ],
    ],
    "state": {
      "ads": false,
      "ammo": 3,
      "bolts": 3,
      "loaded": true,
      "magazine": 3,
      "reloadProgress": 0,
      "reloading": false,
      "reserve": 0,
    },
    "swinging": false,
    "thrusting": false,
    "winding": false,
  },
  "magazine": 3,
  "segments": 3,
  "windows": [
    "a96829a7",
    "ab6a24f1",
    "437b1373",
    "b96753ed",
    "4f3c8daa",
    "c86cd191",
    "a7dd08fa",
    "39c07dc9",
    "c66492d4",
    "88da647c",
    "e3d9074c",
    "9e550c23",
    "cbc6c20a",
    "bf389675",
    "f0b19581",
    "87e7eabf",
    "960387c9",
    "cbf3afa9",
    "3823fec8",
    "6b2ad9d4",
    "80609e6e",
    "9753ee34",
    "c56578dd",
    "e72ba7d6",
    "9e38d0f9",
    "6c29888e",
    "d790ead5",
    "99de3855",
    "556936ac",
    "1e157cd9",
    "b03caa5e",
    "eca1cf3f",
    "d416525c",
    "40774724",
    "0571c646",
    "6d6774cd",
    "8921673a",
    "d5e219bc",
    "cdd2988f",
    "cf313e83",
  ],
}
`;
